Archive member included to satisfy reference by file (symbol)

/home/arduino/ArduinoApps/streamlit-test/.cache/sketch/core/core.a(abi.cpp.o)
                              /home/arduino/ArduinoApps/streamlit-test/.cache/sketch/sketch/sketch.ino.cpp.o (std::__throw_length_error(char const*))
/home/arduino/ArduinoApps/streamlit-test/.cache/sketch/core/core.a(Stream.cpp.o)
                              /home/arduino/ArduinoApps/streamlit-test/.cache/sketch/sketch/sketch.ino.cpp.o (arduino::Stream::setTimeout(unsigned long))
/home/arduino/ArduinoApps/streamlit-test/.cache/sketch/core/core.a(String.cpp.o)
                              /home/arduino/ArduinoApps/streamlit-test/.cache/sketch/sketch/sketch.ino.cpp.o (arduino::String::String(arduino::String&&))
/home/arduino/ArduinoApps/streamlit-test/.cache/sketch/core/core.a(itoa.cpp.o)
                              /home/arduino/ArduinoApps/streamlit-test/.cache/sketch/core/core.a(String.cpp.o) (dtostrf)
/home/arduino/ArduinoApps/streamlit-test/.cache/sketch/core/core.a(main.cpp.o)
                              (main)
/home/arduino/ArduinoApps/streamlit-test/.cache/sketch/core/core.a(new.cpp.o)
                              /home/arduino/ArduinoApps/streamlit-test/.cache/sketch/sketch/sketch.ino.cpp.o (operator new(unsigned int))
/home/arduino/ArduinoApps/streamlit-test/.cache/sketch/core/core.a(threads.cpp.o)
                              /home/arduino/ArduinoApps/streamlit-test/.cache/sketch/core/core.a(main.cpp.o) (start_static_threads())
/home/arduino/ArduinoApps/streamlit-test/.cache/sketch/core/core.a(zephyrCommon.cpp.o)
                              /home/arduino/ArduinoApps/streamlit-test/.cache/sketch/core/core.a(Stream.cpp.o) (millis)
/home/arduino/ArduinoApps/streamlit-test/.cache/sketch/core/core.a(zephyrSerial.cpp.o)
                              /home/arduino/ArduinoApps/streamlit-test/.cache/sketch/sketch/sketch.ino.cpp.o (Serial1)
/home/arduino/ArduinoApps/streamlit-test/.cache/sketch/core/core.a(Common.cpp.o)
                              /home/arduino/ArduinoApps/streamlit-test/.cache/sketch/core/core.a(zephyrCommon.cpp.o) (map(long, long, long, long, long))

Discarded input sections

 .group         0x0000000000000000        0x8 /home/arduino/ArduinoApps/streamlit-test/.cache/sketch/sketch/sketch.ino.cpp.o
 .group         0x0000000000000000        0x8 /home/arduino/ArduinoApps/streamlit-test/.cache/sketch/sketch/sketch.ino.cpp.o
 .group         0x0000000000000000        0x8 /home/arduino/ArduinoApps/streamlit-test/.cache/sketch/sketch/sketch.ino.cpp.o
 .group         0x0000000000000000        0x8 /home/arduino/ArduinoApps/streamlit-test/.cache/sketch/sketch/sketch.ino.cpp.o
 .group         0x0000000000000000       0x10 /home/arduino/ArduinoApps/streamlit-test/.cache/sketch/sketch/sketch.ino.cpp.o
 .group         0x0000000000000000        0x8 /home/arduino/ArduinoApps/streamlit-test/.cache/sketch/sketch/sketch.ino.cpp.o
 .group         0x0000000000000000       0x24 /home/arduino/ArduinoApps/streamlit-test/.cache/sketch/sketch/sketch.ino.cpp.o
 .group         0x0000000000000000        0xc /home/arduino/ArduinoApps/streamlit-test/.cache/sketch/sketch/sketch.ino.cpp.o
 .group         0x0000000000000000        0xc /home/arduino/ArduinoApps/streamlit-test/.cache/sketch/sketch/sketch.ino.cpp.o
 .group         0x0000000000000000        0xc /home/arduino/ArduinoApps/streamlit-test/.cache/sketch/sketch/sketch.ino.cpp.o
 .group         0x0000000000000000        0x8 /home/arduino/ArduinoApps/streamlit-test/.cache/sketch/sketch/sketch.ino.cpp.o
 .group         0x0000000000000000        0xc /home/arduino/ArduinoApps/streamlit-test/.cache/sketch/sketch/sketch.ino.cpp.o
 .group         0x0000000000000000        0xc /home/arduino/ArduinoApps/streamlit-test/.cache/sketch/sketch/sketch.ino.cpp.o
 .group         0x0000000000000000        0x8 /home/arduino/ArduinoApps/streamlit-test/.cache/sketch/sketch/sketch.ino.cpp.o
 .group         0x0000000000000000       0x14 /home/arduino/ArduinoApps/streamlit-test/.cache/sketch/sketch/sketch.ino.cpp.o
 .group         0x0000000000000000        0x8 /home/arduino/ArduinoApps/streamlit-test/.cache/sketch/sketch/sketch.ino.cpp.o
 .group         0x0000000000000000        0x8 /home/arduino/ArduinoApps/streamlit-test/.cache/sketch/sketch/sketch.ino.cpp.o
 .group         0x0000000000000000        0x8 /home/arduino/ArduinoApps/streamlit-test/.cache/sketch/sketch/sketch.ino.cpp.o
 .group         0x0000000000000000        0xc /home/arduino/ArduinoApps/streamlit-test/.cache/sketch/sketch/sketch.ino.cpp.o
 .group         0x0000000000000000        0x8 /home/arduino/ArduinoApps/streamlit-test/.cache/sketch/sketch/sketch.ino.cpp.o
 .group         0x0000000000000000        0xc /home/arduino/ArduinoApps/streamlit-test/.cache/sketch/sketch/sketch.ino.cpp.o
 .group         0x0000000000000000        0xc /home/arduino/ArduinoApps/streamlit-test/.cache/sketch/sketch/sketch.ino.cpp.o
[...]
Memory Configuration

Name             Origin             Length             Attributes
*default*        0x0000000000000000 0xffffffffffffffff

Linker script and memory map

LOAD /home/arduino/.arduino15/packages/zephyr/tools/arm-zephyr-eabi/0.16.8/bin/../lib/gcc/../../picolibc/arm-zephyr-eabi/lib/thumb/v8-m.main+fp/hard/libstdc++.a
LOAD /home/arduino/.arduino15/packages/zephyr/tools/arm-zephyr-eabi/0.16.8/bin/../lib/gcc/../../picolibc/arm-zephyr-eabi/lib/thumb/v8-m.main+fp/hard/libsupc++.a
LOAD /home/arduino/.arduino15/packages/zephyr/tools/arm-zephyr-eabi/0.16.8/bin/../lib/gcc/arm-zephyr-eabi/12.2.0/../../../../arm-zephyr-eabi/lib/thumb/v8-m.main+fp/hard/libnosys.a
LOAD /home/arduino/ArduinoApps/streamlit-test/.cache/sketch/sketch/sketch.ino.cpp.o
LOAD /home/arduino/ArduinoApps/streamlit-test/.cache/sketch/core/analogReference.cpp.o
START GROUP
LOAD /home/arduino/ArduinoApps/streamlit-test/.cache/sketch/core/core.a
LOAD /home/arduino/.arduino15/packages/zephyr/tools/arm-zephyr-eabi/0.16.8/bin/../lib/gcc/../../picolibc/arm-zephyr-eabi/lib/thumb/v8-m.main+fp/hard/libstdc++.a
LOAD /home/arduino/.arduino15/packages/zephyr/tools/arm-zephyr-eabi/0.16.8/bin/../lib/gcc/../../picolibc/arm-zephyr-eabi/lib/thumb/v8-m.main+fp/hard/libsupc++.a
END GROUP

/DISCARD/
 *(.ARM.attributes)
 *(.ARM.attributes.*)
 *(.ARM.exidx)
 *(.ARM.exidx.*)
 *(.ARM.extidx)
 *(.ARM.extidx.*)
 *(.ARM.extab)
 *(.ARM.extab.*)
 *(.comment)
 *(.comment.*)
 *(.llvmbc)
 *(.llvmcmd)
 *(.eh_frame)
 *stdexcept.o()
 *eh_*.o()
 *cow-stdexcept.o()
 *functexcept.o()
 *cow-string-inst.o()

.text           0x0000000000000000     0x45d8
 *(.text)
 *(.stub)
 *(.text*)
 .text._ZN7arduino5Print17availableForWriteEv
                0x0000000000000000        0x4 /home/arduino/ArduinoApps/streamlit-test/.cache/sketch/sketch/sketch.ino.cpp.o
                0x0000000000000000                arduino::Print::availableForWrite()
 .text._ZN7arduino5Print5flushEv
                0x0000000000000004        0x2 /home/arduino/ArduinoApps/streamlit-test/.cache/sketch/sketch/sketch.ino.cpp.o
                0x0000000000000004                arduino::Print::flush()
 .text._ZN15SerialTransport9availableEv
                0x0000000000000006       0x12 /home/arduino/ArduinoApps/streamlit-test/.cache/sketch/sketch/sketch.ino.cpp.o
                0x0000000000000006                SerialTransport::available()
 .text._ZN15SerialTransport5writeEPKhj
                0x0000000000000018       0x10 /home/arduino/ArduinoApps/streamlit-test/.cache/sketch/sketch/sketch.ino.cpp.o
                0x0000000000000018                SerialTransport::write(unsigned char const*, unsigned int)
 .text._ZN15SerialTransportD2Ev
                0x0000000000000028        0x2 /home/arduino/ArduinoApps/streamlit-test/.cache/sketch/sketch/sketch.ino.cpp.o
                0x0000000000000028                SerialTransport::~SerialTransport()
                0x0000000000000028                SerialTransport::~SerialTransport()
 .text._ZN13BridgeMonitorILj512EE5writeEh
                0x000000000000002a       0x18 /home/arduino/ArduinoApps/streamlit-test/.cache/sketch/sketch/sketch.ino.cpp.o
                0x000000000000002a                BridgeMonitor<512u>::write(unsigned char)
 *fill*         0x0000000000000042        0x2 
 .text.k_yield  0x0000000000000044        0x8 /home/arduino/ArduinoApps/streamlit-test/.cache/sketch/sketch/sketch.ino.cpp.o
 .text.__tcf_1  0x000000000000004c       0x10 /home/arduino/ArduinoApps/streamlit-test/.cache/sketch/sketch/sketch.ino.cpp.o
 .text._ZN15SerialTransportD0Ev
                0x000000000000005c       0x14 /home/arduino/ArduinoApps/streamlit-test/.cache/sketch/sketch/sketch.ino.cpp.o
                0x000000000000005c                SerialTransport::~SerialTransport()
 .text._ZN15SerialTransport4readEPhj
                0x0000000000000070       0x28 /home/arduino/ArduinoApps/streamlit-test/.cache/sketch/sketch/sketch.ino.cpp.o
                0x0000000000000070                SerialTransport::read(unsigned char*, unsigned int)
 .text._ZN15SerialTransport9read_byteERh
                0x0000000000000098       0x20 /home/arduino/ArduinoApps/streamlit-test/.cache/sketch/sketch/sketch.ino.cpp.o
                0x0000000000000098                SerialTransport::read_byte(unsigned char&)
 .text.k_mutex_lock
                0x00000000000000b8        0x8 /home/arduino/ArduinoApps/streamlit-test/.cache/sketch/sketch/sketch.ino.cpp.o
 .text._Z14show_gradationv
                0x00000000000000c0       0x10 /home/arduino/ArduinoApps/streamlit-test/.cache/sketch/sketch/sketch.ino.cpp.o
                0x00000000000000c0                show_gradation()
 .text._Z9show_logov
                0x00000000000000d0       0x10 /home/arduino/ArduinoApps/streamlit-test/.cache/sketch/sketch/sketch.ino.cpp.o
                0x00000000000000d0                show_logo()
 .text._ZNSt17_Function_handlerIFvvEPS0_E10_M_managerERSt9_Any_dataRKS3_St18_Manager_operation
                0x00000000000000e0       0x30 /home/arduino/ArduinoApps/streamlit-test/.cache/sketch/sketch/sketch.ino.cpp.o
                0x00000000000000e0                std::_Function_handler<void (), void (*)()>::_M_manager(std::_Any_data&, std::_Any_data const&, std::_Manager_operation)
 .text._ZNSt17_Function_handlerIFvvEPS0_E9_M_invokeERKSt9_Any_data
                0x0000000000000110        0x4 /home/arduino/ArduinoApps/streamlit-test/.cache/sketch/sketch/sketch.ino.cpp.o
                0x0000000000000110                std::_Function_handler<void (), void (*)()>::_M_invoke(std::_Any_data const&)
 .text._ZSt14__relocate_a_1IhhENSt9enable_ifIXsrSt24__is_bitwise_relocatableIT_vE5valueEPS2_E4typeES4_S4_S4_RSaIT0_E.isra.0
                0x0000000000000114       0x20 /home/arduino/ArduinoApps/streamlit-test/.cache/sketch/sketch/sketch.ino.cpp.o
 .text._ZNSt12_Vector_baseIhSaIhEE11_M_allocateEj.isra.0
                0x0000000000000134       0x20 /home/arduino/ArduinoApps/streamlit-test/.cache/sketch/sketch/sketch.ino.cpp.o
 .text.k_mutex_unlock.isra.0
                0x0000000000000154        0x8 /home/arduino/ArduinoApps/streamlit-test/.cache/sketch/sketch/sketch.ino.cpp.o
 .text._ZN13BridgeMonitorILj512EE4readEv
                0x000000000000015c       0x64 /home/arduino/ArduinoApps/streamlit-test/.cache/sketch/sketch/sketch.ino.cpp.o
                0x000000000000015c                BridgeMonitor<512u>::read()
 .text._ZN13BridgeMonitorILj512EE4peekEv
                0x00000000000001c0       0x44 /home/arduino/ArduinoApps/streamlit-test/.cache/sketch/sketch/sketch.ino.cpp.o
                0x00000000000001c0                BridgeMonitor<512u>::peek()
 .text.k_msleep.constprop.0.isra.0
                0x0000000000000204        0xc /home/arduino/ArduinoApps/streamlit-test/.cache/sketch/sketch/sketch.ino.cpp.o
 .text._ZNSt14_Function_baseD2Ev
                0x0000000000000210       0x12 /home/arduino/ArduinoApps/streamlit-test/.cache/sketch/sketch/sketch.ino.cpp.o
                0x0000000000000210                std::_Function_base::~_Function_base()
                0x0000000000000210                std::_Function_base::~_Function_base()
 *fill*         0x0000000000000222        0x2 
 .text._ZN18RpcFunctionWrapperISt8functionIFvvEEED2Ev
                0x0000000000000224       0x1c /home/arduino/ArduinoApps/streamlit-test/.cache/sketch/sketch/sketch.ino.cpp.o
                0x0000000000000224                RpcFunctionWrapper<std::function<void ()> >::~RpcFunctionWrapper()
                0x0000000000000224                RpcFunctionWrapper<std::function<void ()> >::~RpcFunctionWrapper()
 .text._ZN18RpcFunctionWrapperISt8functionIFvvEEED0Ev
                0x0000000000000240       0x1c /home/arduino/ArduinoApps/streamlit-test/.cache/sketch/sketch/sketch.ino.cpp.o
                0x0000000000000240                RpcFunctionWrapper<std::function<void ()> >::~RpcFunctionWrapper()
 .text._ZN7arduino7msgpack8Unpacker11deserializeEv
                0x000000000000025c       0x16 /home/arduino/ArduinoApps/streamlit-test/.cache/sketch/sketch/sketch.ino.cpp.o
                0x000000000000025c                arduino::msgpack::Unpacker::deserialize()
 .text._ZN7arduino7msgpack8Unpacker5clearEv
                0x0000000000000272       0x14 /home/arduino/ArduinoApps/streamlit-test/.cache/sketch/sketch/sketch.ino.cpp.o
                0x0000000000000272                arduino::msgpack::Unpacker::clear()
 .text._ZNK7arduino7msgpack8Unpacker13getRawBytePtrEjj
                0x0000000000000286       0x1e /home/arduino/ArduinoApps/streamlit-test/.cache/sketch/sketch/sketch.ino.cpp.o
                0x0000000000000286                arduino::msgpack::Unpacker::getRawBytePtr(unsigned int, unsigned int) const
 .text._ZN8RpcErrorC2Ev
                0x00000000000002a4       0x2c /home/arduino/ArduinoApps/streamlit-test/.cache/sketch/sketch/sketch.ino.cpp.o
                0x00000000000002a4                RpcError::RpcError()
                0x00000000000002a4                RpcError::RpcError()
 .text._ZN7arduino7msgpack8UnpackerC2Ev
                0x00000000000002d0       0x10 /home/arduino/ArduinoApps/streamlit-test/.cache/sketch/sketch/sketch.ino.cpp.o
                0x00000000000002d0                arduino::msgpack::Unpacker::Unpacker()
                0x00000000000002d0                arduino::msgpack::Unpacker::Unpacker()
 .text._ZN10RPCRequestILj256EEC2Ev
                0x00000000000002e0       0x4c /home/arduino/ArduinoApps/streamlit-test/.cache/sketch/sketch/sketch.ino.cpp.o
                0x00000000000002e0                RPCRequest<256u>::RPCRequest()
                0x00000000000002e0                RPCRequest<256u>::RPCRequest()
 .text._ZN18Arduino_LED_Matrix5clearEv
                0x000000000000032c       0x48 /home/arduino/ArduinoApps/streamlit-test/.cache/sketch/sketch/sketch.ino.cpp.o
                0x000000000000032c                Arduino_LED_Matrix::clear()
 .text._Z9clear_ledv
                0x0000000000000374       0x14 /home/arduino/ArduinoApps/streamlit-test/.cache/sketch/sketch/sketch.ino.cpp.o
                0x0000000000000374                clear_led()
 .text.loop     0x0000000000000388        0x2 /home/arduino/ArduinoApps/streamlit-test/.cache/sketch/sketch/sketch.ino.cpp.o
                0x0000000000000388                loop
 *fill*         0x000000000000038a        0x2 
 .text._ZNSt12_Vector_baseIhSaIhEED2Ev
                0x000000000000038c       0x18 /home/arduino/ArduinoApps/streamlit-test/.cache/sketch/sketch/sketch.ino.cpp.o
                0x000000000000038c                std::_Vector_base<unsigned char, std::allocator<unsigned char> >::~_Vector_base()
                0x000000000000038c                std::_Vector_base<unsigned char, std::allocator<unsigned char> >::~_Vector_base()
 .text.__tcf_3  0x00000000000003a4       0x14 /home/arduino/ArduinoApps/streamlit-test/.cache/sketch/sketch/sketch.ino.cpp.o
 .text.__tcf_2  0x00000000000003b8       0x14 /home/arduino/ArduinoApps/streamlit-test/.cache/sketch/sketch/sketch.ino.cpp.o
 .text._ZNSt6vectorIhSaIhEE14_M_move_assignEOS1_St17integral_constantIbLb1EE.isra.0
                0x00000000000003cc       0x34 /home/arduino/ArduinoApps/streamlit-test/.cache/sketch/sketch/sketch.ino.cpp.o
 .text._ZNK7arduino7msgpack8Unpacker11getRawBytesIhEET_jj
                0x0000000000000400       0x1e /home/arduino/ArduinoApps/streamlit-test/.cache/sketch/sketch/sketch.ino.cpp.o
                0x0000000000000400                unsigned char arduino::msgpack::Unpacker::getRawBytes<unsigned char>(unsigned int, unsigned int) const
 *fill*         0x000000000000041e        0x2 
 .text._ZNK7arduino7msgpack8Unpacker7getTypeEj
                0x0000000000000420       0x58 /home/arduino/ArduinoApps/streamlit-test/.cache/sketch/sketch/sketch.ino.cpp.o
                0x0000000000000420                arduino::msgpack::Unpacker::getType(unsigned int) const
 .text._ZNK7arduino7msgpack8Unpacker7getTypeEv
                0x0000000000000478       0x10 /home/arduino/ArduinoApps/streamlit-test/.cache/sketch/sketch/sketch.ino.cpp.o
                0x0000000000000478                arduino::msgpack::Unpacker::getType() const
 .text._ZN7arduino7msgpack8Unpacker11unpackInt32Ev
                0x0000000000000488       0x58 /home/arduino/ArduinoApps/streamlit-test/.cache/sketch/sketch/sketch.ino.cpp.o
                0x0000000000000488                arduino::msgpack::Unpacker::unpackInt32()
 .text._ZN7arduino7msgpack8Unpacker11unpackInt64Ev
                0x00000000000004e0       0x60 /home/arduino/ArduinoApps/streamlit-test/.cache/sketch/sketch/sketch.ino.cpp.o
                0x00000000000004e0                arduino::msgpack::Unpacker::unpackInt64()
 .text._ZN7arduino7msgpack8Unpacker9unpackNilEv
                0x0000000000000540       0x3c /home/arduino/ArduinoApps/streamlit-test/.cache/sketch/sketch/sketch.ino.cpp.o
                0x0000000000000540                arduino::msgpack::Unpacker::unpackNil()
 .text._ZNK7arduino7msgpack8Unpacker7isArrayEv
                0x000000000000057c       0x20 /home/arduino/ArduinoApps/streamlit-test/.cache/sketch/sketch/sketch.ino.cpp.o
                0x000000000000057c                arduino::msgpack::Unpacker::isArray() const
 .text._ZNK7arduino7msgpack8Unpacker5isMapEv
                0x000000000000059c       0x20 /home/arduino/ArduinoApps/streamlit-test/.cache/sketch/sketch/sketch.ino.cpp.o
                0x000000000000059c                arduino::msgpack::Unpacker::isMap() const
 .text._ZNK7arduino7msgpack8Unpacker5isIntEv
                0x00000000000005bc       0x20 /home/arduino/ArduinoApps/streamlit-test/.cache/sketch/sketch/sketch.ino.cpp.o
                0x00000000000005bc                arduino::msgpack::Unpacker::isInt() const
 .text._ZNK7arduino7msgpack8Unpacker6isUIntEv
                0x00000000000005dc       0x20 /home/arduino/ArduinoApps/streamlit-test/.cache/sketch/sketch/sketch.ino.cpp.o
                0x00000000000005dc                arduino::msgpack::Unpacker::isUInt() const
 .text._ZN7arduino7msgpack8Unpacker13unpackFloat32Ev
                0x00000000000005fc       0x60 /home/arduino/ArduinoApps/streamlit-test/.cache/sketch/sketch/sketch.ino.cpp.o
                0x00000000000005fc                arduino::msgpack::Unpacker::unpackFloat32()
 .text._ZN7arduino7msgpack8Unpacker11unpackInt16Ev
                0x000000000000065c       0x4c /home/arduino/ArduinoApps/streamlit-test/.cache/sketch/sketch/sketch.ino.cpp.o
                0x000000000000065c                arduino::msgpack::Unpacker::unpackInt16()
 .text._ZN7arduino7msgpack8Unpacker13unpackFloat64Ev
                0x00000000000006a8       0x6c /home/arduino/ArduinoApps/streamlit-test/.cache/sketch/sketch/sketch.ino.cpp.o
                0x00000000000006a8                arduino::msgpack::Unpacker::unpackFloat64()
 .text._ZN7arduino7msgpack8Unpacker10unpackInt5Ev
                0x0000000000000714       0x4c /home/arduino/ArduinoApps/streamlit-test/.cache/sketch/sketch/sketch.ino.cpp.o
                0x0000000000000714                arduino::msgpack::Unpacker::unpackInt5()
 .text._ZN7arduino7msgpack8Unpacker11unpackUInt7Ev
                0x0000000000000760       0x48 /home/arduino/ArduinoApps/streamlit-test/.cache/sketch/sketch/sketch.ino.cpp.o
                0x0000000000000760                arduino::msgpack::Unpacker::unpackUInt7()
 .text._ZN7arduino7msgpack8Unpacker11unpackUInt8Ev
                0x00000000000007a8       0x48 /home/arduino/ArduinoApps/streamlit-test/.cache/sketch/sketch/sketch.ino.cpp.o
                0x00000000000007a8                arduino::msgpack::Unpacker::unpackUInt8()
 .text._ZNK7arduino7msgpack8Unpacker11getRawBytesItEET_jj
                0x00000000000007f0       0x26 /home/arduino/ArduinoApps/streamlit-test/.cache/sketch/sketch/sketch.ino.cpp.o
                0x00000000000007f0                unsigned short arduino::msgpack::Unpacker::getRawBytes<unsigned short>(unsigned int, unsigned int) const
 *fill*         0x0000000000000816        0x2 
 .text._ZN7arduino7msgpack8Unpacker12unpackUInt16Ev
                0x0000000000000818       0x48 /home/arduino/ArduinoApps/streamlit-test/.cache/sketch/sketch/sketch.ino.cpp.o
                0x0000000000000818                arduino::msgpack::Unpacker::unpackUInt16()
 .text._ZNK7arduino7msgpack8Unpacker11getRawBytesIjEET_jj
                0x0000000000000860       0x34 /home/arduino/ArduinoApps/streamlit-test/.cache/sketch/sketch/sketch.ino.cpp.o
                0x0000000000000860                unsigned int arduino::msgpack::Unpacker::getRawBytes<unsigned int>(unsigned int, unsigned int) const
 .text._ZNK7arduino7msgpack8Unpacker14getElementSizeEj
                0x0000000000000894      0x11c /home/arduino/ArduinoApps/streamlit-test/.cache/sketch/sketch/sketch.ino.cpp.o
                0x0000000000000894                arduino::msgpack::Unpacker::getElementSize(unsigned int) const
 .text._ZN7arduino7msgpack8Unpacker15unpackArraySizeEv
                0x00000000000009b0       0x78 /home/arduino/ArduinoApps/streamlit-test/.cache/sketch/sketch/sketch.ino.cpp.o
                0x00000000000009b0                arduino::msgpack::Unpacker::unpackArraySize()
 .text._ZN7arduino7msgpack8Unpacker11deserializeINS0_4type9ArraySizeEJEEEbRT_DpOT0_.isra.0
                0x0000000000000a28       0x40 /home/arduino/ArduinoApps/streamlit-test/.cache/sketch/sketch/sketch.ino.cpp.o
 .text._ZN7arduino7msgpack8Unpacker12unpackUInt32Ev
                0x0000000000000a68       0x48 /home/arduino/ArduinoApps/streamlit-test/.cache/sketch/sketch/sketch.ino.cpp.o
                0x0000000000000a68                arduino::msgpack::Unpacker::unpackUInt32()
 .text._ZN7arduino7msgpack8Unpacker13unpackMapSizeEv
                0x0000000000000ab0       0x78 /home/arduino/ArduinoApps/streamlit-test/.cache/sketch/sketch/sketch.ino.cpp.o
                0x0000000000000ab0                arduino::msgpack::Unpacker::unpackMapSize()
 .text._ZNK7arduino7msgpack8Unpacker11getRawBytesIyEET_jj
                0x0000000000000b28       0x3a /home/arduino/ArduinoApps/streamlit-test/.cache/sketch/sketch/sketch.ino.cpp.o
                0x0000000000000b28                unsigned long long arduino::msgpack::Unpacker::getRawBytes<unsigned long long>(unsigned int, unsigned int) const
 *fill*         0x0000000000000b62        0x2 
 .text._ZN7arduino7msgpack8Unpacker12unpackUInt64Ev
                0x0000000000000b64       0x4c /home/arduino/ArduinoApps/streamlit-test/.cache/sketch/sketch/sketch.ino.cpp.o
                0x0000000000000b64                arduino::msgpack::Unpacker::unpackUInt64()
 .text._ZNK7arduino7msgpack8Unpacker11getRawBytesIaEET_jj
                0x0000000000000bb0       0x1e /home/arduino/ArduinoApps/streamlit-test/.cache/sketch/sketch/sketch.ino.cpp.o
                0x0000000000000bb0                signed char arduino::msgpack::Unpacker::getRawBytes<signed char>(unsigned int, unsigned int) const
 *fill*         0x0000000000000bce        0x2 
 .text._ZN7arduino7msgpack8Unpacker10unpackInt8Ev
                0x0000000000000bd0       0x48 /home/arduino/ArduinoApps/streamlit-test/.cache/sketch/sketch/sketch.ino.cpp.o
                0x0000000000000bd0                arduino::msgpack::Unpacker::unpackInt8()
 .text._ZNK7arduino7msgpack8Unpacker13isTimestamp32Ev
                0x0000000000000c18       0x2c /home/arduino/ArduinoApps/streamlit-test/.cache/sketch/sketch/sketch.ino.cpp.o
                0x0000000000000c18                arduino::msgpack::Unpacker::isTimestamp32() const
 .text._ZNK7arduino7msgpack8Unpacker13isTimestamp64Ev
                0x0000000000000c44       0x2c /home/arduino/ArduinoApps/streamlit-test/.cache/sketch/sketch/sketch.ino.cpp.o
                0x0000000000000c44                arduino::msgpack::Unpacker::isTimestamp64() const
 .text._ZNK7arduino7msgpack8Unpacker13isTimestamp96Ev
                0x0000000000000c70       0x40 /home/arduino/ArduinoApps/streamlit-test/.cache/sketch/sketch/sketch.ino.cpp.o
                0x0000000000000c70                arduino::msgpack::Unpacker::isTimestamp96() const
 .text._ZNK7arduino7msgpack8Unpacker11getRawBytesIcEET_jj
                0x0000000000000cb0       0x1e /home/arduino/ArduinoApps/streamlit-test/.cache/sketch/sketch/sketch.ino.cpp.o
                0x0000000000000cb0                char arduino::msgpack::Unpacker::getRawBytes<char>(unsigned int, unsigned int) const
 *fill*         0x0000000000000cce        0x2 
 .text._ZN7arduino7msgpack8Unpacker11deserializeINS0_6object5nil_tEJEEEbRT_DpOT0_
                0x0000000000000cd0       0x40 /home/arduino/ArduinoApps/streamlit-test/.cache/sketch/sketch/sketch.ino.cpp.o
                0x0000000000000cd0                bool arduino::msgpack::Unpacker::deserialize<arduino::msgpack::object::nil_t>(arduino::msgpack::object::nil_t&)
 .text._ZN7arduino7msgpack8Unpacker11deserializeIbJEEEbRT_DpOT0_
                0x0000000000000d10       0x68 /home/arduino/ArduinoApps/streamlit-test/.cache/sketch/sketch/sketch.ino.cpp.o
                0x0000000000000d10                bool arduino::msgpack::Unpacker::deserialize<bool>(bool&)
 .text._ZN7arduino7msgpack8Unpacker11deserializeINS_6StringEJEEEbRT_DpOT0_
                0x0000000000000d78      0x174 /home/arduino/ArduinoApps/streamlit-test/.cache/sketch/sketch/sketch.ino.cpp.o
                0x0000000000000d78                bool arduino::msgpack::Unpacker::deserialize<arduino::String>(arduino::String&)
 .text._ZN7arduino7msgpack8Unpacker11deserializeINS0_6object8timespecEJEEEbRT_DpOT0_
                0x0000000000000eec       0xc4 /home/arduino/ArduinoApps/streamlit-test/.cache/sketch/sketch/sketch.ino.cpp.o
                0x0000000000000eec                bool arduino::msgpack::Unpacker::deserialize<arduino::msgpack::object::timespec>(arduino::msgpack::object::timespec&)
 .text._ZN17RpcDecoderManagerILj3EE10getDecoderER10ITransport
                0x0000000000000fb0       0x74 /home/arduino/ArduinoApps/streamlit-test/.cache/sketch/sketch/sketch.ino.cpp.o
                0x0000000000000fb0                RpcDecoderManager<3u>::getDecoder(ITransport&)
 .text._ZNSt12_Vector_baseIjSaIjEED2Ev
                0x0000000000001024       0x18 /home/arduino/ArduinoApps/streamlit-test/.cache/sketch/sketch/sketch.ino.cpp.o
                0x0000000000001024                std::_Vector_base<unsigned int, std::allocator<unsigned int> >::~_Vector_base()
                0x0000000000001024                std::_Vector_base<unsigned int, std::allocator<unsigned int> >::~_Vector_base()
 .text._ZN10RPCRequestILj256EED2Ev
                0x000000000000103c       0x2c /home/arduino/ArduinoApps/streamlit-test/.cache/sketch/sketch/sketch.ino.cpp.o
                0x000000000000103c                RPCRequest<256u>::~RPCRequest()
                0x000000000000103c                RPCRequest<256u>::~RPCRequest()
 .text._ZNSt6vectorIjSaIjEE17_M_realloc_insertIJRjEEEvN9__gnu_cxx17__normal_iteratorIPjS1_EEDpOT_
                0x0000000000001068       0xdc /home/arduino/ArduinoApps/streamlit-test/.cache/sketch/sketch/sketch.ino.cpp.o
                0x0000000000001068                void std::vector<unsigned int, std::allocator<unsigned int> >::_M_realloc_insert<unsigned int&>(__gnu_cxx::__normal_iterator<unsigned int*, std::vector<unsigned int, std::allocator<unsigned int> > >, unsigned int&)
 .text._ZN7arduino7msgpack8Unpacker4feedEPKhj
                0x0000000000001144       0x78 /home/arduino/ArduinoApps/streamlit-test/.cache/sketch/sketch/sketch.ino.cpp.o
                0x0000000000001144                arduino::msgpack::Unpacker::feed(unsigned char const*, unsigned int)
 .text._ZNKSt6vectorIhSaIhEE12_M_check_lenEjPKc
                0x00000000000011bc       0x38 /home/arduino/ArduinoApps/streamlit-test/.cache/sketch/sketch/sketch.ino.cpp.o
                0x00000000000011bc                std::vector<unsigned char, std::allocator<unsigned char> >::_M_check_len(unsigned int, char const*) const
 .text._ZNSt6vectorIhSaIhEE12emplace_backIJRKhEEERhDpOT_.isra.0
                0x00000000000011f4       0x90 /home/arduino/ArduinoApps/streamlit-test/.cache/sketch/sketch/sketch.ino.cpp.o
 .text._ZNSt6vectorIhSaIhEE12emplace_backIJhEEERhDpOT_.isra.0
                0x0000000000001284       0x90 /home/arduino/ArduinoApps/streamlit-test/.cache/sketch/sketch/sketch.ino.cpp.o
 .text._ZN7arduino7msgpack8Unpacker11deserializeISt6vectorIhSaIhEEJEEEbRT_DpOT0_
                0x0000000000001314      0x13c /home/arduino/ArduinoApps/streamlit-test/.cache/sketch/sketch/sketch.ino.cpp.o
                0x0000000000001314                bool arduino::msgpack::Unpacker::deserialize<std::vector<unsigned char, std::allocator<unsigned char> >>(std::vector<unsigned char, std::allocator<unsigned char> >&)
 .text._ZN7arduino7msgpack6Packer11packRawByteERKNS0_4TypeE.isra.0
                0x0000000000001450       0x18 /home/arduino/ArduinoApps/streamlit-test/.cache/sketch/sketch/sketch.ino.cpp.o
 .text._ZN7arduino7msgpack6Packer7packNilEv
                0x0000000000001468       0x18 /home/arduino/ArduinoApps/streamlit-test/.cache/sketch/sketch/sketch.ino.cpp.o
                0x0000000000001468                arduino::msgpack::Packer::packNil()
 .text._ZN7arduino7msgpack6Packer9packUInt8Eh
                0x0000000000001480       0x2c /home/arduino/ArduinoApps/streamlit-test/.cache/sketch/sketch/sketch.ino.cpp.o
                0x0000000000001480                arduino::msgpack::Packer::packUInt8(unsigned char)
 .text._ZNSt6vectorIhSaIhEE12emplace_backIJRhEEES3_DpOT_.isra.0
                0x00000000000014ac       0x90 /home/arduino/ArduinoApps/streamlit-test/.cache/sketch/sketch/sketch.ino.cpp.o
 .text._ZN7arduino7msgpack6Packer15packRawReversedIjEEvRKT_
                0x000000000000153c       0x1c /home/arduino/ArduinoApps/streamlit-test/.cache/sketch/sketch/sketch.ino.cpp.o
                0x000000000000153c                void arduino::msgpack::Packer::packRawReversed<unsigned int>(unsigned int const&)
 .text._ZN7arduino7msgpack6Packer10packUInt32Ej
                0x0000000000001558       0x28 /home/arduino/ArduinoApps/streamlit-test/.cache/sketch/sketch/sketch.ino.cpp.o
                0x0000000000001558                arduino::msgpack::Packer::packUInt32(unsigned int)
 .text._ZN7arduino7msgpack6Packer15packRawReversedItEEvRKT_
                0x0000000000001580       0x1c /home/arduino/ArduinoApps/streamlit-test/.cache/sketch/sketch/sketch.ino.cpp.o
                0x0000000000001580                void arduino::msgpack::Packer::packRawReversed<unsigned short>(unsigned short const&)
 .text._ZN7arduino7msgpack6Packer13packArraySizeEj
                0x000000000000159c       0x58 /home/arduino/ArduinoApps/streamlit-test/.cache/sketch/sketch/sketch.ino.cpp.o
                0x000000000000159c                arduino::msgpack::Packer::packArraySize(unsigned int)
 .text._ZN7arduino7msgpack6Packer10packUInt16Et
                0x00000000000015f4       0x2c /home/arduino/ArduinoApps/streamlit-test/.cache/sketch/sketch/sketch.ino.cpp.o
                0x00000000000015f4                arduino::msgpack::Packer::packUInt16(unsigned short)
 .text._ZN7arduino7msgpack6Packer11packIntegerIjEENSt9enable_ifIXaaaaaasrSt13is_arithmeticIT_E5valuesrSt11is_integralIS5_E5valuentsrSt7is_sameIS5_bE5valuentsrS9_INSt9remove_cvIS5_E4typeEPcE5valueEvE4typeERKS5_.isra.0
                0x0000000000001620       0x50 /home/arduino/ArduinoApps/streamlit-test/.cache/sketch/sketch/sketch.ino.cpp.o
 .text._ZN7arduino7msgpack6Packer11packIntegerIiEENSt9enable_ifIXaaaaaasrSt13is_arithmeticIT_E5valuesrSt11is_integralIS5_E5valuentsrSt7is_sameIS5_bE5valuentsrS9_INSt9remove_cvIS5_E4typeEPcE5valueEvE4typeERKS5_.isra.0
                0x0000000000001670       0xb8 /home/arduino/ArduinoApps/streamlit-test/.cache/sketch/sketch/sketch.ino.cpp.o
 .text._ZN7arduino7msgpack6Packer12packRawBytesEPKcj
                0x0000000000001728       0x9c /home/arduino/ArduinoApps/streamlit-test/.cache/sketch/sketch/sketch.ino.cpp.o
                0x0000000000001728                arduino::msgpack::Packer::packRawBytes(char const*, unsigned int)
 .text._ZN7arduino7msgpack6Packer4packERKNS_6StringE
                0x00000000000017c4       0x7c /home/arduino/ArduinoApps/streamlit-test/.cache/sketch/sketch/sketch.ino.cpp.o
                0x00000000000017c4                arduino::msgpack::Packer::pack(arduino::String const&)
 .text._ZN7arduino7msgpack6Packer9serializeIJRKiRjRKNS_6StringEEEEvRKNS0_4type9ArraySizeEDpOT_.isra.0
                0x0000000000001840       0x38 /home/arduino/ArduinoApps/streamlit-test/.cache/sketch/sketch/sketch.ino.cpp.o
 .text._ZN7arduino7msgpack6Packer9serializeI8RpcErrorJRNS0_6object5nil_tEEEENSt9enable_ifIXoooontsrSt10is_pointerIT_E5valuesrSt7is_sameIS9_PKcE5valuesrSB_IS9_PKNS_19__FlashStringHelperEE5valueEvE4typeERKS9_DpOT0_.isra.0
                0x0000000000001878       0x38 /home/arduino/ArduinoApps/streamlit-test/.cache/sketch/sketch/sketch.ino.cpp.o
 .text._ZN18RpcFunctionWrapperISt8functionIFvvEEEclERN7arduino7msgpack8UnpackerERNS5_6PackerE
                0x00000000000018b0       0x98 /home/arduino/ArduinoApps/streamlit-test/.cache/sketch/sketch/sketch.ino.cpp.o
                0x00000000000018b0                RpcFunctionWrapper<std::function<void ()> >::operator()(arduino::msgpack::Unpacker&, arduino::msgpack::Packer&)
 .text._ZN7arduino7msgpack8Unpacker9unpackIntIiEENSt9enable_ifIXaaaaaaaasrSt13is_arithmeticIT_E5valuesrSt11is_integralIS5_E5valuentsrSt7is_sameIS5_bE5valuentsrS9_INSt9remove_cvIS5_E4typeEPcE5valuesrSt9is_signedIS5_E5valueES5_E4typeEv
                0x0000000000001948       0xd0 /home/arduino/ArduinoApps/streamlit-test/.cache/sketch/sketch/sketch.ino.cpp.o
                0x0000000000001948                std::enable_if<(((std::is_arithmetic<int>::value&&std::is_integral<int>::value)&&(!std::is_same<int, bool>::value))&&(!std::is_same<std::remove_cv<int>::type, char*>::value))&&std::is_signed<int>::value, int>::type arduino::msgpack::Unpacker::unpackInt<int>()
 .text._ZN7arduino7msgpack8Unpacker11deserializeIiJEEEbRT_DpOT0_
                0x0000000000001a18       0x40 /home/arduino/ArduinoApps/streamlit-test/.cache/sketch/sketch/sketch.ino.cpp.o
                0x0000000000001a18                bool arduino::msgpack::Unpacker::deserialize<int>(int&)
 .text._ZN7arduino7msgpack8Unpacker11unpackFloatIfEENSt9enable_ifIXaasrSt13is_arithmeticIT_E5valuesrSt17is_floating_pointIS5_E5valueES5_E4typeEv
                0x0000000000001a58      0x118 /home/arduino/ArduinoApps/streamlit-test/.cache/sketch/sketch/sketch.ino.cpp.o
                0x0000000000001a58                std::enable_if<std::is_arithmetic<float>::value&&std::is_floating_point<float>::value, float>::type arduino::msgpack::Unpacker::unpackFloat<float>()
 .text._ZN7arduino7msgpack8Unpacker11unpackFloatIdEENSt9enable_ifIXaasrSt13is_arithmeticIT_E5valuesrSt17is_floating_pointIS5_E5valueES5_E4typeEv
                0x0000000000001b70      0x118 /home/arduino/ArduinoApps/streamlit-test/.cache/sketch/sketch/sketch.ino.cpp.o
                0x0000000000001b70                std::enable_if<std::is_arithmetic<double>::value&&std::is_floating_point<double>::value, double>::type arduino::msgpack::Unpacker::unpackFloat<double>()
 .text._ZN7arduino7msgpack8Unpacker11deserializeINS0_4type9ArraySizeEJRiEEEbRT_DpOT0_
                0x0000000000001c88       0x44 /home/arduino/ArduinoApps/streamlit-test/.cache/sketch/sketch/sketch.ino.cpp.o
                0x0000000000001c88                bool arduino::msgpack::Unpacker::deserialize<arduino::msgpack::type::ArraySize, int&>(arduino::msgpack::type::ArraySize&, int&)
 .text._ZNK10RpcDecoderILj1024EE4sendEPKhj
                0x0000000000001ccc       0x22 /home/arduino/ArduinoApps/streamlit-test/.cache/sketch/sketch/sketch.ino.cpp.o
                0x0000000000001ccc                RpcDecoder<1024u>::send(unsigned char const*, unsigned int) const
 *fill*         0x0000000000001cee        0x2 
 .text._ZN9RPCClient8send_rpcIJRKN7arduino6StringEEEEbS4_RjDpOT_.isra.0
                0x0000000000001cf0       0x84 /home/arduino/ArduinoApps/streamlit-test/.cache/sketch/sketch/sketch.ino.cpp.o
 .text._ZN9RPCClient8send_rpcIJEEEbRKN7arduino6StringERjDpOT_.isra.0
                0x0000000000001d74       0x74 /home/arduino/ArduinoApps/streamlit-test/.cache/sketch/sketch/sketch.ino.cpp.o
 .text._ZN9RPCClient8send_rpcIJRKjEEEbRKN7arduino6StringERjDpOT_.isra.0
                0x0000000000001de8       0x84 /home/arduino/ArduinoApps/streamlit-test/.cache/sketch/sketch/sketch.ino.cpp.o
 .text._ZNK9RPCServer13send_responseILj256EEEbRK10RPCRequestIXT_EE.isra.0
                0x0000000000001e6c       0x24 /home/arduino/ArduinoApps/streamlit-test/.cache/sketch/sketch/sketch.ino.cpp.o
 .text._ZN10RpcDecoderILj1024EE7consumeEjj
                0x0000000000001e90       0x36 /home/arduino/ArduinoApps/streamlit-test/.cache/sketch/sketch/sketch.ino.cpp.o
                0x0000000000001e90                RpcDecoder<1024u>::consume(unsigned int, unsigned int)
 *fill*         0x0000000000001ec6        0x2 
 .text._ZN10RpcDecoderILj1024EE7discardEv
                0x0000000000001ec8       0x2c /home/arduino/ArduinoApps/streamlit-test/.cache/sketch/sketch/sketch.ino.cpp.o
                0x0000000000001ec8                RpcDecoder<1024u>::discard()
 .text._ZN7arduino7msgpack8Unpacker11deserializeI8RpcErrorJRNS0_6object5nil_tEEEEbRT_DpOT0_
                0x0000000000001ef4       0x90 /home/arduino/ArduinoApps/streamlit-test/.cache/sketch/sketch/sketch.ino.cpp.o
                0x0000000000001ef4                bool arduino::msgpack::Unpacker::deserialize<RpcError, arduino::msgpack::object::nil_t&>(RpcError&, arduino::msgpack::object::nil_t&)
 .text._Z4wrapIRFvvESt8functionIS0_EEP18RpcFunctionWrapperIT0_EOT_
                0x0000000000001f84       0x6c /home/arduino/ArduinoApps/streamlit-test/.cache/sketch/sketch/sketch.ino.cpp.o
                0x0000000000001f84                RpcFunctionWrapper<std::function<void ()> >* wrap<void (&)(), std::function<void ()> >(void (&)())
 .text._ZN7arduino7msgpack8Unpacker10unpackUIntIjEENSt9enable_ifIXaaaaaaaasrSt13is_arithmeticIT_E5valuesrSt11is_integralIS5_E5valuentsrSt7is_sameIS5_bE5valuentsrS9_INSt9remove_cvIS5_E4typeEPcE5valuentsrSt9is_signedIS5_E5valueES5_E4typeEv
                0x0000000000001ff0       0x80 /home/arduino/ArduinoApps/streamlit-test/.cache/sketch/sketch/sketch.ino.cpp.o
                0x0000000000001ff0                std::enable_if<(((std::is_arithmetic<unsigned int>::value&&std::is_integral<unsigned int>::value)&&(!std::is_same<unsigned int, bool>::value))&&(!std::is_same<std::remove_cv<unsigned int>::type, char*>::value))&&(!std::is_signed<unsigned int>::value), unsigned int>::type arduino::msgpack::Unpacker::unpackUInt<unsigned int>()
 .text._ZN7arduino7msgpack8Unpacker11deserializeIjJRNS_6StringEEEEbRT_DpOT0_
                0x0000000000002070       0x44 /home/arduino/ArduinoApps/streamlit-test/.cache/sketch/sketch/sketch.ino.cpp.o
                0x0000000000002070                bool arduino::msgpack::Unpacker::deserialize<unsigned int, arduino::String&>(unsigned int&, arduino::String&)
 .text._ZN10RpcDecoderILj1024EE16fetch_rpc_methodEv
                0x00000000000020b4       0xe8 /home/arduino/ArduinoApps/streamlit-test/.cache/sketch/sketch/sketch.ino.cpp.o
                0x00000000000020b4                RpcDecoder<1024u>::fetch_rpc_method()
 .text._ZN10RPCRequestILj256EE22unpack_request_headersEv
                0x000000000000219c       0xb8 /home/arduino/ArduinoApps/streamlit-test/.cache/sketch/sketch/sketch.ino.cpp.o
                0x000000000000219c                RPCRequest<256u>::unpack_request_headers()
 .text._ZN9RPCServer15process_requestILj256EEEvR10RPCRequestIXT_EE
                0x0000000000002254      0x114 /home/arduino/ArduinoApps/streamlit-test/.cache/sketch/sketch/sketch.ino.cpp.o
                0x0000000000002254                void RPCServer::process_request<256u>(RPCRequest<256u>&)
 .text._ZN7arduino7msgpack8Unpacker11deserializeIjJEEEbRT_DpOT0_
                0x0000000000002368       0x40 /home/arduino/ArduinoApps/streamlit-test/.cache/sketch/sketch/sketch.ino.cpp.o
                0x0000000000002368                bool arduino::msgpack::Unpacker::deserialize<unsigned int>(unsigned int&)
 .text._ZN7arduino7msgpack8Unpacker11deserializeINS0_4type9ArraySizeEJRiRjEEEbRT_DpOT0_
                0x00000000000023a8       0x78 /home/arduino/ArduinoApps/streamlit-test/.cache/sketch/sketch/sketch.ino.cpp.o
                0x00000000000023a8                bool arduino::msgpack::Unpacker::deserialize<arduino::msgpack::type::ArraySize, int&, unsigned int&>(arduino::msgpack::type::ArraySize&, int&, unsigned int&)
 .text._ZN10RpcDecoderILj1024EE12get_responseIN7arduino7msgpack6object5nil_tEEEbjRT_R8RpcError
                0x0000000000002420      0x168 /home/arduino/ArduinoApps/streamlit-test/.cache/sketch/sketch/sketch.ino.cpp.o
                0x0000000000002420                bool RpcDecoder<1024u>::get_response<arduino::msgpack::object::nil_t>(unsigned int, arduino::msgpack::object::nil_t&, RpcError&)
 .text._ZN10RpcDecoderILj1024EE12get_responseIbEEbjRT_R8RpcError
                0x0000000000002588      0x168 /home/arduino/ArduinoApps/streamlit-test/.cache/sketch/sketch/sketch.ino.cpp.o
                0x0000000000002588                bool RpcDecoder<1024u>::get_response<bool>(unsigned int, bool&, RpcError&)
 .text._ZNSt11__copy_moveILb0ELb1ESt26random_access_iterator_tagE8__copy_mIhEEPT_PKS3_S6_S4_
                0x00000000000026f0       0x1c /home/arduino/ArduinoApps/streamlit-test/.cache/sketch/sketch/sketch.ino.cpp.o
                0x00000000000026f0                unsigned char* std::__copy_move<false, true, std::random_access_iterator_tag>::__copy_m<unsigned char>(unsigned char const*, unsigned char const*, unsigned char*)
 .text._ZNSt11__copy_moveILb1ELb1ESt26random_access_iterator_tagE8__copy_mIhEEPT_PKS3_S6_S4_
                0x000000000000270c       0x1c /home/arduino/ArduinoApps/streamlit-test/.cache/sketch/sketch/sketch.ino.cpp.o
                0x000000000000270c                unsigned char* std::__copy_move<true, true, std::random_access_iterator_tag>::__copy_m<unsigned char>(unsigned char const*, unsigned char const*, unsigned char*)
 .text._ZN7arduino7msgpack6object3extC2EaPKhj
                0x0000000000002728      0x104 /home/arduino/ArduinoApps/streamlit-test/.cache/sketch/sketch/sketch.ino.cpp.o
                0x0000000000002728                arduino::msgpack::object::ext::ext(signed char, unsigned char const*, unsigned int)
                0x0000000000002728                arduino::msgpack::object::ext::ext(signed char, unsigned char const*, unsigned int)
 .text._ZN7arduino7msgpack8Unpacker9unpackExtEv
                0x000000000000282c      0x178 /home/arduino/ArduinoApps/streamlit-test/.cache/sketch/sketch/sketch.ino.cpp.o
                0x000000000000282c                arduino::msgpack::Unpacker::unpackExt()
 .text._ZN8RpcUtils6detail12unpackObjectERN7arduino7msgpack8UnpackerE
                0x00000000000029a4      0x294 /home/arduino/ArduinoApps/streamlit-test/.cache/sketch/sketch/sketch.ino.cpp.o
                0x00000000000029a4                RpcUtils::detail::unpackObject(arduino::msgpack::Unpacker&)
 .text._ZN10RpcDecoderILj1024EE12parse_packetEv
                0x0000000000002c38       0xf8 /home/arduino/ArduinoApps/streamlit-test/.cache/sketch/sketch/sketch.ino.cpp.o
                0x0000000000002c38                RpcDecoder<1024u>::parse_packet()
 .text._ZN10RpcDecoderILj1024EE6decodeEv
                0x0000000000002d30       0x40 /home/arduino/ArduinoApps/streamlit-test/.cache/sketch/sketch/sketch.ino.cpp.o
                0x0000000000002d30                RpcDecoder<1024u>::decode()
 .text._ZN9RPCServer7get_rpcILj256EEEbR10RPCRequestIXT_EEN7arduino6StringE
                0x0000000000002d70       0xc4 /home/arduino/ArduinoApps/streamlit-test/.cache/sketch/sketch/sketch.ino.cpp.o
                0x0000000000002d70                bool RPCServer::get_rpc<256u>(RPCRequest<256u>&, arduino::String)
 .text._ZN11BridgeClass11update_safeEv
                0x0000000000002e34       0xb0 /home/arduino/ArduinoApps/streamlit-test/.cache/sketch/sketch/sketch.ino.cpp.o
                0x0000000000002e34                BridgeClass::update_safe()
 .text._Z10__loopHookv
                0x0000000000002ee4       0x20 /home/arduino/ArduinoApps/streamlit-test/.cache/sketch/sketch/sketch.ino.cpp.o
                0x0000000000002ee4                __loopHook()
 .text._ZN11BridgeClass6updateEv
                0x0000000000002f04       0xb0 /home/arduino/ArduinoApps/streamlit-test/.cache/sketch/sketch/sketch.ino.cpp.o
                0x0000000000002f04                BridgeClass::update()
 .text._Z16updateEntryPointPvS_S_
                0x0000000000002fb4       0x24 /home/arduino/ArduinoApps/streamlit-test/.cache/sketch/sketch/sketch.ino.cpp.o
                0x0000000000002fb4                updateEntryPoint(void*, void*, void*)
 .text._ZN9RPCClient12get_responseIN7arduino7msgpack6object5nil_tEEEbjRT_R8RpcError
                0x0000000000002fd8       0x40 /home/arduino/ArduinoApps/streamlit-test/.cache/sketch/sketch/sketch.ino.cpp.o
                0x0000000000002fd8                bool RPCClient::get_response<arduino::msgpack::object::nil_t>(unsigned int, arduino::msgpack::object::nil_t&, RpcError&)
 .text._ZN9RPCClient12get_responseIbEEbjRT_R8RpcError
                0x0000000000003018       0x40 /home/arduino/ArduinoApps/streamlit-test/.cache/sketch/sketch/sketch.ino.cpp.o
                0x0000000000003018                bool RPCClient::get_response<bool>(unsigned int, bool&, RpcError&)
 .text._ZN9RpcResultIJRKN7arduino6StringEEE6resultIbEEbRT_
                0x0000000000003058       0x90 /home/arduino/ArduinoApps/streamlit-test/.cache/sketch/sketch/sketch.ino.cpp.o
                0x0000000000003058                bool RpcResult<arduino::String const&>::result<bool>(bool&)
 .text._ZN11BridgeClass7provideIRFvvEEEbRKN7arduino6StringEOT_.isra.0
                0x00000000000030e8      0x1a8 /home/arduino/ArduinoApps/streamlit-test/.cache/sketch/sketch/sketch.ino.cpp.o
 .text.setup    0x0000000000003290      0x2bc /home/arduino/ArduinoApps/streamlit-test/.cache/sketch/sketch/sketch.ino.cpp.o
                0x0000000000003290                setup
 .text._ZN8RpcUtils6detail9unpackMapERN7arduino7msgpack8UnpackerERj
                0x000000000000354c       0x80 /home/arduino/ArduinoApps/streamlit-test/.cache/sketch/sketch/sketch.ino.cpp.o
                0x000000000000354c                RpcUtils::detail::unpackMap(arduino::msgpack::Unpacker&, unsigned int&)
 .text._ZN10RpcDecoderILj1024EE12get_responseIjEEbjRT_R8RpcError
                0x00000000000035cc      0x168 /home/arduino/ArduinoApps/streamlit-test/.cache/sketch/sketch/sketch.ino.cpp.o
                0x00000000000035cc                bool RpcDecoder<1024u>::get_response<unsigned int>(unsigned int, unsigned int&, RpcError&)
 .text._ZN9RpcResultIJRN7arduino6StringEEE6resultIjEEbRT_
                0x0000000000003734       0xbc /home/arduino/ArduinoApps/streamlit-test/.cache/sketch/sketch/sketch.ino.cpp.o
                0x0000000000003734                bool RpcResult<arduino::String&>::result<unsigned int>(unsigned int&)
 .text._ZN13BridgeMonitorILj512EE5writeEPKhj
                0x00000000000037f0      0x128 /home/arduino/ArduinoApps/streamlit-test/.cache/sketch/sketch/sketch.ino.cpp.o
                0x00000000000037f0                BridgeMonitor<512u>::write(unsigned char const*, unsigned int)
 .text._ZN10RpcDecoderILj1024EE12get_responseISt6vectorIhSaIhEEEEbjRT_R8RpcError
                0x0000000000003918      0x168 /home/arduino/ArduinoApps/streamlit-test/.cache/sketch/sketch/sketch.ino.cpp.o
                0x0000000000003918                bool RpcDecoder<1024u>::get_response<std::vector<unsigned char, std::allocator<unsigned char> > >(unsigned int, std::vector<unsigned char, std::allocator<unsigned char> >&, RpcError&)
 .text._ZN9RpcResultIJRjEE6resultISt6vectorIhSaIhEEEEbRT_
                0x0000000000003a80       0xbc /home/arduino/ArduinoApps/streamlit-test/.cache/sketch/sketch/sketch.ino.cpp.o
                0x0000000000003a80                bool RpcResult<unsigned int&>::result<std::vector<unsigned char, std::allocator<unsigned char> > >(std::vector<unsigned char, std::allocator<unsigned char> >&)
 .text._ZN13BridgeMonitorILj512EE5_readEj
                0x0000000000003b3c      0x15c /home/arduino/ArduinoApps/streamlit-test/.cache/sketch/sketch/sketch.ino.cpp.o
                0x0000000000003b3c                BridgeMonitor<512u>::_read(unsigned int)
 .text._ZN13BridgeMonitorILj512EE9availableEv
                0x0000000000003c98       0x44 /home/arduino/ArduinoApps/streamlit-test/.cache/sketch/sketch/sketch.ino.cpp.o
                0x0000000000003c98                BridgeMonitor<512u>::available()
 .text._GLOBAL__sub_I_Bridge
                0x0000000000003cdc       0xd4 /home/arduino/ArduinoApps/streamlit-test/.cache/sketch/sketch/sketch.ino.cpp.o
 .text._GLOBAL__sub_D_Bridge
                0x0000000000003db0       0x20 /home/arduino/ArduinoApps/streamlit-test/.cache/sketch/sketch/sketch.ino.cpp.o
 .text._ZSt20__throw_length_errorPKc
                0x0000000000003dd0        0x2 /home/arduino/ArduinoApps/streamlit-test/.cache/sketch/core/core.a(abi.cpp.o)
                0x0000000000003dd0                std::__throw_length_error(char const*)
 .text._ZSt17__throw_bad_allocv
                0x0000000000003dd2        0x2 /home/arduino/ArduinoApps/streamlit-test/.cache/sketch/core/core.a(abi.cpp.o)
                0x0000000000003dd2                std::__throw_bad_alloc()
 .text._ZSt25__throw_bad_function_callv
                0x0000000000003dd4        0x2 /home/arduino/ArduinoApps/streamlit-test/.cache/sketch/core/core.a(abi.cpp.o)
                0x0000000000003dd4                std::__throw_bad_function_call()
 .text.atexit   0x0000000000003dd6        0x4 /home/arduino/ArduinoApps/streamlit-test/.cache/sketch/core/core.a(abi.cpp.o)
                0x0000000000003dd6                atexit
 .text.strcmp   0x0000000000003dda       0x16 /home/arduino/ArduinoApps/streamlit-test/.cache/sketch/core/core.a(abi.cpp.o)
                0x0000000000003dda                strcmp
 .text._ZN7arduino6Stream9timedReadEv
                0x0000000000003df0       0x2c /home/arduino/ArduinoApps/streamlit-test/.cache/sketch/core/core.a(Stream.cpp.o)
                0x0000000000003df0                arduino::Stream::timedRead()
 .text._ZN7arduino6Stream10setTimeoutEm
                0x0000000000003e1c        0x4 /home/arduino/ArduinoApps/streamlit-test/.cache/sketch/core/core.a(Stream.cpp.o)
                0x0000000000003e1c                arduino::Stream::setTimeout(unsigned long)
 .text._ZN7arduino6Stream9readBytesEPcj
                0x0000000000003e20       0x2c /home/arduino/ArduinoApps/streamlit-test/.cache/sketch/core/core.a(Stream.cpp.o)
                0x0000000000003e20                arduino::Stream::readBytes(char*, unsigned int)
 .text._ZN7arduino6StringC2EOS0_
                0x0000000000003e4c       0x16 /home/arduino/ArduinoApps/streamlit-test/.cache/sketch/core/core.a(String.cpp.o)
                0x0000000000003e4c                arduino::String::String(arduino::String&&)
                0x0000000000003e4c                arduino::String::String(arduino::String&&)
 *fill*         0x0000000000003e62        0x2 
 .text._ZN7arduino6StringD2Ev
                0x0000000000003e64       0x14 /home/arduino/ArduinoApps/streamlit-test/.cache/sketch/core/core.a(String.cpp.o)
                0x0000000000003e64                arduino::String::~String()
                0x0000000000003e64                arduino::String::~String()
 .text._ZN7arduino6String10invalidateEv
                0x0000000000003e78       0x1c /home/arduino/ArduinoApps/streamlit-test/.cache/sketch/core/core.a(String.cpp.o)
                0x0000000000003e78                arduino::String::invalidate()
 .text._ZN7arduino6String12changeBufferEj
                0x0000000000003e94       0x1c /home/arduino/ArduinoApps/streamlit-test/.cache/sketch/core/core.a(String.cpp.o)
                0x0000000000003e94                arduino::String::changeBuffer(unsigned int)
 .text._ZN7arduino6String7reserveEj
                0x0000000000003eb0       0x28 /home/arduino/ArduinoApps/streamlit-test/.cache/sketch/core/core.a(String.cpp.o)
                0x0000000000003eb0                arduino::String::reserve(unsigned int)
 .text._ZN7arduino6String4copyEPKcj
                0x0000000000003ed8       0x3c /home/arduino/ArduinoApps/streamlit-test/.cache/sketch/core/core.a(String.cpp.o)
                0x0000000000003ed8                arduino::String::copy(char const*, unsigned int)
 .text._ZN7arduino6StringC2EPKc
                0x0000000000003f14       0x2c /home/arduino/ArduinoApps/streamlit-test/.cache/sketch/core/core.a(String.cpp.o)
                0x0000000000003f14                arduino::String::String(char const*)
                0x0000000000003f14                arduino::String::String(char const*)
 .text._ZN7arduino6String4moveERS0_
                0x0000000000003f40       0x2c /home/arduino/ArduinoApps/streamlit-test/.cache/sketch/core/core.a(String.cpp.o)
                0x0000000000003f40                arduino::String::move(arduino::String&)
 .text._ZN7arduino6StringaSERKS0_
                0x0000000000003f6c       0x28 /home/arduino/ArduinoApps/streamlit-test/.cache/sketch/core/core.a(String.cpp.o)
                0x0000000000003f6c                arduino::String::operator=(arduino::String const&)
 .text._ZN7arduino6StringC2ERKS0_
                0x0000000000003f94       0x18 /home/arduino/ArduinoApps/streamlit-test/.cache/sketch/core/core.a(String.cpp.o)
                0x0000000000003f94                arduino::String::String(arduino::String const&)
                0x0000000000003f94                arduino::String::String(arduino::String const&)
 .text._ZN7arduino6StringaSEOS0_
                0x0000000000003fac       0x10 /home/arduino/ArduinoApps/streamlit-test/.cache/sketch/core/core.a(String.cpp.o)
                0x0000000000003fac                arduino::String::operator=(arduino::String&&)
 .text._ZN7arduino6StringaSEPKc
                0x0000000000003fbc       0x30 /home/arduino/ArduinoApps/streamlit-test/.cache/sketch/core/core.a(String.cpp.o)
                0x0000000000003fbc                arduino::String::operator=(char const*)
 .text._ZN7arduino6String6concatEPKcj
                0x0000000000003fec       0x40 /home/arduino/ArduinoApps/streamlit-test/.cache/sketch/core/core.a(String.cpp.o)
                0x0000000000003fec                arduino::String::concat(char const*, unsigned int)
 .text._ZN7arduino6String6concatEc
                0x000000000000402c       0x1c /home/arduino/ArduinoApps/streamlit-test/.cache/sketch/core/core.a(String.cpp.o)
                0x000000000000402c                arduino::String::concat(char)
 .text._ZNK7arduino6String9compareToERKS0_
                0x0000000000004048       0x30 /home/arduino/ArduinoApps/streamlit-test/.cache/sketch/core/core.a(String.cpp.o)
                0x0000000000004048                arduino::String::compareTo(arduino::String const&) const
 .text._ZNK7arduino6String6equalsERKS0_
                0x0000000000004078       0x20 /home/arduino/ArduinoApps/streamlit-test/.cache/sketch/core/core.a(String.cpp.o)
                0x0000000000004078                arduino::String::equals(arduino::String const&) const
 .text._ZNK7arduino6String6equalsEPKc
                0x0000000000004098       0x28 /home/arduino/ArduinoApps/streamlit-test/.cache/sketch/core/core.a(String.cpp.o)
                0x0000000000004098                arduino::String::equals(char const*) const
 .text.initVariant
                0x00000000000040c0        0x2 /home/arduino/ArduinoApps/streamlit-test/.cache/sketch/core/core.a(main.cpp.o)
                0x00000000000040c0                initVariant
 *fill*         0x00000000000040c2        0x2 
 .text.main     0x00000000000040c4       0x2c /home/arduino/ArduinoApps/streamlit-test/.cache/sketch/core/core.a(main.cpp.o)
                0x00000000000040c4                main
 .text._ZL10new_helperj
                0x00000000000040f0       0x10 /home/arduino/ArduinoApps/streamlit-test/.cache/sketch/core/core.a(new.cpp.o)
 .text._Znwj    0x0000000000004100        0x8 /home/arduino/ArduinoApps/streamlit-test/.cache/sketch/core/core.a(new.cpp.o)
                0x0000000000004100                operator new(unsigned int)
 .text._ZnwjPv  0x0000000000004108        0x4 /home/arduino/ArduinoApps/streamlit-test/.cache/sketch/core/core.a(new.cpp.o)
                0x0000000000004108                operator new(unsigned int, void*)
 .text._ZdlPvj  0x000000000000410c        0x8 /home/arduino/ArduinoApps/streamlit-test/.cache/sketch/core/core.a(new.cpp.o)
                0x000000000000410c                operator delete(void*, unsigned int)
 .text._Z20start_static_threadsv
                0x0000000000004114       0x90 /home/arduino/ArduinoApps/streamlit-test/.cache/sketch/core/core.a(threads.cpp.o)
                0x0000000000004114                start_static_threads()
 .text.yield    0x00000000000041a4        0x8 /home/arduino/ArduinoApps/streamlit-test/.cache/sketch/core/core.a(zephyrCommon.cpp.o)
                0x00000000000041a4                yield
 .text.millis   0x00000000000041ac       0x18 /home/arduino/ArduinoApps/streamlit-test/.cache/sketch/core/core.a(zephyrCommon.cpp.o)
                0x00000000000041ac                millis
 .text.z_impl_uart_irq_tx_enable
                0x00000000000041c4        0xa /home/arduino/ArduinoApps/streamlit-test/.cache/sketch/core/core.a(zephyrSerial.cpp.o)
 .text._ZN7arduino12ZephyrSerial5beginEm
                0x00000000000041ce        0xa /home/arduino/ArduinoApps/streamlit-test/.cache/sketch/core/core.a(zephyrSerial.cpp.o)
                0x00000000000041ce                arduino::ZephyrSerial::begin(unsigned long)
 .text._ZN7arduino12ZephyrSerial3endEv
                0x00000000000041d8        0x2 /home/arduino/ArduinoApps/streamlit-test/.cache/sketch/core/core.a(zephyrSerial.cpp.o)
                0x00000000000041d8                arduino::ZephyrSerial::end()
 .text._ZN7arduino12ZephyrSerial5writeEh
                0x00000000000041da       0x18 /home/arduino/ArduinoApps/streamlit-test/.cache/sketch/core/core.a(zephyrSerial.cpp.o)
                0x00000000000041da                arduino::ZephyrSerial::write(unsigned char)
 .text._ZN7arduino12ZephyrSerialcvbEv
                0x00000000000041f2        0x4 /home/arduino/ArduinoApps/streamlit-test/.cache/sketch/core/core.a(zephyrSerial.cpp.o)
                0x00000000000041f2                arduino::ZephyrSerial::operator bool()
 *fill*         0x00000000000041f6        0x2 
 .text.k_sem_give
                0x00000000000041f8        0x8 /home/arduino/ArduinoApps/streamlit-test/.cache/sketch/core/core.a(zephyrSerial.cpp.o)
 .text.k_sem_take.isra.0
                0x0000000000004200        0x8 /home/arduino/ArduinoApps/streamlit-test/.cache/sketch/core/core.a(zephyrSerial.cpp.o)
 .text._ZN7arduino12ZephyrSerial4readEv
                0x0000000000004208       0x48 /home/arduino/ArduinoApps/streamlit-test/.cache/sketch/core/core.a(zephyrSerial.cpp.o)
                0x0000000000004208                arduino::ZephyrSerial::read()
 .text._ZN7arduino12ZephyrSerial4peekEv
                0x0000000000004250       0x48 /home/arduino/ArduinoApps/streamlit-test/.cache/sketch/core/core.a(zephyrSerial.cpp.o)
                0x0000000000004250                arduino::ZephyrSerial::peek()
 .text._ZN7arduino12ZephyrSerial17availableForWriteEv
                0x0000000000004298       0x3c /home/arduino/ArduinoApps/streamlit-test/.cache/sketch/core/core.a(zephyrSerial.cpp.o)
                0x0000000000004298                arduino::ZephyrSerial::availableForWrite()
 .text._ZN7arduino12ZephyrSerial9availableEv
                0x00000000000042d4       0x34 /home/arduino/ArduinoApps/streamlit-test/.cache/sketch/core/core.a(zephyrSerial.cpp.o)
                0x00000000000042d4                arduino::ZephyrSerial::available()
 .text._ZN7arduino12ZephyrSerial5beginEmt
                0x0000000000004308       0xb8 /home/arduino/ArduinoApps/streamlit-test/.cache/sketch/core/core.a(zephyrSerial.cpp.o)
                0x0000000000004308                arduino::ZephyrSerial::begin(unsigned long, unsigned short)
 .text._ZN7arduino12ZephyrSerial5flushEv
                0x00000000000043c0       0x2c /home/arduino/ArduinoApps/streamlit-test/.cache/sketch/core/core.a(zephyrSerial.cpp.o)
                0x00000000000043c0                arduino::ZephyrSerial::flush()
 .text._ZN7arduino12ZephyrSerial5writeEPKhj
                0x00000000000043ec       0x70 /home/arduino/ArduinoApps/streamlit-test/.cache/sketch/core/core.a(zephyrSerial.cpp.o)
                0x00000000000043ec                arduino::ZephyrSerial::write(unsigned char const*, unsigned int)
 .text._ZN7arduino12ZephyrSerial10IrqHandlerEv
                0x000000000000445c       0xec /home/arduino/ArduinoApps/streamlit-test/.cache/sketch/core/core.a(zephyrSerial.cpp.o)
                0x000000000000445c                arduino::ZephyrSerial::IrqHandler()
 .text._ZN7arduino12ZephyrSerial11IrqDispatchEPK6devicePv
                0x0000000000004548        0xc /home/arduino/ArduinoApps/streamlit-test/.cache/sketch/core/core.a(zephyrSerial.cpp.o)
                0x0000000000004548                arduino::ZephyrSerial::IrqDispatch(device const*, void*)
 .text._ZN7arduino12ZephyrSerial18ZephyrSerialBufferILi64EEC2Ev
                0x0000000000004554       0x28 /home/arduino/ArduinoApps/streamlit-test/.cache/sketch/core/core.a(zephyrSerial.cpp.o)
                0x0000000000004554                arduino::ZephyrSerial::ZephyrSerialBuffer<64>::ZephyrSerialBuffer()
                0x0000000000004554                arduino::ZephyrSerial::ZephyrSerialBuffer<64>::ZephyrSerialBuffer()
 .text._GLOBAL__sub_I__ZN7arduino12ZephyrSerial5beginEmt
                0x000000000000457c       0x5c /home/arduino/ArduinoApps/streamlit-test/.cache/sketch/core/core.a(zephyrSerial.cpp.o)
 *(.text.*)
 *(.text._*)
 *(.init)
 *(.ctors)
 *(.dtors)
 *(.fini)
                0x00000000000045d8                __static_thread_data_list_start = .
 *(SORT_BY_NAME(.__static_thread_data.static.*))
                0x00000000000045d8                __static_thread_data_list_end = .

.rodata         0x00000000000045d8      0x224
 *(.rodata)
 *(.rodata1)
 *(.rodata.*)
 .rodata._ZN8RpcErrorC2Ev.str1.1
                0x00000000000045d8        0x1 /home/arduino/ArduinoApps/streamlit-test/.cache/sketch/sketch/sketch.ino.cpp.o
 .rodata._ZNSt6vectorIjSaIjEE17_M_realloc_insertIJRjEEEvN9__gnu_cxx17__normal_iteratorIPjS1_EEDpOT_.str1.1
                0x00000000000045d9       0x1a /home/arduino/ArduinoApps/streamlit-test/.cache/sketch/sketch/sketch.ino.cpp.o
 .rodata._ZN18RpcFunctionWrapperISt8functionIFvvEEEclERN7arduino7msgpack8UnpackerERNS5_6PackerE.str1.1
                0x00000000000045f3       0x34 /home/arduino/ArduinoApps/streamlit-test/.cache/sketch/sketch/sketch.ino.cpp.o
 .rodata._ZN10RpcDecoderILj1024EE12get_responseIN7arduino7msgpack6object5nil_tEEEbjRT_R8RpcError.str1.1
                0x0000000000004627       0x7b /home/arduino/ArduinoApps/streamlit-test/.cache/sketch/sketch/sketch.ino.cpp.o
 .rodata._ZN7arduino7msgpack6object3extC2EaPKhj.str1.1
                0x00000000000046a2       0x28 /home/arduino/ArduinoApps/streamlit-test/.cache/sketch/sketch/sketch.ino.cpp.o
 .rodata._ZN11BridgeClass11update_safeEv.str1.1
                0x00000000000046ca        0x9 /home/arduino/ArduinoApps/streamlit-test/.cache/sketch/sketch/sketch.ino.cpp.o
 .rodata._ZN11BridgeClass7provideIRFvvEEEbRKN7arduino6StringEOT_.isra.0.str1.1
                0x00000000000046d3        0xb /home/arduino/ArduinoApps/streamlit-test/.cache/sketch/sketch/sketch.ino.cpp.o
 .rodata.setup.str1.1
                0x00000000000046de       0x2b /home/arduino/ArduinoApps/streamlit-test/.cache/sketch/sketch/sketch.ino.cpp.o
 .rodata._ZN13BridgeMonitorILj512EE5writeEPKhj.str1.1
                0x0000000000004709        0xa /home/arduino/ArduinoApps/streamlit-test/.cache/sketch/sketch/sketch.ino.cpp.o
 .rodata._ZN13BridgeMonitorILj512EE5_readEj.str1.1
                0x0000000000004713        0x9 /home/arduino/ArduinoApps/streamlit-test/.cache/sketch/sketch/sketch.ino.cpp.o
 .rodata._ZTV15SerialTransport
                0x000000000000471c       0x20 /home/arduino/ArduinoApps/streamlit-test/.cache/sketch/sketch/sketch.ino.cpp.o
                0x000000000000471c                vtable for SerialTransport
 .rodata._ZTV13BridgeMonitorILj512EE
                0x000000000000473c       0x24 /home/arduino/ArduinoApps/streamlit-test/.cache/sketch/sketch/sketch.ino.cpp.o
                0x000000000000473c                vtable for BridgeMonitor<512u>
 .rodata._ZTV18RpcFunctionWrapperISt8functionIFvvEEE
                0x0000000000004760       0x14 /home/arduino/ArduinoApps/streamlit-test/.cache/sketch/sketch/sketch.ino.cpp.o
                0x0000000000004760                vtable for RpcFunctionWrapper<std::function<void ()> >
 .rodata.str1.1
                0x0000000000004774       0x51 /home/arduino/ArduinoApps/streamlit-test/.cache/sketch/core/core.a(main.cpp.o)
 *fill*         0x00000000000047c5        0x3 
 .rodata._ZTVN7arduino12ZephyrSerialE
                0x00000000000047c8       0x34 /home/arduino/ArduinoApps/streamlit-test/.cache/sketch/core/core.a(zephyrSerial.cpp.o)
                0x00000000000047c8                vtable for arduino::ZephyrSerial

.data           0x00000000000047fc       0xd0
 *(.data .data.*)
 .data.logo     0x00000000000047fc       0x68 /home/arduino/ArduinoApps/streamlit-test/.cache/sketch/sketch/sketch.ino.cpp.o
                0x00000000000047fc                logo
 .data.gradation
                0x0000000000004864       0x68 /home/arduino/ArduinoApps/streamlit-test/.cache/sketch/sketch/sketch.ino.cpp.o
                0x0000000000004864                gradation

.bss            0x00000000000048d0     0x126c
 *(.bss .bss.* COMMON)
 .bss._ZN17RpcDecoderManagerILj3EE14decoders_countE
                0x00000000000048d0        0x4 /home/arduino/ArduinoApps/streamlit-test/.cache/sketch/sketch/sketch.ino.cpp.o
                0x00000000000048d0                RpcDecoderManager<3u>::decoders_count
 .bss._ZGVN17RpcDecoderManagerILj3EE9decoders_E
                0x00000000000048d4        0x4 /home/arduino/ArduinoApps/streamlit-test/.cache/sketch/sketch/sketch.ino.cpp.o
                0x00000000000048d4                guard variable for RpcDecoderManager<3u>::decoders_
 .bss._ZN17RpcDecoderManagerILj3EE9decoders_E
                0x00000000000048d8      0xc60 /home/arduino/ArduinoApps/streamlit-test/.cache/sketch/sketch/sketch.ino.cpp.o
                0x00000000000048d8                RpcDecoderManager<3u>::decoders_
 .bss._ZGVZN7arduino7msgpack8Unpacker10from_arrayIJRiRNS_6StringEEEEbDpOT_E2sz
                0x0000000000005538        0x4 /home/arduino/ArduinoApps/streamlit-test/.cache/sketch/sketch/sketch.ino.cpp.o
                0x0000000000005538                guard variable for arduino::msgpack::Unpacker::from_array<int&, arduino::String&>(int&, arduino::String&)::sz
 .bss._ZZN7arduino7msgpack8Unpacker10from_arrayIJRiRNS_6StringEEEEbDpOT_E2sz
                0x000000000000553c        0x4 /home/arduino/ArduinoApps/streamlit-test/.cache/sketch/sketch/sketch.ino.cpp.o
                0x000000000000553c                arduino::msgpack::Unpacker::from_array<int&, arduino::String&>(int&, arduino::String&)::sz
 .bss.matrix    0x0000000000005540       0x28 /home/arduino/ArduinoApps/streamlit-test/.cache/sketch/sketch/sketch.ino.cpp.o
                0x0000000000005540                matrix
 .bss._ZN12RouterBridge3HCIE
                0x0000000000005568       0x28 /home/arduino/ArduinoApps/streamlit-test/.cache/sketch/sketch/sketch.ino.cpp.o
                0x0000000000005568                RouterBridge::HCI
 .bss.Monitor   0x0000000000005590      0x238 /home/arduino/ArduinoApps/streamlit-test/.cache/sketch/sketch/sketch.ino.cpp.o
                0x0000000000005590                Monitor
 .bss.Bridge    0x00000000000057c8      0x140 /home/arduino/ArduinoApps/streamlit-test/.cache/sketch/sketch/sketch.ino.cpp.o
                0x00000000000057c8                Bridge
 .bss._ZZN8RpcUtils6detail12unpackObjectERN7arduino7msgpack8UnpackerEE1t
                0x0000000000005908       0x10 /home/arduino/ArduinoApps/streamlit-test/.cache/sketch/sketch/sketch.ino.cpp.o
                0x0000000000005908                RpcUtils::detail::unpackObject(arduino::msgpack::Unpacker&)::t
 .bss._ZGVZN8RpcUtils6detail12unpackObjectERN7arduino7msgpack8UnpackerEE1e
                0x0000000000005918        0x4 /home/arduino/ArduinoApps/streamlit-test/.cache/sketch/sketch/sketch.ino.cpp.o
                0x0000000000005918                guard variable for RpcUtils::detail::unpackObject(arduino::msgpack::Unpacker&)::e
 .bss._ZZN8RpcUtils6detail12unpackObjectERN7arduino7msgpack8UnpackerEE1e
                0x000000000000591c        0xc /home/arduino/ArduinoApps/streamlit-test/.cache/sketch/sketch/sketch.ino.cpp.o
                0x000000000000591c                RpcUtils::detail::unpackObject(arduino::msgpack::Unpacker&)::e
 .bss._ZZN8RpcUtils6detail12unpackObjectERN7arduino7msgpack8UnpackerEE6map_sz
                0x0000000000005928        0x4 /home/arduino/ArduinoApps/streamlit-test/.cache/sketch/sketch/sketch.ino.cpp.o
                0x0000000000005928                RpcUtils::detail::unpackObject(arduino::msgpack::Unpacker&)::map_sz
 .bss._ZZN8RpcUtils6detail12unpackObjectERN7arduino7msgpack8UnpackerEE6arr_sz
                0x000000000000592c        0x4 /home/arduino/ArduinoApps/streamlit-test/.cache/sketch/sketch/sketch.ino.cpp.o
                0x000000000000592c                RpcUtils::detail::unpackObject(arduino::msgpack::Unpacker&)::arr_sz
 .bss._ZGVZN8RpcUtils6detail12unpackObjectERN7arduino7msgpack8UnpackerEE5bytes
                0x0000000000005930        0x4 /home/arduino/ArduinoApps/streamlit-test/.cache/sketch/sketch/sketch.ino.cpp.o
                0x0000000000005930                guard variable for RpcUtils::detail::unpackObject(arduino::msgpack::Unpacker&)::bytes
 .bss._ZZN8RpcUtils6detail12unpackObjectERN7arduino7msgpack8UnpackerEE5bytes
                0x0000000000005934        0xc /home/arduino/ArduinoApps/streamlit-test/.cache/sketch/sketch/sketch.ino.cpp.o
                0x0000000000005934                RpcUtils::detail::unpackObject(arduino::msgpack::Unpacker&)::bytes
 .bss._ZGVZN8RpcUtils6detail12unpackObjectERN7arduino7msgpack8UnpackerEE6string
                0x0000000000005940        0x4 /home/arduino/ArduinoApps/streamlit-test/.cache/sketch/sketch/sketch.ino.cpp.o
                0x0000000000005940                guard variable for RpcUtils::detail::unpackObject(arduino::msgpack::Unpacker&)::string
 .bss._ZZN8RpcUtils6detail12unpackObjectERN7arduino7msgpack8UnpackerEE6string
                0x0000000000005944        0xc /home/arduino/ArduinoApps/streamlit-test/.cache/sketch/sketch/sketch.ino.cpp.o
                0x0000000000005944                RpcUtils::detail::unpackObject(arduino::msgpack::Unpacker&)::string
 .bss._ZZN8RpcUtils6detail12unpackObjectERN7arduino7msgpack8UnpackerEE5num64
                0x0000000000005950        0x8 /home/arduino/ArduinoApps/streamlit-test/.cache/sketch/sketch/sketch.ino.cpp.o
                0x0000000000005950                RpcUtils::detail::unpackObject(arduino::msgpack::Unpacker&)::num64
 .bss._ZZN8RpcUtils6detail12unpackObjectERN7arduino7msgpack8UnpackerEE5num32
                0x0000000000005958        0x4 /home/arduino/ArduinoApps/streamlit-test/.cache/sketch/sketch/sketch.ino.cpp.o
                0x0000000000005958                RpcUtils::detail::unpackObject(arduino::msgpack::Unpacker&)::num32
 .bss._ZZN8RpcUtils6detail12unpackObjectERN7arduino7msgpack8UnpackerEE7integer
                0x000000000000595c        0x4 /home/arduino/ArduinoApps/streamlit-test/.cache/sketch/sketch/sketch.ino.cpp.o
                0x000000000000595c                RpcUtils::detail::unpackObject(arduino::msgpack::Unpacker&)::integer
 .bss._ZZN8RpcUtils6detail12unpackObjectERN7arduino7msgpack8UnpackerEE1b
                0x0000000000005960        0x1 /home/arduino/ArduinoApps/streamlit-test/.cache/sketch/sketch/sketch.ino.cpp.o
                0x0000000000005960                RpcUtils::detail::unpackObject(arduino::msgpack::Unpacker&)::b
 .bss._ZZN8RpcUtils6detail12unpackObjectERN7arduino7msgpack8UnpackerEE3nil
                0x0000000000005961        0x1 /home/arduino/ArduinoApps/streamlit-test/.cache/sketch/sketch/sketch.ino.cpp.o
                0x0000000000005961                RpcUtils::detail::unpackObject(arduino::msgpack::Unpacker&)::nil
 *fill*         0x0000000000005962        0x2 
 .bss.Serial1   0x0000000000005964       0xec /home/arduino/ArduinoApps/streamlit-test/.cache/sketch/core/core.a(zephyrSerial.cpp.o)
                0x0000000000005964                Serial1
 .bss.Serial    0x0000000000005a50       0xec /home/arduino/ArduinoApps/streamlit-test/.cache/sketch/core/core.a(zephyrSerial.cpp.o)
                0x0000000000005a50                Serial
 *(.noinit .noinit.*)

.exported_sym   0x0000000000005b3c        0x8
 *(.exported_sym)
 .exported_sym  0x0000000000005b3c        0x8 /home/arduino/ArduinoApps/streamlit-test/.cache/sketch/core/core.a(main.cpp.o)
 *(.exported_sym.*)

.init_array     0x0000000000005b44        0x8
 *(.init_array)
 .init_array    0x0000000000005b44        0x4 /home/arduino/ArduinoApps/streamlit-test/.cache/sketch/sketch/sketch.ino.cpp.o
 .init_array    0x0000000000005b48        0x4 /home/arduino/ArduinoApps/streamlit-test/.cache/sketch/core/core.a(zephyrSerial.cpp.o)

.fini_array     0x0000000000005b4c        0x4
 *(.fini_array)
 .fini_array    0x0000000000005b4c        0x4 /home/arduino/ArduinoApps/streamlit-test/.cache/sketch/sketch/sketch.ino.cpp.o

.symtab
 *(.symtab)

.strtab
 *(.strtab)

.shstrtab
 *(.shstrtab)

.rel
 *(.rel .rel.*)

.got
 *(.got .got.* .got.plt .got.plt*)
OUTPUT(/home/arduino/ArduinoApps/streamlit-test/.cache/sketch/sketch.ino_debug.elf elf32-littlearm)
LOAD linker stubs

.debug_info     0x0000000000000000    0x41fdc
 .debug_info    0x0000000000000000    0x2f4d7 /home/arduino/ArduinoApps/streamlit-test/.cache/sketch/sketch/sketch.ino.cpp.o
 .debug_info    0x000000000002f4d7      0x1de /home/arduino/ArduinoApps/streamlit-test/.cache/sketch/core/core.a(abi.cpp.o)
 .debug_info    0x000000000002f6b5     0x1f74 /home/arduino/ArduinoApps/streamlit-test/.cache/sketch/core/core.a(Stream.cpp.o)
 .debug_info    0x0000000000031629     0x3e0c /home/arduino/ArduinoApps/streamlit-test/.cache/sketch/core/core.a(String.cpp.o)
 .debug_info    0x0000000000035435     0x1e2b /home/arduino/ArduinoApps/streamlit-test/.cache/sketch/core/core.a(main.cpp.o)
 .debug_info    0x0000000000037260      0x7af /home/arduino/ArduinoApps/streamlit-test/.cache/sketch/core/core.a(new.cpp.o)
 .debug_info    0x0000000000037a0f     0x2000 /home/arduino/ArduinoApps/streamlit-test/.cache/sketch/core/core.a(threads.cpp.o)
 .debug_info    0x0000000000039a0f     0x4c54 /home/arduino/ArduinoApps/streamlit-test/.cache/sketch/core/core.a(zephyrCommon.cpp.o)
 .debug_info    0x000000000003e663     0x3979 /home/arduino/ArduinoApps/streamlit-test/.cache/sketch/core/core.a(zephyrSerial.cpp.o)

.debug_abbrev   0x0000000000000000     0x41ee
 .debug_abbrev  0x0000000000000000     0x158f /home/arduino/ArduinoApps/streamlit-test/.cache/sketch/sketch/sketch.ino.cpp.o
 .debug_abbrev  0x000000000000158f      0x154 /home/arduino/ArduinoApps/streamlit-test/.cache/sketch/core/core.a(abi.cpp.o)
 .debug_abbrev  0x00000000000016e3      0x500 /home/arduino/ArduinoApps/streamlit-test/.cache/sketch/core/core.a(Stream.cpp.o)
 .debug_abbrev  0x0000000000001be3      0x5d4 /home/arduino/ArduinoApps/streamlit-test/.cache/sketch/core/core.a(String.cpp.o)
 .debug_abbrev  0x00000000000021b7      0x538 /home/arduino/ArduinoApps/streamlit-test/.cache/sketch/core/core.a(main.cpp.o)
 .debug_abbrev  0x00000000000026ef      0x234 /home/arduino/ArduinoApps/streamlit-test/.cache/sketch/core/core.a(new.cpp.o)
 .debug_abbrev  0x0000000000002923      0x545 /home/arduino/ArduinoApps/streamlit-test/.cache/sketch/core/core.a(threads.cpp.o)
 .debug_abbrev  0x0000000000002e68      0xa59 /home/arduino/ArduinoApps/streamlit-test/.cache/sketch/core/core.a(zephyrCommon.cpp.o)
 .debug_abbrev  0x00000000000038c1      0x92d /home/arduino/ArduinoApps/streamlit-test/.cache/sketch/core/core.a(zephyrSerial.cpp.o)

.debug_loclists
                0x0000000000000000     0xd579
 .debug_loclists
                0x0000000000000000     0x98a0 /home/arduino/ArduinoApps/streamlit-test/.cache/sketch/sketch/sketch.ino.cpp.o
 .debug_loclists
                0x00000000000098a0       0x88 /home/arduino/ArduinoApps/streamlit-test/.cache/sketch/core/core.a(abi.cpp.o)
 .debug_loclists
                0x0000000000009928      0x883 /home/arduino/ArduinoApps/streamlit-test/.cache/sketch/core/core.a(Stream.cpp.o)
 .debug_loclists
                0x000000000000a1ab     0x1943 /home/arduino/ArduinoApps/streamlit-test/.cache/sketch/core/core.a(String.cpp.o)
 .debug_loclists
                0x000000000000baee       0x72 /home/arduino/ArduinoApps/streamlit-test/.cache/sketch/core/core.a(main.cpp.o)
 .debug_loclists
                0x000000000000bb60      0x2bc /home/arduino/ArduinoApps/streamlit-test/.cache/sketch/core/core.a(new.cpp.o)
 .debug_loclists
                0x000000000000be1c       0xf4 /home/arduino/ArduinoApps/streamlit-test/.cache/sketch/core/core.a(threads.cpp.o)
 .debug_loclists
                0x000000000000bf10      0xedd /home/arduino/ArduinoApps/streamlit-test/.cache/sketch/core/core.a(zephyrCommon.cpp.o)
 .debug_loclists
                0x000000000000cded      0x78c /home/arduino/ArduinoApps/streamlit-test/.cache/sketch/core/core.a(zephyrSerial.cpp.o)

.debug_aranges  0x0000000000000000      0xb38
 .debug_aranges
                0x0000000000000000      0x4c0 /home/arduino/ArduinoApps/streamlit-test/.cache/sketch/sketch/sketch.ino.cpp.o
 .debug_aranges
                0x00000000000004c0       0x58 /home/arduino/ArduinoApps/streamlit-test/.cache/sketch/core/core.a(abi.cpp.o)
 .debug_aranges
                0x0000000000000518       0x90 /home/arduino/ArduinoApps/streamlit-test/.cache/sketch/core/core.a(Stream.cpp.o)
 .debug_aranges
                0x00000000000005a8      0x298 /home/arduino/ArduinoApps/streamlit-test/.cache/sketch/core/core.a(String.cpp.o)
 .debug_aranges
                0x0000000000000840       0x38 /home/arduino/ArduinoApps/streamlit-test/.cache/sketch/core/core.a(main.cpp.o)
 .debug_aranges
                0x0000000000000878       0xb0 /home/arduino/ArduinoApps/streamlit-test/.cache/sketch/core/core.a(new.cpp.o)
 .debug_aranges
                0x0000000000000928       0x20 /home/arduino/ArduinoApps/streamlit-test/.cache/sketch/core/core.a(threads.cpp.o)
 .debug_aranges
                0x0000000000000948      0x130 /home/arduino/ArduinoApps/streamlit-test/.cache/sketch/core/core.a(zephyrCommon.cpp.o)
 .debug_aranges
                0x0000000000000a78       0xc0 /home/arduino/ArduinoApps/streamlit-test/.cache/sketch/core/core.a(zephyrSerial.cpp.o)

.debug_rnglists
                0x0000000000000000     0x201e
 .debug_rnglists
                0x0000000000000000     0x15e2 /home/arduino/ArduinoApps/streamlit-test/.cache/sketch/sketch/sketch.ino.cpp.o
 .debug_rnglists
                0x00000000000015e2       0x3d /home/arduino/ArduinoApps/streamlit-test/.cache/sketch/core/core.a(abi.cpp.o)
 .debug_rnglists
                0x000000000000161f      0x103 /home/arduino/ArduinoApps/streamlit-test/.cache/sketch/core/core.a(Stream.cpp.o)
 .debug_rnglists
                0x0000000000001722      0x375 /home/arduino/ArduinoApps/streamlit-test/.cache/sketch/core/core.a(String.cpp.o)
 .debug_rnglists
                0x0000000000001a97       0x33 /home/arduino/ArduinoApps/streamlit-test/.cache/sketch/core/core.a(main.cpp.o)
 .debug_rnglists
                0x0000000000001aca       0x7f /home/arduino/ArduinoApps/streamlit-test/.cache/sketch/core/core.a(new.cpp.o)
 .debug_rnglists
                0x0000000000001b49       0x47 /home/arduino/ArduinoApps/streamlit-test/.cache/sketch/core/core.a(threads.cpp.o)
 .debug_rnglists
                0x0000000000001b90      0x2cc /home/arduino/ArduinoApps/streamlit-test/.cache/sketch/core/core.a(zephyrCommon.cpp.o)
 .debug_rnglists
                0x0000000000001e5c      0x1c2 /home/arduino/ArduinoApps/streamlit-test/.cache/sketch/core/core.a(zephyrSerial.cpp.o)

.debug_line     0x0000000000000000     0xe17f
 .debug_line    0x0000000000000000     0x817e /home/arduino/ArduinoApps/streamlit-test/.cache/sketch/sketch/sketch.ino.cpp.o
 .debug_line    0x000000000000817e      0x138 /home/arduino/ArduinoApps/streamlit-test/.cache/sketch/core/core.a(abi.cpp.o)
 .debug_line    0x00000000000082b6      0x8d4 /home/arduino/ArduinoApps/streamlit-test/.cache/sketch/core/core.a(Stream.cpp.o)
 .debug_line    0x0000000000008b8a     0x1a12 /home/arduino/ArduinoApps/streamlit-test/.cache/sketch/core/core.a(String.cpp.o)
 .debug_line    0x000000000000a59c      0x83b /home/arduino/ArduinoApps/streamlit-test/.cache/sketch/core/core.a(main.cpp.o)
 .debug_line    0x000000000000add7      0x36b /home/arduino/ArduinoApps/streamlit-test/.cache/sketch/core/core.a(new.cpp.o)
 .debug_line    0x000000000000b142      0x906 /home/arduino/ArduinoApps/streamlit-test/.cache/sketch/core/core.a(threads.cpp.o)
 .debug_line    0x000000000000ba48     0x17b8 /home/arduino/ArduinoApps/streamlit-test/.cache/sketch/core/core.a(zephyrCommon.cpp.o)
 .debug_line    0x000000000000d200      0xf7f /home/arduino/ArduinoApps/streamlit-test/.cache/sketch/core/core.a(zephyrSerial.cpp.o)

.debug_str      0x0000000000000000    0x2e0c4
 .debug_str     0x0000000000000000    0x212fa /home/arduino/ArduinoApps/streamlit-test/.cache/sketch/sketch/sketch.ino.cpp.o
 .debug_str     0x00000000000212fa      0x40d /home/arduino/ArduinoApps/streamlit-test/.cache/sketch/core/core.a(abi.cpp.o)
 .debug_str     0x0000000000021707     0x167e /home/arduino/ArduinoApps/streamlit-test/.cache/sketch/core/core.a(Stream.cpp.o)
 .debug_str     0x0000000000022d85     0x1828 /home/arduino/ArduinoApps/streamlit-test/.cache/sketch/core/core.a(String.cpp.o)
 .debug_str     0x00000000000245ad     0x1fdf /home/arduino/ArduinoApps/streamlit-test/.cache/sketch/core/core.a(main.cpp.o)
 .debug_str     0x000000000002658c      0x4d7 /home/arduino/ArduinoApps/streamlit-test/.cache/sketch/core/core.a(new.cpp.o)
 .debug_str     0x0000000000026a63     0x1c23 /home/arduino/ArduinoApps/streamlit-test/.cache/sketch/core/core.a(threads.cpp.o)
 .debug_str     0x0000000000028686     0x2fa4 /home/arduino/ArduinoApps/streamlit-test/.cache/sketch/core/core.a(zephyrCommon.cpp.o)
 .debug_str     0x000000000002b62a     0x2a9a /home/arduino/ArduinoApps/streamlit-test/.cache/sketch/core/core.a(zephyrSerial.cpp.o)

.debug_frame    0x0000000000000000     0x23a0
 .debug_frame   0x0000000000000000     0x1190 /home/arduino/ArduinoApps/streamlit-test/.cache/sketch/sketch/sketch.ino.cpp.o
 .debug_frame   0x0000000000001190       0x90 /home/arduino/ArduinoApps/streamlit-test/.cache/sketch/core/core.a(abi.cpp.o)
 .debug_frame   0x0000000000001220      0x1fc /home/arduino/ArduinoApps/streamlit-test/.cache/sketch/core/core.a(Stream.cpp.o)
 .debug_frame   0x000000000000141c      0x7e8 /home/arduino/ArduinoApps/streamlit-test/.cache/sketch/core/core.a(String.cpp.o)
 .debug_frame   0x0000000000001c04       0x68 /home/arduino/ArduinoApps/streamlit-test/.cache/sketch/core/core.a(main.cpp.o)
 .debug_frame   0x0000000000001c6c      0x140 /home/arduino/ArduinoApps/streamlit-test/.cache/sketch/core/core.a(new.cpp.o)
 .debug_frame   0x0000000000001dac       0x48 /home/arduino/ArduinoApps/streamlit-test/.cache/sketch/core/core.a(threads.cpp.o)
 .debug_frame   0x0000000000001df4      0x39c /home/arduino/ArduinoApps/streamlit-test/.cache/sketch/core/core.a(zephyrCommon.cpp.o)
 .debug_frame   0x0000000000002190      0x210 /home/arduino/ArduinoApps/streamlit-test/.cache/sketch/core/core.a(zephyrSerial.cpp.o)
