Archive member included to satisfy reference by file (symbol)

/home/arduino/ArduinoApps/bmm150_bmi270_ahrs/.cache/sketch/core/core.a(abi.cpp.o)
                              /home/arduino/ArduinoApps/bmm150_bmi270_ahrs/.cache/sketch/sketch/sketch.ino.cpp.o (std::__throw_length_error(char const*))
/home/arduino/ArduinoApps/bmm150_bmi270_ahrs/.cache/sketch/core/core.a(Print.cpp.o)
                              /home/arduino/ArduinoApps/bmm150_bmi270_ahrs/.cache/sketch/sketch/sketch.ino.cpp.o (arduino::Print::println(char const*))
/home/arduino/ArduinoApps/bmm150_bmi270_ahrs/.cache/sketch/core/core.a(Stream.cpp.o)
                              /home/arduino/ArduinoApps/bmm150_bmi270_ahrs/.cache/sketch/sketch/sketch.ino.cpp.o (arduino::Stream::setTimeout(unsigned long))
/home/arduino/ArduinoApps/bmm150_bmi270_ahrs/.cache/sketch/core/core.a(String.cpp.o)
                              /home/arduino/ArduinoApps/bmm150_bmi270_ahrs/.cache/sketch/sketch/sketch.ino.cpp.o (arduino::String::String(arduino::String&&))
/home/arduino/ArduinoApps/bmm150_bmi270_ahrs/.cache/sketch/core/core.a(itoa.cpp.o)
                              /home/arduino/ArduinoApps/bmm150_bmi270_ahrs/.cache/sketch/core/core.a(String.cpp.o) (dtostrf)
/home/arduino/ArduinoApps/bmm150_bmi270_ahrs/.cache/sketch/core/core.a(main.cpp.o)
                              (main)
/home/arduino/ArduinoApps/bmm150_bmi270_ahrs/.cache/sketch/core/core.a(new.cpp.o)
                              /home/arduino/ArduinoApps/bmm150_bmi270_ahrs/.cache/sketch/sketch/sketch.ino.cpp.o (operator new(unsigned int))
/home/arduino/ArduinoApps/bmm150_bmi270_ahrs/.cache/sketch/core/core.a(threads.cpp.o)
                              /home/arduino/ArduinoApps/bmm150_bmi270_ahrs/.cache/sketch/core/core.a(main.cpp.o) (start_static_threads())
/home/arduino/ArduinoApps/bmm150_bmi270_ahrs/.cache/sketch/core/core.a(zephyrCommon.cpp.o)
                              /home/arduino/ArduinoApps/bmm150_bmi270_ahrs/.cache/sketch/libraries/DFRobot_BMM150/DFRobot_BMM150.cpp.o (pinMode)
/home/arduino/ArduinoApps/bmm150_bmi270_ahrs/.cache/sketch/core/core.a(zephyrSerial.cpp.o)
                              /home/arduino/ArduinoApps/bmm150_bmi270_ahrs/.cache/sketch/sketch/sketch.ino.cpp.o (arduino::ZephyrSerial::begin(unsigned long, unsigned short))
/home/arduino/ArduinoApps/bmm150_bmi270_ahrs/.cache/sketch/core/core.a(Common.cpp.o)
                              /home/arduino/ArduinoApps/bmm150_bmi270_ahrs/.cache/sketch/core/core.a(zephyrCommon.cpp.o) (map(long, long, long, long, long))

Discarded input sections

 .group         0x0000000000000000        0x8 /home/arduino/ArduinoApps/bmm150_bmi270_ahrs/.cache/sketch/sketch/sketch.ino.cpp.o
 .group         0x0000000000000000        0x8 /home/arduino/ArduinoApps/bmm150_bmi270_ahrs/.cache/sketch/sketch/sketch.ino.cpp.o
 .group         0x0000000000000000        0x8 /home/arduino/ArduinoApps/bmm150_bmi270_ahrs/.cache/sketch/sketch/sketch.ino.cpp.o
 .group         0x0000000000000000        0x8 /home/arduino/ArduinoApps/bmm150_bmi270_ahrs/.cache/sketch/sketch/sketch.ino.cpp.o
 .group         0x0000000000000000       0x10 /home/arduino/ArduinoApps/bmm150_bmi270_ahrs/.cache/sketch/sketch/sketch.ino.cpp.o
 .group         0x0000000000000000        0x8 /home/arduino/ArduinoApps/bmm150_bmi270_ahrs/.cache/sketch/sketch/sketch.ino.cpp.o
 .group         0x0000000000000000       0x24 /home/arduino/ArduinoApps/bmm150_bmi270_ahrs/.cache/sketch/sketch/sketch.ino.cpp.o
 .group         0x0000000000000000        0xc /home/arduino/ArduinoApps/bmm150_bmi270_ahrs/.cache/sketch/sketch/sketch.ino.cpp.o
 .group         0x0000000000000000        0xc /home/arduino/ArduinoApps/bmm150_bmi270_ahrs/.cache/sketch/sketch/sketch.ino.cpp.o
 .group         0x0000000000000000        0xc /home/arduino/ArduinoApps/bmm150_bmi270_ahrs/.cache/sketch/sketch/sketch.ino.cpp.o
 .group         0x0000000000000000        0x8 /home/arduino/ArduinoApps/bmm150_bmi270_ahrs/.cache/sketch/sketch/sketch.ino.cpp.o
 .group         0x0000000000000000        0xc /home/arduino/ArduinoApps/bmm150_bmi270_ahrs/.cache/sketch/sketch/sketch.ino.cpp.o
 .group         0x0000000000000000        0xc /home/arduino/ArduinoApps/bmm150_bmi270_ahrs/.cache/sketch/sketch/sketch.ino.cpp.o
 .group         0x0000000000000000        0x8 /home/arduino/ArduinoApps/bmm150_bmi270_ahrs/.cache/sketch/sketch/sketch.ino.cpp.o
 .group         0x0000000000000000       0x14 /home/arduino/ArduinoApps/bmm150_bmi270_ahrs/.cache/sketch/sketch/sketch.ino.cpp.o
 .group         0x0000000000000000        0x8 /home/arduino/ArduinoApps/bmm150_bmi270_ahrs/.cache/sketch/sketch/sketch.ino.cpp.o
 .group         0x0000000000000000        0x8 /home/arduino/ArduinoApps/bmm150_bmi270_ahrs/.cache/sketch/sketch/sketch.ino.cpp.o
 .group         0x0000000000000000        0x8 /home/arduino/ArduinoApps/bmm150_bmi270_ahrs/.cache/sketch/sketch/sketch.ino.cpp.o
[...]
Memory Configuration

Name             Origin             Length             Attributes
*default*        0x0000000000000000 0xffffffffffffffff

Linker script and memory map

LOAD /home/arduino/.arduino15/packages/zephyr/tools/arm-zephyr-eabi/0.16.8/bin/../lib/gcc/../../picolibc/arm-zephyr-eabi/lib/thumb/v8-m.main+fp/hard/libstdc++.a
LOAD /home/arduino/.arduino15/packages/zephyr/tools/arm-zephyr-eabi/0.16.8/bin/../lib/gcc/../../picolibc/arm-zephyr-eabi/lib/thumb/v8-m.main+fp/hard/libsupc++.a
LOAD /home/arduino/.arduino15/packages/zephyr/tools/arm-zephyr-eabi/0.16.8/bin/../lib/gcc/arm-zephyr-eabi/12.2.0/../../../../arm-zephyr-eabi/lib/thumb/v8-m.main+fp/hard/libnosys.a
LOAD /home/arduino/ArduinoApps/bmm150_bmi270_ahrs/.cache/sketch/sketch/sketch.ino.cpp.o
LOAD /home/arduino/ArduinoApps/bmm150_bmi270_ahrs/.cache/sketch/libraries/DFRobot_BMM150/DFRobot_BMM150.cpp.o
LOAD /home/arduino/ArduinoApps/bmm150_bmi270_ahrs/.cache/sketch/libraries/SparkFun BMI270 Arduino Library/SparkFun_BMI270_Arduino_Library.cpp.o
LOAD /home/arduino/ArduinoApps/bmm150_bmi270_ahrs/.cache/sketch/libraries/SparkFun BMI270 Arduino Library/bmi270_api/bmi2.c.o
LOAD /home/arduino/ArduinoApps/bmm150_bmi270_ahrs/.cache/sketch/libraries/SparkFun BMI270 Arduino Library/bmi270_api/bmi270.c.o
LOAD /home/arduino/ArduinoApps/bmm150_bmi270_ahrs/.cache/sketch/libraries/SparkFun BMI270 Arduino Library/bmi270_api/bmi270_context.c.o
LOAD /home/arduino/ArduinoApps/bmm150_bmi270_ahrs/.cache/sketch/libraries/SparkFun BMI270 Arduino Library/bmi270_api/bmi270_legacy.c.o
LOAD /home/arduino/ArduinoApps/bmm150_bmi270_ahrs/.cache/sketch/libraries/SparkFun BMI270 Arduino Library/bmi270_api/bmi270_maximum_fifo.c.o
LOAD /home/arduino/ArduinoApps/bmm150_bmi270_ahrs/.cache/sketch/libraries/SparkFun BMI270 Arduino Library/bmi270_api/bmi2_ois.c.o
LOAD /home/arduino/ArduinoApps/bmm150_bmi270_ahrs/.cache/sketch/libraries/Wire/Wire.cpp.o
LOAD /home/arduino/ArduinoApps/bmm150_bmi270_ahrs/.cache/sketch/libraries/SPI/SPI.cpp.o
LOAD /home/arduino/ArduinoApps/bmm150_bmi270_ahrs/.cache/sketch/core/analogReference.cpp.o
START GROUP
LOAD /home/arduino/ArduinoApps/bmm150_bmi270_ahrs/.cache/sketch/core/core.a
LOAD /home/arduino/.arduino15/packages/zephyr/tools/arm-zephyr-eabi/0.16.8/bin/../lib/gcc/../../picolibc/arm-zephyr-eabi/lib/thumb/v8-m.main+fp/hard/libstdc++.a
LOAD /home/arduino/.arduino15/packages/zephyr/tools/arm-zephyr-eabi/0.16.8/bin/../lib/gcc/../../picolibc/arm-zephyr-eabi/lib/thumb/v8-m.main+fp/hard/libsupc++.a
END GROUP

/DISCARD/
 *(.ARM.attributes)
 *(.ARM.attributes.*)
 *(.ARM.exidx)
 *(.ARM.exidx.*)
 *(.ARM.extidx)
 *(.ARM.extidx.*)
 *(.ARM.extab)
 *(.ARM.extab.*)
 *(.comment)
 *(.comment.*)
 *(.llvmbc)
 *(.llvmcmd)
 *(.eh_frame)
 *stdexcept.o()
 *eh_*.o()
 *cow-stdexcept.o()
 *functexcept.o()
 *cow-string-inst.o()

.text           0x0000000000000000    0x125bc
 *(.text)
 .text          0x0000000000000000     0x943c /home/arduino/ArduinoApps/bmm150_bmi270_ahrs/.cache/sketch/libraries/SparkFun BMI270 Arduino Library/bmi270_api/bmi2.c.o
                0x0000000000000000                bmi2_sec_init
                0x00000000000000c0                bmi2_get_regs
                0x00000000000001a6                bmi2_set_regs
                0x00000000000002ac                bmi2_soft_reset
                0x000000000000034e                bmi2_get_config_file_version
                0x0000000000000398                bmi2_set_adv_power_save
                0x0000000000000430                bmi2_get_adv_power_save
                0x0000000000000498                bmi2_write_config_file
                0x0000000000000542                bmi2_set_int_pin_config
                0x000000000000070c                bmi2_get_int_pin_config
                0x0000000000000818                bmi2_get_int_status
                0x000000000000087e                bmi2_sensor_enable
                0x00000000000008ea                bmi2_sensor_disable
                0x0000000000000956                bmi2_set_sensor_config
                0x0000000000000ac0                bmi2_get_sensor_config
                0x0000000000000c5a                bmi2_get_feature_data
                0x0000000000000d48                bmi2_get_sensor_data
                0x0000000000000d9c                bmi2_get_temperature_data
                0x0000000000000df0                bmi2_parse_sensor_data
                0x0000000000000ee0                bmi2_set_fifo_config
                0x0000000000000fe6                bmi2_get_fifo_config
                0x0000000000001060                bmi2_read_fifo_data
                0x000000000000116c                bmi2_extract_accel
                0x00000000000011ec                bmi2_extract_gyro
                0x000000000000126c                bmi2_extract_aux
                0x00000000000012ec                bmi2_set_command_register
                0x0000000000001326                bmi2_set_fifo_self_wake_up
                0x000000000000139e                bmi2_get_fifo_self_wake_up
                0x0000000000001400                bmi2_set_err_reg_mask
                0x000000000000145e                bmi2_get_err_reg_mask
                0x00000000000014b6                bmi2_set_fast_power_up
                0x000000000000152e                bmi2_get_fast_power_up
                0x0000000000001590                bmi2_set_spi_en
                0x0000000000001606                bmi2_get_spi_en
                0x0000000000001664                bmi2_set_i2c_wdt_en
                0x00000000000016dc                bmi2_get_i2c_wdt_en
                0x000000000000173e                bmi2_set_i2c_wdt_sel
                0x00000000000017b6                bmi2_get_i2c_wdt_sel
                0x0000000000001818                bmi2_set_drv_reg
                0x0000000000001876                bmi2_get_drv_reg
                0x00000000000018ce                bmi2_set_fifo_wm
                0x000000000000191e                bmi2_get_fifo_wm
                0x0000000000001980                bmi2_set_fifo_filter_data
                0x0000000000001a74                bmi2_get_fifo_filter_data
                0x0000000000001b1a                bmi2_set_fifo_down_sample
                0x0000000000001bfa                bmi2_get_fifo_down_sample
                0x0000000000001ca2                bmi2_get_fifo_length
                0x0000000000001d3c                bmi2_read_aux_man_mode
                0x0000000000001dfc                bmi2_write_aux_man_mode
                0x0000000000001ed4                bmi2_get_status
                0x0000000000001f18                bmi2_set_ois_interface
                0x0000000000001fa0                bmi2_set_spi3_interface_mode
                0x0000000000002016                bmi2_get_spi3_interface_mode
                0x0000000000002074                bmi2_set_spi3_ois_mode
                0x00000000000020ec                bmi2_get_spi3_ois_mode
                0x000000000000214e                bmi2_get_internal_error_status
                0x00000000000021a6                bmi2_get_saturation_status
                0x0000000000002204                bmi2_write_sync_commands
                0x000000000000224e                bmi2_perform_accel_self_test
                0x00000000000023cc                bmi2_map_feat_int
                0x0000000000002480                bmi2_map_data_int
                0x0000000000002548                bmi2_get_remap_axes
                0x00000000000026e8                bmi2_set_remap_axes
                0x00000000000028c0                bmi2_set_gyro_offset_comp
                0x000000000000293e                bmi2_get_gyro_offset_comp
                0x0000000000002982                bmi2_set_gyro_gain
                0x00000000000029fa                bmi2_get_gyro_gain
                0x0000000000002a38                bmi2_read_gyro_offset_comp_axes
                0x0000000000002ae4                bmi2_write_gyro_offset_comp_axes
                0x0000000000002bf4                bmi2_get_gyro_cross_sense
                0x0000000000002c60                bmi2_get_internal_status
                0x0000000000002cb4                bmi2_perform_accel_foc
                0x0000000000002d94                bmi2_perform_gyro_foc
                0x00000000000030a6                bmi2_get_feat_config
                0x00000000000031ca                bmi2_extract_input_feat_config
                0x00000000000072bc                bmi2_set_accel_offset_comp
                0x0000000000007322                bmi2_get_accel_offset_comp
                0x0000000000007f2c                bmi2_do_gyro_st
                0x0000000000007f4c                bmi2_do_crt
                0x0000000000008546                bmi2_abort_crt_gyro_st
                0x0000000000008782                bmi2_nvm_prog
 .text          0x000000000000943c     0x36ec /home/arduino/ArduinoApps/bmm150_bmi270_ahrs/.cache/sketch/libraries/SparkFun BMI270 Arduino Library/bmi270_api/bmi270.c.o
                0x000000000000943c                bmi270_init
                0x0000000000009500                bmi270_sensor_enable
                0x000000000000956c                bmi270_sensor_disable
                0x00000000000095d8                bmi270_set_sensor_config
                0x00000000000096fc                bmi270_get_sensor_config
                0x0000000000009850                bmi270_get_feature_data
                0x0000000000009a5c                bmi270_update_gyro_user_gain
                0x0000000000009bd0                bmi270_read_gyro_user_gain
                0x0000000000009c5c                bmi270_map_feat_int
 *(.stub)
 *(.text*)
 .text._ZN7arduino5Print17availableForWriteEv
                0x000000000000cb28        0x4 /home/arduino/ArduinoApps/bmm150_bmi270_ahrs/.cache/sketch/sketch/sketch.ino.cpp.o
                0x000000000000cb28                arduino::Print::availableForWrite()
 .text._ZN7arduino5Print5flushEv
                0x000000000000cb2c        0x2 /home/arduino/ArduinoApps/bmm150_bmi270_ahrs/.cache/sketch/sketch/sketch.ino.cpp.o
                0x000000000000cb2c                arduino::Print::flush()
 .text._ZN15SerialTransport9availableEv
                0x000000000000cb2e       0x12 /home/arduino/ArduinoApps/bmm150_bmi270_ahrs/.cache/sketch/sketch/sketch.ino.cpp.o
                0x000000000000cb2e                SerialTransport::available()
 .text._ZN15SerialTransport5writeEPKhj
                0x000000000000cb40       0x10 /home/arduino/ArduinoApps/bmm150_bmi270_ahrs/.cache/sketch/sketch/sketch.ino.cpp.o
                0x000000000000cb40                SerialTransport::write(unsigned char const*, unsigned int)
 .text._ZN15SerialTransportD2Ev
                0x000000000000cb50        0x2 /home/arduino/ArduinoApps/bmm150_bmi270_ahrs/.cache/sketch/sketch/sketch.ino.cpp.o
                0x000000000000cb50                SerialTransport::~SerialTransport()
                0x000000000000cb50                SerialTransport::~SerialTransport()
 .text._ZN13BridgeMonitorILj512EE5writeEh
                0x000000000000cb52       0x18 /home/arduino/ArduinoApps/bmm150_bmi270_ahrs/.cache/sketch/sketch/sketch.ino.cpp.o
                0x000000000000cb52                BridgeMonitor<512u>::write(unsigned char)
 *fill*         0x000000000000cb6a        0x2 
 .text.k_yield  0x000000000000cb6c        0x8 /home/arduino/ArduinoApps/bmm150_bmi270_ahrs/.cache/sketch/sketch/sketch.ino.cpp.o
 .text.__tcf_1  0x000000000000cb74       0x10 /home/arduino/ArduinoApps/bmm150_bmi270_ahrs/.cache/sketch/sketch/sketch.ino.cpp.o
 .text._ZN15SerialTransportD0Ev
                0x000000000000cb84       0x14 /home/arduino/ArduinoApps/bmm150_bmi270_ahrs/.cache/sketch/sketch/sketch.ino.cpp.o
                0x000000000000cb84                SerialTransport::~SerialTransport()
 .text._ZN15SerialTransport4readEPhj
                0x000000000000cb98       0x28 /home/arduino/ArduinoApps/bmm150_bmi270_ahrs/.cache/sketch/sketch/sketch.ino.cpp.o
                0x000000000000cb98                SerialTransport::read(unsigned char*, unsigned int)
 .text._ZN15SerialTransport9read_byteERh
                0x000000000000cbc0       0x20 /home/arduino/ArduinoApps/bmm150_bmi270_ahrs/.cache/sketch/sketch/sketch.ino.cpp.o
                0x000000000000cbc0                SerialTransport::read_byte(unsigned char&)
 .text.k_mutex_lock
                0x000000000000cbe0        0x8 /home/arduino/ArduinoApps/bmm150_bmi270_ahrs/.cache/sketch/sketch/sketch.ino.cpp.o
 .text._ZNSt17_Function_handlerIFvfffEPS0_E10_M_managerERSt9_Any_dataRKS3_St18_Manager_operation
                0x000000000000cbe8       0x30 /home/arduino/ArduinoApps/bmm150_bmi270_ahrs/.cache/sketch/sketch/sketch.ino.cpp.o
                0x000000000000cbe8                std::_Function_handler<void (float, float, float), void (*)(float, float, float)>::_M_manager(std::_Any_data&, std::_Any_data const&, std::_Manager_operation)
 .text._ZNSt17_Function_handlerIFvfffEPS0_E9_M_invokeERKSt9_Any_dataOfS6_S6_
                0x000000000000cc18       0x10 /home/arduino/ArduinoApps/bmm150_bmi270_ahrs/.cache/sketch/sketch/sketch.ino.cpp.o
                0x000000000000cc18                std::_Function_handler<void (float, float, float), void (*)(float, float, float)>::_M_invoke(std::_Any_data const&, float&&, float&&, float&&)
 .text._ZSt14__relocate_a_1IhhENSt9enable_ifIXsrSt24__is_bitwise_relocatableIT_vE5valueEPS2_E4typeES4_S4_S4_RSaIT0_E.isra.0
                0x000000000000cc28       0x20 /home/arduino/ArduinoApps/bmm150_bmi270_ahrs/.cache/sketch/sketch/sketch.ino.cpp.o
 .text._ZNSt12_Vector_baseIhSaIhEE11_M_allocateEj.isra.0
                0x000000000000cc48       0x20 /home/arduino/ArduinoApps/bmm150_bmi270_ahrs/.cache/sketch/sketch/sketch.ino.cpp.o
 .text.k_mutex_unlock.isra.0
                0x000000000000cc68        0x8 /home/arduino/ArduinoApps/bmm150_bmi270_ahrs/.cache/sketch/sketch/sketch.ino.cpp.o
 .text._ZN13BridgeMonitorILj512EE4readEv
                0x000000000000cc70       0x64 /home/arduino/ArduinoApps/bmm150_bmi270_ahrs/.cache/sketch/sketch/sketch.ino.cpp.o
                0x000000000000cc70                BridgeMonitor<512u>::read()
 .text._ZN13BridgeMonitorILj512EE4peekEv
                0x000000000000ccd4       0x44 /home/arduino/ArduinoApps/bmm150_bmi270_ahrs/.cache/sketch/sketch/sketch.ino.cpp.o
                0x000000000000ccd4                BridgeMonitor<512u>::peek()
 .text.k_msleep.constprop.0.isra.0
                0x000000000000cd18        0xc /home/arduino/ArduinoApps/bmm150_bmi270_ahrs/.cache/sketch/sketch/sketch.ino.cpp.o
 .text._ZNSt14_Function_baseD2Ev
                0x000000000000cd24       0x12 /home/arduino/ArduinoApps/bmm150_bmi270_ahrs/.cache/sketch/sketch/sketch.ino.cpp.o
                0x000000000000cd24                std::_Function_base::~_Function_base()
                0x000000000000cd24                std::_Function_base::~_Function_base()
 *fill*         0x000000000000cd36        0x2 
 .text._ZN18RpcFunctionWrapperISt8functionIFvfffEEED2Ev
                0x000000000000cd38       0x1c /home/arduino/ArduinoApps/bmm150_bmi270_ahrs/.cache/sketch/sketch/sketch.ino.cpp.o
                0x000000000000cd38                RpcFunctionWrapper<std::function<void (float, float, float)> >::~RpcFunctionWrapper()
                0x000000000000cd38                RpcFunctionWrapper<std::function<void (float, float, float)> >::~RpcFunctionWrapper()
 .text._ZN18RpcFunctionWrapperISt8functionIFvfffEEED0Ev
                0x000000000000cd54       0x1c /home/arduino/ArduinoApps/bmm150_bmi270_ahrs/.cache/sketch/sketch/sketch.ino.cpp.o
                0x000000000000cd54                RpcFunctionWrapper<std::function<void (float, float, float)> >::~RpcFunctionWrapper()
 .text._ZN7arduino7msgpack8Unpacker11deserializeEv
                0x000000000000cd70       0x16 /home/arduino/ArduinoApps/bmm150_bmi270_ahrs/.cache/sketch/sketch/sketch.ino.cpp.o
                0x000000000000cd70                arduino::msgpack::Unpacker::deserialize()
 .text._ZN7arduino7msgpack8Unpacker5clearEv
                0x000000000000cd86       0x14 /home/arduino/ArduinoApps/bmm150_bmi270_ahrs/.cache/sketch/sketch/sketch.ino.cpp.o
                0x000000000000cd86                arduino::msgpack::Unpacker::clear()
 .text._ZNK7arduino7msgpack8Unpacker13getRawBytePtrEjj
                0x000000000000cd9a       0x1e /home/arduino/ArduinoApps/bmm150_bmi270_ahrs/.cache/sketch/sketch/sketch.ino.cpp.o
                0x000000000000cd9a                arduino::msgpack::Unpacker::getRawBytePtr(unsigned int, unsigned int) const
 .text._ZN8RpcErrorC2Ev
                0x000000000000cdb8       0x2c /home/arduino/ArduinoApps/bmm150_bmi270_ahrs/.cache/sketch/sketch/sketch.ino.cpp.o
                0x000000000000cdb8                RpcError::RpcError()
                0x000000000000cdb8                RpcError::RpcError()
 .text._ZN7arduino7msgpack8UnpackerC2Ev
                0x000000000000cde4       0x10 /home/arduino/ArduinoApps/bmm150_bmi270_ahrs/.cache/sketch/sketch/sketch.ino.cpp.o
                0x000000000000cde4                arduino::msgpack::Unpacker::Unpacker()
                0x000000000000cde4                arduino::msgpack::Unpacker::Unpacker()
 .text._ZN10RPCRequestILj256EEC2Ev
                0x000000000000cdf4       0x4c /home/arduino/ArduinoApps/bmm150_bmi270_ahrs/.cache/sketch/sketch/sketch.ino.cpp.o
                0x000000000000cdf4                RPCRequest<256u>::RPCRequest()
                0x000000000000cdf4                RPCRequest<256u>::RPCRequest()
 .text._Z7dtostrffijPc
                0x000000000000ce40       0x38 /home/arduino/ArduinoApps/bmm150_bmi270_ahrs/.cache/sketch/sketch/sketch.ino.cpp.o
                0x000000000000ce40                dtostrf(float, int, unsigned int, char*)
 .text._Z9get_eulerfff
                0x000000000000ce78       0x78 /home/arduino/ArduinoApps/bmm150_bmi270_ahrs/.cache/sketch/sketch/sketch.ino.cpp.o
                0x000000000000ce78                get_euler(float, float, float)
 .text._ZNSt12_Vector_baseIhSaIhEED2Ev
                0x000000000000cef0       0x18 /home/arduino/ArduinoApps/bmm150_bmi270_ahrs/.cache/sketch/sketch/sketch.ino.cpp.o
                0x000000000000cef0                std::_Vector_base<unsigned char, std::allocator<unsigned char> >::~_Vector_base()
                0x000000000000cef0                std::_Vector_base<unsigned char, std::allocator<unsigned char> >::~_Vector_base()
 .text.__tcf_3  0x000000000000cf08       0x14 /home/arduino/ArduinoApps/bmm150_bmi270_ahrs/.cache/sketch/sketch/sketch.ino.cpp.o
 .text.__tcf_2  0x000000000000cf1c       0x14 /home/arduino/ArduinoApps/bmm150_bmi270_ahrs/.cache/sketch/sketch/sketch.ino.cpp.o
 .text._ZNSt6vectorIhSaIhEE14_M_move_assignEOS1_St17integral_constantIbLb1EE.isra.0
                0x000000000000cf30       0x34 /home/arduino/ArduinoApps/bmm150_bmi270_ahrs/.cache/sketch/sketch/sketch.ino.cpp.o
 .text._ZNK7arduino7msgpack8Unpacker11getRawBytesIhEET_jj
                0x000000000000cf64       0x1e /home/arduino/ArduinoApps/bmm150_bmi270_ahrs/.cache/sketch/sketch/sketch.ino.cpp.o
                0x000000000000cf64                unsigned char arduino::msgpack::Unpacker::getRawBytes<unsigned char>(unsigned int, unsigned int) const
 *fill*         0x000000000000cf82        0x2 
 .text._ZNK7arduino7msgpack8Unpacker7getTypeEj
                0x000000000000cf84       0x58 /home/arduino/ArduinoApps/bmm150_bmi270_ahrs/.cache/sketch/sketch/sketch.ino.cpp.o
                0x000000000000cf84                arduino::msgpack::Unpacker::getType(unsigned int) const
 .text._ZNK7arduino7msgpack8Unpacker7getTypeEv
                0x000000000000cfdc       0x10 /home/arduino/ArduinoApps/bmm150_bmi270_ahrs/.cache/sketch/sketch/sketch.ino.cpp.o
                0x000000000000cfdc                arduino::msgpack::Unpacker::getType() const
 .text._ZN7arduino7msgpack8Unpacker11unpackInt32Ev
                0x000000000000cfec       0x58 /home/arduino/ArduinoApps/bmm150_bmi270_ahrs/.cache/sketch/sketch/sketch.ino.cpp.o
                0x000000000000cfec                arduino::msgpack::Unpacker::unpackInt32()
 .text._ZN7arduino7msgpack8Unpacker11unpackInt64Ev
                0x000000000000d044       0x60 /home/arduino/ArduinoApps/bmm150_bmi270_ahrs/.cache/sketch/sketch/sketch.ino.cpp.o
                0x000000000000d044                arduino::msgpack::Unpacker::unpackInt64()
 .text._ZN7arduino7msgpack8Unpacker9unpackNilEv
                0x000000000000d0a4       0x3c /home/arduino/ArduinoApps/bmm150_bmi270_ahrs/.cache/sketch/sketch/sketch.ino.cpp.o
                0x000000000000d0a4                arduino::msgpack::Unpacker::unpackNil()
 .text._ZNK7arduino7msgpack8Unpacker7isArrayEv
                0x000000000000d0e0       0x20 /home/arduino/ArduinoApps/bmm150_bmi270_ahrs/.cache/sketch/sketch/sketch.ino.cpp.o
                0x000000000000d0e0                arduino::msgpack::Unpacker::isArray() const
 .text._ZNK7arduino7msgpack8Unpacker5isMapEv
                0x000000000000d100       0x20 /home/arduino/ArduinoApps/bmm150_bmi270_ahrs/.cache/sketch/sketch/sketch.ino.cpp.o
                0x000000000000d100                arduino::msgpack::Unpacker::isMap() const
 .text._ZNK7arduino7msgpack8Unpacker5isIntEv
                0x000000000000d120       0x20 /home/arduino/ArduinoApps/bmm150_bmi270_ahrs/.cache/sketch/sketch/sketch.ino.cpp.o
                0x000000000000d120                arduino::msgpack::Unpacker::isInt() const
 .text._ZNK7arduino7msgpack8Unpacker6isUIntEv
                0x000000000000d140       0x20 /home/arduino/ArduinoApps/bmm150_bmi270_ahrs/.cache/sketch/sketch/sketch.ino.cpp.o
                0x000000000000d140                arduino::msgpack::Unpacker::isUInt() const
 .text._ZN7arduino7msgpack8Unpacker13unpackFloat32Ev
                0x000000000000d160       0x60 /home/arduino/ArduinoApps/bmm150_bmi270_ahrs/.cache/sketch/sketch/sketch.ino.cpp.o
                0x000000000000d160                arduino::msgpack::Unpacker::unpackFloat32()
 .text._ZN7arduino7msgpack8Unpacker11unpackInt16Ev
                0x000000000000d1c0       0x4c /home/arduino/ArduinoApps/bmm150_bmi270_ahrs/.cache/sketch/sketch/sketch.ino.cpp.o
                0x000000000000d1c0                arduino::msgpack::Unpacker::unpackInt16()
 *fill*         0x000000000000d20c        0x4 
 .text._ZN7arduino7msgpack8Unpacker13unpackFloat64Ev
                0x000000000000d210       0x6c /home/arduino/ArduinoApps/bmm150_bmi270_ahrs/.cache/sketch/sketch/sketch.ino.cpp.o
                0x000000000000d210                arduino::msgpack::Unpacker::unpackFloat64()
 .text._ZN7arduino7msgpack8Unpacker10unpackInt5Ev
                0x000000000000d27c       0x4c /home/arduino/ArduinoApps/bmm150_bmi270_ahrs/.cache/sketch/sketch/sketch.ino.cpp.o
                0x000000000000d27c                arduino::msgpack::Unpacker::unpackInt5()
 .text._ZN7arduino7msgpack8Unpacker11unpackUInt7Ev
                0x000000000000d2c8       0x48 /home/arduino/ArduinoApps/bmm150_bmi270_ahrs/.cache/sketch/sketch/sketch.ino.cpp.o
                0x000000000000d2c8                arduino::msgpack::Unpacker::unpackUInt7()
 .text._ZN7arduino7msgpack8Unpacker11unpackUInt8Ev
                0x000000000000d310       0x48 /home/arduino/ArduinoApps/bmm150_bmi270_ahrs/.cache/sketch/sketch/sketch.ino.cpp.o
                0x000000000000d310                arduino::msgpack::Unpacker::unpackUInt8()
 .text._ZNK7arduino7msgpack8Unpacker11getRawBytesItEET_jj
                0x000000000000d358       0x26 /home/arduino/ArduinoApps/bmm150_bmi270_ahrs/.cache/sketch/sketch/sketch.ino.cpp.o
                0x000000000000d358                unsigned short arduino::msgpack::Unpacker::getRawBytes<unsigned short>(unsigned int, unsigned int) const
 *fill*         0x000000000000d37e        0x2 
 .text._ZN7arduino7msgpack8Unpacker12unpackUInt16Ev
                0x000000000000d380       0x48 /home/arduino/ArduinoApps/bmm150_bmi270_ahrs/.cache/sketch/sketch/sketch.ino.cpp.o
                0x000000000000d380                arduino::msgpack::Unpacker::unpackUInt16()
 .text._ZNK7arduino7msgpack8Unpacker11getRawBytesIjEET_jj
                0x000000000000d3c8       0x34 /home/arduino/ArduinoApps/bmm150_bmi270_ahrs/.cache/sketch/sketch/sketch.ino.cpp.o
                0x000000000000d3c8                unsigned int arduino::msgpack::Unpacker::getRawBytes<unsigned int>(unsigned int, unsigned int) const
 .text._ZNK7arduino7msgpack8Unpacker14getElementSizeEj
                0x000000000000d3fc      0x11c /home/arduino/ArduinoApps/bmm150_bmi270_ahrs/.cache/sketch/sketch/sketch.ino.cpp.o
                0x000000000000d3fc                arduino::msgpack::Unpacker::getElementSize(unsigned int) const
 .text._ZN7arduino7msgpack8Unpacker15unpackArraySizeEv
                0x000000000000d518       0x78 /home/arduino/ArduinoApps/bmm150_bmi270_ahrs/.cache/sketch/sketch/sketch.ino.cpp.o
                0x000000000000d518                arduino::msgpack::Unpacker::unpackArraySize()
 .text._ZN7arduino7msgpack8Unpacker11deserializeINS0_4type9ArraySizeEJEEEbRT_DpOT0_.isra.0
                0x000000000000d590       0x40 /home/arduino/ArduinoApps/bmm150_bmi270_ahrs/.cache/sketch/sketch/sketch.ino.cpp.o
 .text._ZN7arduino7msgpack8Unpacker12unpackUInt32Ev
                0x000000000000d5d0       0x48 /home/arduino/ArduinoApps/bmm150_bmi270_ahrs/.cache/sketch/sketch/sketch.ino.cpp.o
                0x000000000000d5d0                arduino::msgpack::Unpacker::unpackUInt32()
 .text._ZN7arduino7msgpack8Unpacker13unpackMapSizeEv
                0x000000000000d618       0x78 /home/arduino/ArduinoApps/bmm150_bmi270_ahrs/.cache/sketch/sketch/sketch.ino.cpp.o
                0x000000000000d618                arduino::msgpack::Unpacker::unpackMapSize()
 .text._ZNK7arduino7msgpack8Unpacker11getRawBytesIyEET_jj
                0x000000000000d690       0x3a /home/arduino/ArduinoApps/bmm150_bmi270_ahrs/.cache/sketch/sketch/sketch.ino.cpp.o
                0x000000000000d690                unsigned long long arduino::msgpack::Unpacker::getRawBytes<unsigned long long>(unsigned int, unsigned int) const
 *fill*         0x000000000000d6ca        0x2 
 .text._ZN7arduino7msgpack8Unpacker12unpackUInt64Ev
                0x000000000000d6cc       0x4c /home/arduino/ArduinoApps/bmm150_bmi270_ahrs/.cache/sketch/sketch/sketch.ino.cpp.o
                0x000000000000d6cc                arduino::msgpack::Unpacker::unpackUInt64()
 .text._ZNK7arduino7msgpack8Unpacker11getRawBytesIaEET_jj
                0x000000000000d718       0x1e /home/arduino/ArduinoApps/bmm150_bmi270_ahrs/.cache/sketch/sketch/sketch.ino.cpp.o
                0x000000000000d718                signed char arduino::msgpack::Unpacker::getRawBytes<signed char>(unsigned int, unsigned int) const
 *fill*         0x000000000000d736        0x2 
 .text._ZN7arduino7msgpack8Unpacker10unpackInt8Ev
                0x000000000000d738       0x48 /home/arduino/ArduinoApps/bmm150_bmi270_ahrs/.cache/sketch/sketch/sketch.ino.cpp.o
                0x000000000000d738                arduino::msgpack::Unpacker::unpackInt8()
 .text._ZNK7arduino7msgpack8Unpacker13isTimestamp32Ev
                0x000000000000d780       0x2c /home/arduino/ArduinoApps/bmm150_bmi270_ahrs/.cache/sketch/sketch/sketch.ino.cpp.o
                0x000000000000d780                arduino::msgpack::Unpacker::isTimestamp32() const
 .text._ZNK7arduino7msgpack8Unpacker13isTimestamp64Ev
                0x000000000000d7ac       0x2c /home/arduino/ArduinoApps/bmm150_bmi270_ahrs/.cache/sketch/sketch/sketch.ino.cpp.o
                0x000000000000d7ac                arduino::msgpack::Unpacker::isTimestamp64() const
 .text._ZNK7arduino7msgpack8Unpacker13isTimestamp96Ev
                0x000000000000d7d8       0x40 /home/arduino/ArduinoApps/bmm150_bmi270_ahrs/.cache/sketch/sketch/sketch.ino.cpp.o
                0x000000000000d7d8                arduino::msgpack::Unpacker::isTimestamp96() const
 .text._ZNK7arduino7msgpack8Unpacker11getRawBytesIcEET_jj
                0x000000000000d818       0x1e /home/arduino/ArduinoApps/bmm150_bmi270_ahrs/.cache/sketch/sketch/sketch.ino.cpp.o
                0x000000000000d818                char arduino::msgpack::Unpacker::getRawBytes<char>(unsigned int, unsigned int) const
 *fill*         0x000000000000d836        0x2 
 .text._ZN7arduino7msgpack8Unpacker11deserializeINS0_6object5nil_tEJEEEbRT_DpOT0_
                0x000000000000d838       0x40 /home/arduino/ArduinoApps/bmm150_bmi270_ahrs/.cache/sketch/sketch/sketch.ino.cpp.o
                0x000000000000d838                bool arduino::msgpack::Unpacker::deserialize<arduino::msgpack::object::nil_t>(arduino::msgpack::object::nil_t&)
 .text._ZN7arduino7msgpack8Unpacker11deserializeIbJEEEbRT_DpOT0_
                0x000000000000d878       0x68 /home/arduino/ArduinoApps/bmm150_bmi270_ahrs/.cache/sketch/sketch/sketch.ino.cpp.o
                0x000000000000d878                bool arduino::msgpack::Unpacker::deserialize<bool>(bool&)
 .text._ZN7arduino7msgpack8Unpacker11deserializeINS_6StringEJEEEbRT_DpOT0_
                0x000000000000d8e0      0x174 /home/arduino/ArduinoApps/bmm150_bmi270_ahrs/.cache/sketch/sketch/sketch.ino.cpp.o
                0x000000000000d8e0                bool arduino::msgpack::Unpacker::deserialize<arduino::String>(arduino::String&)
 .text._ZN7arduino7msgpack8Unpacker11deserializeINS0_6object8timespecEJEEEbRT_DpOT0_
                0x000000000000da54       0xc4 /home/arduino/ArduinoApps/bmm150_bmi270_ahrs/.cache/sketch/sketch/sketch.ino.cpp.o
                0x000000000000da54                bool arduino::msgpack::Unpacker::deserialize<arduino::msgpack::object::timespec>(arduino::msgpack::object::timespec&)
 .text._ZN17RpcDecoderManagerILj3EE10getDecoderER10ITransport
                0x000000000000db18       0x74 /home/arduino/ArduinoApps/bmm150_bmi270_ahrs/.cache/sketch/sketch/sketch.ino.cpp.o
                0x000000000000db18                RpcDecoderManager<3u>::getDecoder(ITransport&)
 .text._ZNSt12_Vector_baseIjSaIjEED2Ev
                0x000000000000db8c       0x18 /home/arduino/ArduinoApps/bmm150_bmi270_ahrs/.cache/sketch/sketch/sketch.ino.cpp.o
                0x000000000000db8c                std::_Vector_base<unsigned int, std::allocator<unsigned int> >::~_Vector_base()
                0x000000000000db8c                std::_Vector_base<unsigned int, std::allocator<unsigned int> >::~_Vector_base()
 .text._ZN10RPCRequestILj256EED2Ev
                0x000000000000dba4       0x2c /home/arduino/ArduinoApps/bmm150_bmi270_ahrs/.cache/sketch/sketch/sketch.ino.cpp.o
                0x000000000000dba4                RPCRequest<256u>::~RPCRequest()
                0x000000000000dba4                RPCRequest<256u>::~RPCRequest()
 .text._ZNSt6vectorIjSaIjEE17_M_realloc_insertIJRjEEEvN9__gnu_cxx17__normal_iteratorIPjS1_EEDpOT_
                0x000000000000dbd0       0xdc /home/arduino/ArduinoApps/bmm150_bmi270_ahrs/.cache/sketch/sketch/sketch.ino.cpp.o
                0x000000000000dbd0                void std::vector<unsigned int, std::allocator<unsigned int> >::_M_realloc_insert<unsigned int&>(__gnu_cxx::__normal_iterator<unsigned int*, std::vector<unsigned int, std::allocator<unsigned int> > >, unsigned int&)
 .text._ZN7arduino7msgpack8Unpacker4feedEPKhj
                0x000000000000dcac       0x78 /home/arduino/ArduinoApps/bmm150_bmi270_ahrs/.cache/sketch/sketch/sketch.ino.cpp.o
                0x000000000000dcac                arduino::msgpack::Unpacker::feed(unsigned char const*, unsigned int)
 .text._ZNKSt6vectorIhSaIhEE12_M_check_lenEjPKc
                0x000000000000dd24       0x38 /home/arduino/ArduinoApps/bmm150_bmi270_ahrs/.cache/sketch/sketch/sketch.ino.cpp.o
                0x000000000000dd24                std::vector<unsigned char, std::allocator<unsigned char> >::_M_check_len(unsigned int, char const*) const
 .text._ZNSt6vectorIhSaIhEE12emplace_backIJRKhEEERhDpOT_.isra.0
                0x000000000000dd5c       0x90 /home/arduino/ArduinoApps/bmm150_bmi270_ahrs/.cache/sketch/sketch/sketch.ino.cpp.o
 .text._ZN7arduino7msgpack6Packer9packUInt7Eh
                0x000000000000ddec       0x24 /home/arduino/ArduinoApps/bmm150_bmi270_ahrs/.cache/sketch/sketch/sketch.ino.cpp.o
                0x000000000000ddec                arduino::msgpack::Packer::packUInt7(unsigned char)
 .text._ZNSt6vectorIhSaIhEE12emplace_backIJhEEERhDpOT_.isra.0
                0x000000000000de10       0x90 /home/arduino/ArduinoApps/bmm150_bmi270_ahrs/.cache/sketch/sketch/sketch.ino.cpp.o
 .text._ZN7arduino7msgpack8Unpacker11deserializeISt6vectorIhSaIhEEJEEEbRT_DpOT0_
                0x000000000000dea0      0x13c /home/arduino/ArduinoApps/bmm150_bmi270_ahrs/.cache/sketch/sketch/sketch.ino.cpp.o
                0x000000000000dea0                bool arduino::msgpack::Unpacker::deserialize<std::vector<unsigned char, std::allocator<unsigned char> >>(std::vector<unsigned char, std::allocator<unsigned char> >&)
 .text._ZN7arduino7msgpack6Packer11packRawByteERKNS0_4TypeE.isra.0
                0x000000000000dfdc       0x18 /home/arduino/ArduinoApps/bmm150_bmi270_ahrs/.cache/sketch/sketch/sketch.ino.cpp.o
 .text._ZN7arduino7msgpack6Packer7packNilEv
                0x000000000000dff4       0x18 /home/arduino/ArduinoApps/bmm150_bmi270_ahrs/.cache/sketch/sketch/sketch.ino.cpp.o
                0x000000000000dff4                arduino::msgpack::Packer::packNil()
 .text._ZN7arduino7msgpack6Packer8packInt8Ea
                0x000000000000e00c       0x2c /home/arduino/ArduinoApps/bmm150_bmi270_ahrs/.cache/sketch/sketch/sketch.ino.cpp.o
                0x000000000000e00c                arduino::msgpack::Packer::packInt8(signed char)
 .text._ZN7arduino7msgpack6Packer9packUInt8Eh
                0x000000000000e038       0x2c /home/arduino/ArduinoApps/bmm150_bmi270_ahrs/.cache/sketch/sketch/sketch.ino.cpp.o
                0x000000000000e038                arduino::msgpack::Packer::packUInt8(unsigned char)
 .text._ZNSt6vectorIhSaIhEE12emplace_backIJRhEEES3_DpOT_.isra.0
                0x000000000000e064       0x90 /home/arduino/ArduinoApps/bmm150_bmi270_ahrs/.cache/sketch/sketch/sketch.ino.cpp.o
 .text._ZN7arduino7msgpack6Packer9packFloatIfEENSt9enable_ifIXaasrSt13is_arithmeticIT_E5valuesrSt17is_floating_pointIS5_E5valueEvE4typeERKS5_.isra.0
                0x000000000000e0f4       0x30 /home/arduino/ArduinoApps/bmm150_bmi270_ahrs/.cache/sketch/sketch/sketch.ino.cpp.o
 .text._ZN7arduino7msgpack6Packer9packInt16Es
                0x000000000000e124       0x34 /home/arduino/ArduinoApps/bmm150_bmi270_ahrs/.cache/sketch/sketch/sketch.ino.cpp.o
                0x000000000000e124                arduino::msgpack::Packer::packInt16(short)
 .text._ZN7arduino7msgpack6Packer15packRawReversedIjEEvRKT_
                0x000000000000e158       0x1c /home/arduino/ArduinoApps/bmm150_bmi270_ahrs/.cache/sketch/sketch/sketch.ino.cpp.o
                0x000000000000e158                void arduino::msgpack::Packer::packRawReversed<unsigned int>(unsigned int const&)
 .text._ZN7arduino7msgpack6Packer10packUInt32Ej
                0x000000000000e174       0x28 /home/arduino/ArduinoApps/bmm150_bmi270_ahrs/.cache/sketch/sketch/sketch.ino.cpp.o
                0x000000000000e174                arduino::msgpack::Packer::packUInt32(unsigned int)
 .text._ZN7arduino7msgpack6Packer15packRawReversedItEEvRKT_
                0x000000000000e19c       0x1c /home/arduino/ArduinoApps/bmm150_bmi270_ahrs/.cache/sketch/sketch/sketch.ino.cpp.o
                0x000000000000e19c                void arduino::msgpack::Packer::packRawReversed<unsigned short>(unsigned short const&)
 .text._ZN7arduino7msgpack6Packer13packArraySizeEj
                0x000000000000e1b8       0x58 /home/arduino/ArduinoApps/bmm150_bmi270_ahrs/.cache/sketch/sketch/sketch.ino.cpp.o
                0x000000000000e1b8                arduino::msgpack::Packer::packArraySize(unsigned int)
 .text._ZN7arduino7msgpack6Packer10packUInt16Et
                0x000000000000e210       0x2c /home/arduino/ArduinoApps/bmm150_bmi270_ahrs/.cache/sketch/sketch/sketch.ino.cpp.o
                0x000000000000e210                arduino::msgpack::Packer::packUInt16(unsigned short)
 .text._ZN7arduino7msgpack6Packer11packIntegerIsEENSt9enable_ifIXaaaaaasrSt13is_arithmeticIT_E5valuesrSt11is_integralIS5_E5valuentsrSt7is_sameIS5_bE5valuentsrS9_INSt9remove_cvIS5_E4typeEPcE5valueEvE4typeERKS5_.isra.0
                0x000000000000e23c       0x74 /home/arduino/ArduinoApps/bmm150_bmi270_ahrs/.cache/sketch/sketch/sketch.ino.cpp.o
 .text._ZN7arduino7msgpack6Packer11packIntegerIjEENSt9enable_ifIXaaaaaasrSt13is_arithmeticIT_E5valuesrSt11is_integralIS5_E5valuentsrSt7is_sameIS5_bE5valuentsrS9_INSt9remove_cvIS5_E4typeEPcE5valueEvE4typeERKS5_.isra.0
                0x000000000000e2b0       0x3c /home/arduino/ArduinoApps/bmm150_bmi270_ahrs/.cache/sketch/sketch/sketch.ino.cpp.o
 .text._ZN7arduino7msgpack6Packer11packIntegerIiEENSt9enable_ifIXaaaaaasrSt13is_arithmeticIT_E5valuesrSt11is_integralIS5_E5valuentsrSt7is_sameIS5_bE5valuentsrS9_INSt9remove_cvIS5_E4typeEPcE5valueEvE4typeERKS5_.isra.0
                0x000000000000e2ec       0xb0 /home/arduino/ArduinoApps/bmm150_bmi270_ahrs/.cache/sketch/sketch/sketch.ino.cpp.o
 .text._ZN7arduino7msgpack6Packer12packRawBytesEPKcj
                0x000000000000e39c       0x9c /home/arduino/ArduinoApps/bmm150_bmi270_ahrs/.cache/sketch/sketch/sketch.ino.cpp.o
                0x000000000000e39c                arduino::msgpack::Packer::packRawBytes(char const*, unsigned int)
 .text._ZN7arduino7msgpack6Packer4packERKNS_6StringE
                0x000000000000e438       0x7c /home/arduino/ArduinoApps/bmm150_bmi270_ahrs/.cache/sketch/sketch/sketch.ino.cpp.o
                0x000000000000e438                arduino::msgpack::Packer::pack(arduino::String const&)
 .text._ZN7arduino7msgpack6Packer9serializeIJRKiRjRKNS_6StringEEEEvRKNS0_4type9ArraySizeEDpOT_.isra.0
                0x000000000000e4b4       0x38 /home/arduino/ArduinoApps/bmm150_bmi270_ahrs/.cache/sketch/sketch/sketch.ino.cpp.o
 .text._ZN7arduino7msgpack6Packer9serializeI8RpcErrorJRNS0_6object5nil_tEEEENSt9enable_ifIXoooontsrSt10is_pointerIT_E5valuesrSt7is_sameIS9_PKcE5valuesrSB_IS9_PKNS_19__FlashStringHelperEE5valueEvE4typeERKS9_DpOT0_.isra.0
                0x000000000000e4ec       0x38 /home/arduino/ArduinoApps/bmm150_bmi270_ahrs/.cache/sketch/sketch/sketch.ino.cpp.o
 .text._ZN7arduino7msgpack8Unpacker9unpackIntIiEENSt9enable_ifIXaaaaaaaasrSt13is_arithmeticIT_E5valuesrSt11is_integralIS5_E5valuentsrSt7is_sameIS5_bE5valuentsrS9_INSt9remove_cvIS5_E4typeEPcE5valuesrSt9is_signedIS5_E5valueES5_E4typeEv
                0x000000000000e524       0xd0 /home/arduino/ArduinoApps/bmm150_bmi270_ahrs/.cache/sketch/sketch/sketch.ino.cpp.o
                0x000000000000e524                std::enable_if<(((std::is_arithmetic<int>::value&&std::is_integral<int>::value)&&(!std::is_same<int, bool>::value))&&(!std::is_same<std::remove_cv<int>::type, char*>::value))&&std::is_signed<int>::value, int>::type arduino::msgpack::Unpacker::unpackInt<int>()
 .text._ZN7arduino7msgpack8Unpacker11deserializeIiJEEEbRT_DpOT0_
                0x000000000000e5f4       0x40 /home/arduino/ArduinoApps/bmm150_bmi270_ahrs/.cache/sketch/sketch/sketch.ino.cpp.o
                0x000000000000e5f4                bool arduino::msgpack::Unpacker::deserialize<int>(int&)
 .text._ZN7arduino7msgpack8Unpacker11unpackFloatIfEENSt9enable_ifIXaasrSt13is_arithmeticIT_E5valuesrSt17is_floating_pointIS5_E5valueES5_E4typeEv
                0x000000000000e634      0x118 /home/arduino/ArduinoApps/bmm150_bmi270_ahrs/.cache/sketch/sketch/sketch.ino.cpp.o
                0x000000000000e634                std::enable_if<std::is_arithmetic<float>::value&&std::is_floating_point<float>::value, float>::type arduino::msgpack::Unpacker::unpackFloat<float>()
 .text._ZN7arduino7msgpack8Unpacker11deserializeIfJEEEbRT_DpOT0_
                0x000000000000e74c       0x44 /home/arduino/ArduinoApps/bmm150_bmi270_ahrs/.cache/sketch/sketch/sketch.ino.cpp.o
                0x000000000000e74c                bool arduino::msgpack::Unpacker::deserialize<float>(float&)
 .text._ZN7arduino7msgpack8Unpacker11unpackFloatIdEENSt9enable_ifIXaasrSt13is_arithmeticIT_E5valuesrSt17is_floating_pointIS5_E5valueES5_E4typeEv
                0x000000000000e790      0x118 /home/arduino/ArduinoApps/bmm150_bmi270_ahrs/.cache/sketch/sketch/sketch.ino.cpp.o
                0x000000000000e790                std::enable_if<std::is_arithmetic<double>::value&&std::is_floating_point<double>::value, double>::type arduino::msgpack::Unpacker::unpackFloat<double>()
 .text._ZN7arduino7msgpack8Unpacker11deserializeINS0_4type9ArraySizeEJRiEEEbRT_DpOT0_
                0x000000000000e8a8       0x44 /home/arduino/ArduinoApps/bmm150_bmi270_ahrs/.cache/sketch/sketch/sketch.ino.cpp.o
                0x000000000000e8a8                bool arduino::msgpack::Unpacker::deserialize<arduino::msgpack::type::ArraySize, int&>(arduino::msgpack::type::ArraySize&, int&)
 .text._ZNK10RpcDecoderILj1024EE4sendEPKhj
                0x000000000000e8ec       0x22 /home/arduino/ArduinoApps/bmm150_bmi270_ahrs/.cache/sketch/sketch/sketch.ino.cpp.o
                0x000000000000e8ec                RpcDecoder<1024u>::send(unsigned char const*, unsigned int) const
 *fill*         0x000000000000e90e        0x2 
 .text._ZN9RPCClient8send_rpcIJRKN7arduino6StringEEEEbS4_RjDpOT_.isra.0
                0x000000000000e910       0x84 /home/arduino/ArduinoApps/bmm150_bmi270_ahrs/.cache/sketch/sketch/sketch.ino.cpp.o
 .text._ZN9RPCClient8send_rpcIJEEEbRKN7arduino6StringERjDpOT_.isra.0
                0x000000000000e994       0x74 /home/arduino/ArduinoApps/bmm150_bmi270_ahrs/.cache/sketch/sketch/sketch.ino.cpp.o
 .text._ZN9RPCClient8send_rpcIJRKjEEEbRKN7arduino6StringERjDpOT_.isra.0
                0x000000000000ea08       0x84 /home/arduino/ArduinoApps/bmm150_bmi270_ahrs/.cache/sketch/sketch/sketch.ino.cpp.o
 .text.loop     0x000000000000ea8c      0x134 /home/arduino/ArduinoApps/bmm150_bmi270_ahrs/.cache/sketch/sketch/sketch.ino.cpp.o
                0x000000000000ea8c                loop
 .text._ZNK9RPCServer13send_responseILj256EEEbRK10RPCRequestIXT_EE.isra.0
                0x000000000000ebc0       0x24 /home/arduino/ArduinoApps/bmm150_bmi270_ahrs/.cache/sketch/sketch/sketch.ino.cpp.o
 .text._ZN10RpcDecoderILj1024EE7consumeEjj
                0x000000000000ebe4       0x36 /home/arduino/ArduinoApps/bmm150_bmi270_ahrs/.cache/sketch/sketch/sketch.ino.cpp.o
                0x000000000000ebe4                RpcDecoder<1024u>::consume(unsigned int, unsigned int)
 *fill*         0x000000000000ec1a        0x2 
 .text._ZN10RpcDecoderILj1024EE7discardEv
                0x000000000000ec1c       0x2c /home/arduino/ArduinoApps/bmm150_bmi270_ahrs/.cache/sketch/sketch/sketch.ino.cpp.o
                0x000000000000ec1c                RpcDecoder<1024u>::discard()
 .text._ZN7arduino7msgpack8Unpacker11deserializeI8RpcErrorJRNS0_6object5nil_tEEEEbRT_DpOT0_
                0x000000000000ec48       0x90 /home/arduino/ArduinoApps/bmm150_bmi270_ahrs/.cache/sketch/sketch/sketch.ino.cpp.o
                0x000000000000ec48                bool arduino::msgpack::Unpacker::deserialize<RpcError, arduino::msgpack::object::nil_t&>(RpcError&, arduino::msgpack::object::nil_t&)
 .text._Z4wrapIRFvfffESt8functionIS0_EEP18RpcFunctionWrapperIT0_EOT_
                0x000000000000ecd8       0x6c /home/arduino/ArduinoApps/bmm150_bmi270_ahrs/.cache/sketch/sketch/sketch.ino.cpp.o
                0x000000000000ecd8                RpcFunctionWrapper<std::function<void (float, float, float)> >* wrap<void (&)(float, float, float), std::function<void (float, float, float)> >(void (&)(float, float, float))
 .text._ZN7arduino7msgpack8Unpacker10unpackUIntIjEENSt9enable_ifIXaaaaaaaasrSt13is_arithmeticIT_E5valuesrSt11is_integralIS5_E5valuentsrSt7is_sameIS5_bE5valuentsrS9_INSt9remove_cvIS5_E4typeEPcE5valuentsrSt9is_signedIS5_E5valueES5_E4typeEv
                0x000000000000ed44       0x80 /home/arduino/ArduinoApps/bmm150_bmi270_ahrs/.cache/sketch/sketch/sketch.ino.cpp.o
                0x000000000000ed44                std::enable_if<(((std::is_arithmetic<unsigned int>::value&&std::is_integral<unsigned int>::value)&&(!std::is_same<unsigned int, bool>::value))&&(!std::is_same<std::remove_cv<unsigned int>::type, char*>::value))&&(!std::is_signed<unsigned int>::value), unsigned int>::type arduino::msgpack::Unpacker::unpackUInt<unsigned int>()
 .text._ZN7arduino7msgpack8Unpacker11deserializeIjJRNS_6StringEEEEbRT_DpOT0_
                0x000000000000edc4       0x44 /home/arduino/ArduinoApps/bmm150_bmi270_ahrs/.cache/sketch/sketch/sketch.ino.cpp.o
                0x000000000000edc4                bool arduino::msgpack::Unpacker::deserialize<unsigned int, arduino::String&>(unsigned int&, arduino::String&)
 .text._ZN10RpcDecoderILj1024EE16fetch_rpc_methodEv
                0x000000000000ee08       0xe8 /home/arduino/ArduinoApps/bmm150_bmi270_ahrs/.cache/sketch/sketch/sketch.ino.cpp.o
                0x000000000000ee08                RpcDecoder<1024u>::fetch_rpc_method()
 .text._ZN10RPCRequestILj256EE22unpack_request_headersEv
                0x000000000000eef0       0xb8 /home/arduino/ArduinoApps/bmm150_bmi270_ahrs/.cache/sketch/sketch/sketch.ino.cpp.o
                0x000000000000eef0                RPCRequest<256u>::unpack_request_headers()
 .text._ZN9RPCServer15process_requestILj256EEEvR10RPCRequestIXT_EE
                0x000000000000efa8      0x114 /home/arduino/ArduinoApps/bmm150_bmi270_ahrs/.cache/sketch/sketch/sketch.ino.cpp.o
                0x000000000000efa8                void RPCServer::process_request<256u>(RPCRequest<256u>&)
 .text._ZN7arduino7msgpack8Unpacker11deserializeIjJEEEbRT_DpOT0_
                0x000000000000f0bc       0x40 /home/arduino/ArduinoApps/bmm150_bmi270_ahrs/.cache/sketch/sketch/sketch.ino.cpp.o
                0x000000000000f0bc                bool arduino::msgpack::Unpacker::deserialize<unsigned int>(unsigned int&)
 .text._ZN7arduino7msgpack8Unpacker11deserializeINS0_4type9ArraySizeEJRiRjEEEbRT_DpOT0_
                0x000000000000f0fc       0x78 /home/arduino/ArduinoApps/bmm150_bmi270_ahrs/.cache/sketch/sketch/sketch.ino.cpp.o
                0x000000000000f0fc                bool arduino::msgpack::Unpacker::deserialize<arduino::msgpack::type::ArraySize, int&, unsigned int&>(arduino::msgpack::type::ArraySize&, int&, unsigned int&)
 .text._ZN10RpcDecoderILj1024EE12get_responseIN7arduino7msgpack6object5nil_tEEEbjRT_R8RpcError
                0x000000000000f174      0x168 /home/arduino/ArduinoApps/bmm150_bmi270_ahrs/.cache/sketch/sketch/sketch.ino.cpp.o
                0x000000000000f174                bool RpcDecoder<1024u>::get_response<arduino::msgpack::object::nil_t>(unsigned int, arduino::msgpack::object::nil_t&, RpcError&)
 .text._ZN10RpcDecoderILj1024EE12get_responseIbEEbjRT_R8RpcError
                0x000000000000f2dc      0x168 /home/arduino/ArduinoApps/bmm150_bmi270_ahrs/.cache/sketch/sketch/sketch.ino.cpp.o
                0x000000000000f2dc                bool RpcDecoder<1024u>::get_response<bool>(unsigned int, bool&, RpcError&)
 .text._ZNSt11__copy_moveILb0ELb1ESt26random_access_iterator_tagE8__copy_mIhEEPT_PKS3_S6_S4_
                0x000000000000f444       0x1c /home/arduino/ArduinoApps/bmm150_bmi270_ahrs/.cache/sketch/sketch/sketch.ino.cpp.o
                0x000000000000f444                unsigned char* std::__copy_move<false, true, std::random_access_iterator_tag>::__copy_m<unsigned char>(unsigned char const*, unsigned char const*, unsigned char*)
 .text._ZNSt11__copy_moveILb1ELb1ESt26random_access_iterator_tagE8__copy_mIhEEPT_PKS3_S6_S4_
                0x000000000000f460       0x1c /home/arduino/ArduinoApps/bmm150_bmi270_ahrs/.cache/sketch/sketch/sketch.ino.cpp.o
                0x000000000000f460                unsigned char* std::__copy_move<true, true, std::random_access_iterator_tag>::__copy_m<unsigned char>(unsigned char const*, unsigned char const*, unsigned char*)
 .text._ZN7arduino7msgpack6object3extC2EaPKhj
                0x000000000000f47c      0x104 /home/arduino/ArduinoApps/bmm150_bmi270_ahrs/.cache/sketch/sketch/sketch.ino.cpp.o
                0x000000000000f47c                arduino::msgpack::object::ext::ext(signed char, unsigned char const*, unsigned int)
                0x000000000000f47c                arduino::msgpack::object::ext::ext(signed char, unsigned char const*, unsigned int)
 .text._ZN7arduino7msgpack8Unpacker9unpackExtEv
                0x000000000000f580      0x178 /home/arduino/ArduinoApps/bmm150_bmi270_ahrs/.cache/sketch/sketch/sketch.ino.cpp.o
                0x000000000000f580                arduino::msgpack::Unpacker::unpackExt()
 .text._ZN8RpcUtils6detail12unpackObjectERN7arduino7msgpack8UnpackerE
                0x000000000000f6f8      0x278 /home/arduino/ArduinoApps/bmm150_bmi270_ahrs/.cache/sketch/sketch/sketch.ino.cpp.o
                0x000000000000f6f8                RpcUtils::detail::unpackObject(arduino::msgpack::Unpacker&)
 .text._ZN10RpcDecoderILj1024EE12parse_packetEv
                0x000000000000f970       0xf8 /home/arduino/ArduinoApps/bmm150_bmi270_ahrs/.cache/sketch/sketch/sketch.ino.cpp.o
                0x000000000000f970                RpcDecoder<1024u>::parse_packet()
 .text._ZN10RpcDecoderILj1024EE6decodeEv
                0x000000000000fa68       0x40 /home/arduino/ArduinoApps/bmm150_bmi270_ahrs/.cache/sketch/sketch/sketch.ino.cpp.o
                0x000000000000fa68                RpcDecoder<1024u>::decode()
 .text._ZN9RPCServer7get_rpcILj256EEEbR10RPCRequestIXT_EEN7arduino6StringE
                0x000000000000faa8       0xc4 /home/arduino/ArduinoApps/bmm150_bmi270_ahrs/.cache/sketch/sketch/sketch.ino.cpp.o
                0x000000000000faa8                bool RPCServer::get_rpc<256u>(RPCRequest<256u>&, arduino::String)
 .text._ZN11BridgeClass11update_safeEv
                0x000000000000fb6c       0xb0 /home/arduino/ArduinoApps/bmm150_bmi270_ahrs/.cache/sketch/sketch/sketch.ino.cpp.o
                0x000000000000fb6c                BridgeClass::update_safe()
 .text._Z10__loopHookv
                0x000000000000fc1c       0x20 /home/arduino/ArduinoApps/bmm150_bmi270_ahrs/.cache/sketch/sketch/sketch.ino.cpp.o
                0x000000000000fc1c                __loopHook()
 .text._ZN11BridgeClass6updateEv
                0x000000000000fc3c       0xb0 /home/arduino/ArduinoApps/bmm150_bmi270_ahrs/.cache/sketch/sketch/sketch.ino.cpp.o
                0x000000000000fc3c                BridgeClass::update()
 .text._Z16updateEntryPointPvS_S_
                0x000000000000fcec       0x24 /home/arduino/ArduinoApps/bmm150_bmi270_ahrs/.cache/sketch/sketch/sketch.ino.cpp.o
                0x000000000000fcec                updateEntryPoint(void*, void*, void*)
 .text._ZN9RPCClient12get_responseIN7arduino7msgpack6object5nil_tEEEbjRT_R8RpcError
                0x000000000000fd10       0x40 /home/arduino/ArduinoApps/bmm150_bmi270_ahrs/.cache/sketch/sketch/sketch.ino.cpp.o
                0x000000000000fd10                bool RPCClient::get_response<arduino::msgpack::object::nil_t>(unsigned int, arduino::msgpack::object::nil_t&, RpcError&)
 .text._ZN9RPCClient12get_responseIbEEbjRT_R8RpcError
                0x000000000000fd50       0x40 /home/arduino/ArduinoApps/bmm150_bmi270_ahrs/.cache/sketch/sketch/sketch.ino.cpp.o
                0x000000000000fd50                bool RPCClient::get_response<bool>(unsigned int, bool&, RpcError&)
 .text._ZN9RpcResultIJRKN7arduino6StringEEE6resultIbEEbRT_
                0x000000000000fd90       0x90 /home/arduino/ArduinoApps/bmm150_bmi270_ahrs/.cache/sketch/sketch/sketch.ino.cpp.o
                0x000000000000fd90                bool RpcResult<arduino::String const&>::result<bool>(bool&)
 .text._ZN8RpcUtils6detail9unpackMapERN7arduino7msgpack8UnpackerERj
                0x000000000000fe20       0x80 /home/arduino/ArduinoApps/bmm150_bmi270_ahrs/.cache/sketch/sketch/sketch.ino.cpp.o
                0x000000000000fe20                RpcUtils::detail::unpackMap(arduino::msgpack::Unpacker&, unsigned int&)
 .text._ZN8RpcUtils6detail18deserialize_singleIfEEiRN7arduino7msgpack8UnpackerERT_
                0x000000000000fea0       0x34 /home/arduino/ArduinoApps/bmm150_bmi270_ahrs/.cache/sketch/sketch/sketch.ino.cpp.o
                0x000000000000fea0                int RpcUtils::detail::deserialize_single<float>(arduino::msgpack::Unpacker&, float&)
 .text._ZN18RpcFunctionWrapperISt8functionIFvfffEEE11handle_callIvEENSt9enable_ifIXsrSt7is_voidIT_E5valueEiE4typeERN7arduino7msgpack8UnpackerERNSC_6PackerE
                0x000000000000fed4       0x7c /home/arduino/ArduinoApps/bmm150_bmi270_ahrs/.cache/sketch/sketch/sketch.ino.cpp.o
                0x000000000000fed4                std::enable_if<std::is_void<void>::value, int>::type RpcFunctionWrapper<std::function<void (float, float, float)> >::handle_call<void>(arduino::msgpack::Unpacker&, arduino::msgpack::Packer&)
 .text._ZN18RpcFunctionWrapperISt8functionIFvfffEEEclERN7arduino7msgpack8UnpackerERNS5_6PackerE
                0x000000000000ff50       0xf0 /home/arduino/ArduinoApps/bmm150_bmi270_ahrs/.cache/sketch/sketch/sketch.ino.cpp.o
                0x000000000000ff50                RpcFunctionWrapper<std::function<void (float, float, float)> >::operator()(arduino::msgpack::Unpacker&, arduino::msgpack::Packer&)
 .text._ZN10RpcDecoderILj1024EE12get_responseIjEEbjRT_R8RpcError
                0x0000000000010040      0x168 /home/arduino/ArduinoApps/bmm150_bmi270_ahrs/.cache/sketch/sketch/sketch.ino.cpp.o
                0x0000000000010040                bool RpcDecoder<1024u>::get_response<unsigned int>(unsigned int, unsigned int&, RpcError&)
 .text._ZN9RpcResultIJRN7arduino6StringEEE6resultIjEEbRT_
                0x00000000000101a8       0xbc /home/arduino/ArduinoApps/bmm150_bmi270_ahrs/.cache/sketch/sketch/sketch.ino.cpp.o
                0x00000000000101a8                bool RpcResult<arduino::String&>::result<unsigned int>(unsigned int&)
 .text._ZN13BridgeMonitorILj512EE5writeEPKhj
                0x0000000000010264      0x128 /home/arduino/ArduinoApps/bmm150_bmi270_ahrs/.cache/sketch/sketch/sketch.ino.cpp.o
                0x0000000000010264                BridgeMonitor<512u>::write(unsigned char const*, unsigned int)
 .text._ZN10RpcDecoderILj1024EE12get_responseISt6vectorIhSaIhEEEEbjRT_R8RpcError
                0x000000000001038c      0x168 /home/arduino/ArduinoApps/bmm150_bmi270_ahrs/.cache/sketch/sketch/sketch.ino.cpp.o
                0x000000000001038c                bool RpcDecoder<1024u>::get_response<std::vector<unsigned char, std::allocator<unsigned char> > >(unsigned int, std::vector<unsigned char, std::allocator<unsigned char> >&, RpcError&)
 .text._ZN9RpcResultIJRjEE6resultISt6vectorIhSaIhEEEEbRT_
                0x00000000000104f4       0xbc /home/arduino/ArduinoApps/bmm150_bmi270_ahrs/.cache/sketch/sketch/sketch.ino.cpp.o
                0x00000000000104f4                bool RpcResult<unsigned int&>::result<std::vector<unsigned char, std::allocator<unsigned char> > >(std::vector<unsigned char, std::allocator<unsigned char> >&)
 .text._ZN13BridgeMonitorILj512EE5_readEj
                0x00000000000105b0      0x15c /home/arduino/ArduinoApps/bmm150_bmi270_ahrs/.cache/sketch/sketch/sketch.ino.cpp.o
                0x00000000000105b0                BridgeMonitor<512u>::_read(unsigned int)
 .text._ZN13BridgeMonitorILj512EE9availableEv
                0x000000000001070c       0x44 /home/arduino/ArduinoApps/bmm150_bmi270_ahrs/.cache/sketch/sketch/sketch.ino.cpp.o
                0x000000000001070c                BridgeMonitor<512u>::available()
 .text._GLOBAL__sub_I_Bridge
                0x0000000000010750       0xe8 /home/arduino/ArduinoApps/bmm150_bmi270_ahrs/.cache/sketch/sketch/sketch.ino.cpp.o
 .text._GLOBAL__sub_D_Bridge
                0x0000000000010838       0x34 /home/arduino/ArduinoApps/bmm150_bmi270_ahrs/.cache/sketch/sketch/sketch.ino.cpp.o
 .text.setup    0x000000000001086c      0x4e8 /home/arduino/ArduinoApps/bmm150_bmi270_ahrs/.cache/sketch/sketch/sketch.ino.cpp.o
                0x000000000001086c                setup
 .text._ZN18DFRobot_BMM150_I2C9writeDataEhPhh
                0x0000000000010d54       0x3c /home/arduino/ArduinoApps/bmm150_bmi270_ahrs/.cache/sketch/libraries/DFRobot_BMM150/DFRobot_BMM150.cpp.o
                0x0000000000010d54                DFRobot_BMM150_I2C::writeData(unsigned char, unsigned char*, unsigned char)
 .text._ZN18DFRobot_BMM150_I2C8readDataEhPhh
                0x0000000000010d90       0x56 /home/arduino/ArduinoApps/bmm150_bmi270_ahrs/.cache/sketch/libraries/DFRobot_BMM150/DFRobot_BMM150.cpp.o
                0x0000000000010d90                DFRobot_BMM150_I2C::readData(unsigned char, unsigned char*, unsigned char)
 .text._ZN14DFRobot_BMM150D2Ev
                0x0000000000010de6        0x2 /home/arduino/ArduinoApps/bmm150_bmi270_ahrs/.cache/sketch/libraries/DFRobot_BMM150/DFRobot_BMM150.cpp.o
                0x0000000000010de6                DFRobot_BMM150::~DFRobot_BMM150()
                0x0000000000010de6                DFRobot_BMM150::~DFRobot_BMM150()
 .text._ZN14DFRobot_BMM1506setRegEhPhh
                0x0000000000010de8       0x2c /home/arduino/ArduinoApps/bmm150_bmi270_ahrs/.cache/sketch/libraries/DFRobot_BMM150/DFRobot_BMM150.cpp.o
                0x0000000000010de8                DFRobot_BMM150::setReg(unsigned char, unsigned char*, unsigned char)
 .text._ZN14DFRobot_BMM1506getRegEhPhh
                0x0000000000010e14       0x2c /home/arduino/ArduinoApps/bmm150_bmi270_ahrs/.cache/sketch/libraries/DFRobot_BMM150/DFRobot_BMM150.cpp.o
                0x0000000000010e14                DFRobot_BMM150::getReg(unsigned char, unsigned char*, unsigned char)
 .text._ZN14DFRobot_BMM1507setRateEh
                0x0000000000010e40       0x40 /home/arduino/ArduinoApps/bmm150_bmi270_ahrs/.cache/sketch/libraries/DFRobot_BMM150/DFRobot_BMM150.cpp.o
                0x0000000000010e40                DFRobot_BMM150::setRate(unsigned char)
 .text._ZN14DFRobot_BMM15017setMeasurementXYZEhhh
                0x0000000000010e80       0x68 /home/arduino/ArduinoApps/bmm150_bmi270_ahrs/.cache/sketch/libraries/DFRobot_BMM150/DFRobot_BMM150.cpp.o
                0x0000000000010e80                DFRobot_BMM150::setMeasurementXYZ(unsigned char, unsigned char, unsigned char)
 .text._ZN14DFRobot_BMM1508setXYRepEh
                0x0000000000010ee8       0x1c /home/arduino/ArduinoApps/bmm150_bmi270_ahrs/.cache/sketch/libraries/DFRobot_BMM150/DFRobot_BMM150.cpp.o
                0x0000000000010ee8                DFRobot_BMM150::setXYRep(unsigned char)
 .text._ZN14DFRobot_BMM1507setZRepEh
                0x0000000000010f04       0x1c /home/arduino/ArduinoApps/bmm150_bmi270_ahrs/.cache/sketch/libraries/DFRobot_BMM150/DFRobot_BMM150.cpp.o
                0x0000000000010f04                DFRobot_BMM150::setZRep(unsigned char)
 .text._ZN14DFRobot_BMM15013setPresetModeEh
                0x0000000000010f20       0x4c /home/arduino/ArduinoApps/bmm150_bmi270_ahrs/.cache/sketch/libraries/DFRobot_BMM150/DFRobot_BMM150.cpp.o
                0x0000000000010f20                DFRobot_BMM150::setPresetMode(unsigned char)
 .text._ZN14DFRobot_BMM15018setPowerControlBitEh
                0x0000000000010f6c       0x44 /home/arduino/ArduinoApps/bmm150_bmi270_ahrs/.cache/sketch/libraries/DFRobot_BMM150/DFRobot_BMM150.cpp.o
                0x0000000000010f6c                DFRobot_BMM150::setPowerControlBit(unsigned char)
 .text._ZN14DFRobot_BMM15016setOperationModeEh
                0x0000000000010fb0       0x68 /home/arduino/ArduinoApps/bmm150_bmi270_ahrs/.cache/sketch/libraries/DFRobot_BMM150/DFRobot_BMM150.cpp.o
                0x0000000000010fb0                DFRobot_BMM150::setOperationMode(unsigned char)
 .text._ZN14DFRobot_BMM15011getTrimDataEv
                0x0000000000011018       0x7c /home/arduino/ArduinoApps/bmm150_bmi270_ahrs/.cache/sketch/libraries/DFRobot_BMM150/DFRobot_BMM150.cpp.o
                0x0000000000011018                DFRobot_BMM150::getTrimData()
 .text._ZN14DFRobot_BMM15010sensorInitEv
                0x0000000000011094       0x44 /home/arduino/ArduinoApps/bmm150_bmi270_ahrs/.cache/sketch/libraries/DFRobot_BMM150/DFRobot_BMM150.cpp.o
                0x0000000000011094                DFRobot_BMM150::sensorInit()
 .text._ZN14DFRobot_BMM15011compensateXEst
                0x00000000000110d8       0x84 /home/arduino/ArduinoApps/bmm150_bmi270_ahrs/.cache/sketch/libraries/DFRobot_BMM150/DFRobot_BMM150.cpp.o
                0x00000000000110d8                DFRobot_BMM150::compensateX(short, unsigned short)
 .text._ZN14DFRobot_BMM15011compensateYEst
                0x000000000001115c       0x80 /home/arduino/ArduinoApps/bmm150_bmi270_ahrs/.cache/sketch/libraries/DFRobot_BMM150/DFRobot_BMM150.cpp.o
                0x000000000001115c                DFRobot_BMM150::compensateY(short, unsigned short)
 .text._ZN14DFRobot_BMM15011compensateZEst
                0x00000000000111dc       0x78 /home/arduino/ArduinoApps/bmm150_bmi270_ahrs/.cache/sketch/libraries/DFRobot_BMM150/DFRobot_BMM150.cpp.o
                0x00000000000111dc                DFRobot_BMM150::compensateZ(short, unsigned short)
 .text._ZN14DFRobot_BMM15018getGeomagneticDataEv
                0x0000000000011254       0x90 /home/arduino/ArduinoApps/bmm150_bmi270_ahrs/.cache/sketch/libraries/DFRobot_BMM150/DFRobot_BMM150.cpp.o
                0x0000000000011254                DFRobot_BMM150::getGeomagneticData()
 .text._ZN18DFRobot_BMM150_I2CC2EPN7arduino9ZephyrI2CEh
                0x00000000000112e4       0x14 /home/arduino/ArduinoApps/bmm150_bmi270_ahrs/.cache/sketch/libraries/DFRobot_BMM150/DFRobot_BMM150.cpp.o
                0x00000000000112e4                DFRobot_BMM150_I2C::DFRobot_BMM150_I2C(arduino::ZephyrI2C*, unsigned char)
                0x00000000000112e4                DFRobot_BMM150_I2C::DFRobot_BMM150_I2C(arduino::ZephyrI2C*, unsigned char)
 .text._ZN18DFRobot_BMM150_I2C5beginEv
                0x00000000000112f8       0x38 /home/arduino/ArduinoApps/bmm150_bmi270_ahrs/.cache/sketch/libraries/DFRobot_BMM150/DFRobot_BMM150.cpp.o
                0x00000000000112f8                DFRobot_BMM150_I2C::begin()
 .text._ZN6BMI2707usDelayEjPv
                0x0000000000011330        0x8 /home/arduino/ArduinoApps/bmm150_bmi270_ahrs/.cache/sketch/libraries/SparkFun BMI270 Arduino Library/SparkFun_BMI270_Arduino_Library.cpp.o
                0x0000000000011330                BMI270::usDelay(unsigned int, void*)
 .text._ZN6BMI270C2Ev
                0x0000000000011338        0x2 /home/arduino/ArduinoApps/bmm150_bmi270_ahrs/.cache/sketch/libraries/SparkFun BMI270 Arduino Library/SparkFun_BMI270_Arduino_Library.cpp.o
                0x0000000000011338                BMI270::BMI270()
                0x0000000000011338                BMI270::BMI270()
 *fill*         0x000000000001133a        0x2 
 .text._ZN6BMI2705beginEv
                0x000000000001133c       0xc4 /home/arduino/ArduinoApps/bmm150_bmi270_ahrs/.cache/sketch/libraries/SparkFun BMI270 Arduino Library/SparkFun_BMI270_Arduino_Library.cpp.o
                0x000000000001133c                BMI270::begin()
 .text._ZN6BMI2708beginI2CEhRN7arduino9ZephyrI2CE
                0x0000000000011400       0x34 /home/arduino/ArduinoApps/bmm150_bmi270_ahrs/.cache/sketch/libraries/SparkFun BMI270 Arduino Library/SparkFun_BMI270_Arduino_Library.cpp.o
                0x0000000000011400                BMI270::beginI2C(unsigned char, arduino::ZephyrI2C&)
 .text._ZN6BMI27019convertRawAccelDataEP19bmi2_sens_axes_dataP17BMI270_SensorData
                0x0000000000011434       0x4a /home/arduino/ArduinoApps/bmm150_bmi270_ahrs/.cache/sketch/libraries/SparkFun BMI270 Arduino Library/SparkFun_BMI270_Arduino_Library.cpp.o
                0x0000000000011434                BMI270::convertRawAccelData(bmi2_sens_axes_data*, BMI270_SensorData*)
 .text._ZN6BMI27018convertRawGyroDataEP19bmi2_sens_axes_dataP17BMI270_SensorData
                0x000000000001147e       0x4a /home/arduino/ArduinoApps/bmm150_bmi270_ahrs/.cache/sketch/libraries/SparkFun BMI270 Arduino Library/SparkFun_BMI270_Arduino_Library.cpp.o
                0x000000000001147e                BMI270::convertRawGyroData(bmi2_sens_axes_data*, BMI270_SensorData*)
 .text._ZN6BMI27014convertRawDataEP14bmi2_sens_dataP17BMI270_SensorData
                0x00000000000114c8       0x48 /home/arduino/ArduinoApps/bmm150_bmi270_ahrs/.cache/sketch/libraries/SparkFun BMI270 Arduino Library/SparkFun_BMI270_Arduino_Library.cpp.o
                0x00000000000114c8                BMI270::convertRawData(bmi2_sens_data*, BMI270_SensorData*)
 .text._ZN6BMI27013getSensorDataEv
                0x0000000000011510       0x2c /home/arduino/ArduinoApps/bmm150_bmi270_ahrs/.cache/sketch/libraries/SparkFun BMI270 Arduino Library/SparkFun_BMI270_Arduino_Library.cpp.o
                0x0000000000011510                BMI270::getSensorData()
 .text._ZN6BMI27016readRegistersI2CEhPhjP20BMI270_InterfaceData
                0x000000000001153c       0x5e /home/arduino/ArduinoApps/bmm150_bmi270_ahrs/.cache/sketch/libraries/SparkFun BMI270 Arduino Library/SparkFun_BMI270_Arduino_Library.cpp.o
                0x000000000001153c                BMI270::readRegistersI2C(unsigned char, unsigned char*, unsigned int, BMI270_InterfaceData*)
 *fill*         0x000000000001159a        0x2 
 .text._ZN6BMI27016readRegistersSPIEhPhjP20BMI270_InterfaceData
                0x000000000001159c       0x70 /home/arduino/ArduinoApps/bmm150_bmi270_ahrs/.cache/sketch/libraries/SparkFun BMI270 Arduino Library/SparkFun_BMI270_Arduino_Library.cpp.o
                0x000000000001159c                BMI270::readRegistersSPI(unsigned char, unsigned char*, unsigned int, BMI270_InterfaceData*)
 .text._ZN6BMI27013readRegistersEhPhjPv
                0x000000000001160c       0x2c /home/arduino/ArduinoApps/bmm150_bmi270_ahrs/.cache/sketch/libraries/SparkFun BMI270 Arduino Library/SparkFun_BMI270_Arduino_Library.cpp.o
                0x000000000001160c                BMI270::readRegisters(unsigned char, unsigned char*, unsigned int, void*)
 .text._ZN6BMI27017writeRegistersI2CEhPKhjP20BMI270_InterfaceData
                0x0000000000011638       0x42 /home/arduino/ArduinoApps/bmm150_bmi270_ahrs/.cache/sketch/libraries/SparkFun BMI270 Arduino Library/SparkFun_BMI270_Arduino_Library.cpp.o
                0x0000000000011638                BMI270::writeRegistersI2C(unsigned char, unsigned char const*, unsigned int, BMI270_InterfaceData*)
 *fill*         0x000000000001167a        0x2 
 .text._ZN6BMI27017writeRegistersSPIEhPKhjP20BMI270_InterfaceData
                0x000000000001167c       0x6c /home/arduino/ArduinoApps/bmm150_bmi270_ahrs/.cache/sketch/libraries/SparkFun BMI270 Arduino Library/SparkFun_BMI270_Arduino_Library.cpp.o
                0x000000000001167c                BMI270::writeRegistersSPI(unsigned char, unsigned char const*, unsigned int, BMI270_InterfaceData*)
 .text._ZN6BMI27014writeRegistersEhPKhjPv
                0x00000000000116e8       0x2c /home/arduino/ArduinoApps/bmm150_bmi270_ahrs/.cache/sketch/libraries/SparkFun BMI270 Arduino Library/SparkFun_BMI270_Arduino_Library.cpp.o
                0x00000000000116e8                BMI270::writeRegisters(unsigned char, unsigned char const*, unsigned int, void*)
 .text._ZN7arduino9ZephyrI2C5writeEi
                0x0000000000011714        0x8 /home/arduino/ArduinoApps/bmm150_bmi270_ahrs/.cache/sketch/libraries/Wire/Wire.cpp.o
                0x0000000000011714                arduino::ZephyrI2C::write(int)
 .text._ZN7arduino9ZephyrI2C5beginEv
                0x000000000001171c        0x2 /home/arduino/ArduinoApps/bmm150_bmi270_ahrs/.cache/sketch/libraries/Wire/Wire.cpp.o
                0x000000000001171c                arduino::ZephyrI2C::flush()
                0x000000000001171c                arduino::ZephyrI2C::begin()
 .text._ZN7arduino9ZephyrI2C15endTransmissionEv
                0x000000000001171e        0x8 /home/arduino/ArduinoApps/bmm150_bmi270_ahrs/.cache/sketch/libraries/Wire/Wire.cpp.o
                0x000000000001171e                arduino::ZephyrI2C::endTransmission()
 .text._ZN7arduino9ZephyrI2C11requestFromEhj
                0x0000000000011726       0x10 /home/arduino/ArduinoApps/bmm150_bmi270_ahrs/.cache/sketch/libraries/Wire/Wire.cpp.o
                0x0000000000011726                arduino::ZephyrI2C::requestFrom(unsigned char, unsigned int)
 .text._ZN7arduino9ZephyrI2C9availableEv
                0x0000000000011736        0xe /home/arduino/ArduinoApps/bmm150_bmi270_ahrs/.cache/sketch/libraries/Wire/Wire.cpp.o
                0x0000000000011736                arduino::ZephyrI2C::available()
 .text._ZN7arduino9ZephyrI2C9onReceiveEPFviE
                0x0000000000011744        0x6 /home/arduino/ArduinoApps/bmm150_bmi270_ahrs/.cache/sketch/libraries/Wire/Wire.cpp.o
                0x0000000000011744                arduino::ZephyrI2C::onReceive(void (*)(int))
 .text._ZN7arduino9ZephyrI2C9onRequestEPFvvE
                0x000000000001174a        0x6 /home/arduino/ArduinoApps/bmm150_bmi270_ahrs/.cache/sketch/libraries/Wire/Wire.cpp.o
                0x000000000001174a                arduino::ZephyrI2C::onRequest(void (*)())
 .text._ZN7arduino9ZephyrI2C5writeEh
                0x0000000000011750       0x1c /home/arduino/ArduinoApps/bmm150_bmi270_ahrs/.cache/sketch/libraries/Wire/Wire.cpp.o
                0x0000000000011750                arduino::ZephyrI2C::write(unsigned char)
 .text._ZN7arduino9ZephyrI2C5writeEPKhj
                0x000000000001176c        0xc /home/arduino/ArduinoApps/bmm150_bmi270_ahrs/.cache/sketch/libraries/Wire/Wire.cpp.o
                0x000000000001176c                arduino::ZephyrI2C::write(unsigned char const*, unsigned int)
 .text._ZN7arduino9ZephyrI2C4readEv
                0x0000000000011778       0x28 /home/arduino/ArduinoApps/bmm150_bmi270_ahrs/.cache/sketch/libraries/Wire/Wire.cpp.o
                0x0000000000011778                arduino::ZephyrI2C::read()
 .text._ZL28i2c_target_read_processed_cbP17i2c_target_configPh
                0x00000000000117a0       0x18 /home/arduino/ArduinoApps/bmm150_bmi270_ahrs/.cache/sketch/libraries/Wire/Wire.cpp.o
 .text._ZN7arduino9ZephyrI2C4peekEv
                0x00000000000117b8       0x28 /home/arduino/ArduinoApps/bmm150_bmi270_ahrs/.cache/sketch/libraries/Wire/Wire.cpp.o
                0x00000000000117b8                arduino::ZephyrI2C::peek()
 .text._ZN7arduino9ZephyrI2C3endEv
                0x00000000000117e0       0x24 /home/arduino/ArduinoApps/bmm150_bmi270_ahrs/.cache/sketch/libraries/Wire/Wire.cpp.o
                0x00000000000117e0                arduino::ZephyrI2C::end()
 .text._ZN7arduino9ZephyrI2C5beginEh
                0x0000000000011804       0x20 /home/arduino/ArduinoApps/bmm150_bmi270_ahrs/.cache/sketch/libraries/Wire/Wire.cpp.o
                0x0000000000011804                arduino::ZephyrI2C::begin(unsigned char)
 .text._ZN7arduino9ZephyrI2C8setClockEj
                0x0000000000011824       0x3c /home/arduino/ArduinoApps/bmm150_bmi270_ahrs/.cache/sketch/libraries/Wire/Wire.cpp.o
                0x0000000000011824                arduino::ZephyrI2C::setClock(unsigned int)
 .text._ZN7arduino9ZephyrI2C15endTransmissionEb
                0x0000000000011860       0x74 /home/arduino/ArduinoApps/bmm150_bmi270_ahrs/.cache/sketch/libraries/Wire/Wire.cpp.o
                0x0000000000011860                arduino::ZephyrI2C::endTransmission(bool)
 .text._ZN7arduino9ZephyrI2C11requestFromEhjb
                0x00000000000118d4       0x98 /home/arduino/ArduinoApps/bmm150_bmi270_ahrs/.cache/sketch/libraries/Wire/Wire.cpp.o
                0x00000000000118d4                arduino::ZephyrI2C::requestFrom(unsigned char, unsigned int, bool)
 .text._ZL29i2c_target_write_requested_cbP17i2c_target_config
                0x000000000001196c        0xe /home/arduino/ArduinoApps/bmm150_bmi270_ahrs/.cache/sketch/libraries/Wire/Wire.cpp.o
 .text._ZN7arduino9ZephyrI2C17beginTransmissionEh
                0x000000000001197a       0x14 /home/arduino/ArduinoApps/bmm150_bmi270_ahrs/.cache/sketch/libraries/Wire/Wire.cpp.o
                0x000000000001197a                arduino::ZephyrI2C::beginTransmission(unsigned char)
 *fill*         0x000000000001198e        0x2 
 .text._ZN7arduino9ZephyrI2CC2EPK6device
                0x0000000000011990       0x4c /home/arduino/ArduinoApps/bmm150_bmi270_ahrs/.cache/sketch/libraries/Wire/Wire.cpp.o
                0x0000000000011990                arduino::ZephyrI2C::ZephyrI2C(device const*)
                0x0000000000011990                arduino::ZephyrI2C::ZephyrI2C(device const*)
 .text._ZN7arduino9ZephyrI2C21writeReceivedCallbackEP17i2c_target_configh
                0x00000000000119dc       0x44 /home/arduino/ArduinoApps/bmm150_bmi270_ahrs/.cache/sketch/libraries/Wire/Wire.cpp.o
                0x00000000000119dc                arduino::ZephyrI2C::writeReceivedCallback(i2c_target_config*, unsigned char)
 .text._ZL28i2c_target_write_received_cbP17i2c_target_configh
                0x0000000000011a20       0x10 /home/arduino/ArduinoApps/bmm150_bmi270_ahrs/.cache/sketch/libraries/Wire/Wire.cpp.o
 .text._ZN7arduino9ZephyrI2C21readRequestedCallbackEP17i2c_target_configPh
                0x0000000000011a30       0x30 /home/arduino/ArduinoApps/bmm150_bmi270_ahrs/.cache/sketch/libraries/Wire/Wire.cpp.o
                0x0000000000011a30                arduino::ZephyrI2C::readRequestedCallback(i2c_target_config*, unsigned char*)
 .text._ZL28i2c_target_read_requested_cbP17i2c_target_configPh
                0x0000000000011a60       0x10 /home/arduino/ArduinoApps/bmm150_bmi270_ahrs/.cache/sketch/libraries/Wire/Wire.cpp.o
 .text._ZN7arduino9ZephyrI2C12stopCallbackEP17i2c_target_config
                0x0000000000011a70       0x1c /home/arduino/ArduinoApps/bmm150_bmi270_ahrs/.cache/sketch/libraries/Wire/Wire.cpp.o
                0x0000000000011a70                arduino::ZephyrI2C::stopCallback(i2c_target_config*)
 .text._ZL18i2c_target_stop_cbP17i2c_target_config
                0x0000000000011a8c        0xc /home/arduino/ArduinoApps/bmm150_bmi270_ahrs/.cache/sketch/libraries/Wire/Wire.cpp.o
 .text._GLOBAL__sub_I__ZN7arduino9ZephyrI2CC2EPK6device
                0x0000000000011a98       0x28 /home/arduino/ArduinoApps/bmm150_bmi270_ahrs/.cache/sketch/libraries/Wire/Wire.cpp.o
 .text._ZN7arduino9ZephyrSPI14usingInterruptEi
                0x0000000000011ac0        0x2 /home/arduino/ArduinoApps/bmm150_bmi270_ahrs/.cache/sketch/libraries/SPI/SPI.cpp.o
                0x0000000000011ac0                arduino::ZephyrSPI::notUsingInterrupt(int)
                0x0000000000011ac0                arduino::ZephyrSPI::usingInterrupt(int)
 .text._ZN7arduino9ZephyrSPI15attachInterruptEv
                0x0000000000011ac2        0x2 /home/arduino/ArduinoApps/bmm150_bmi270_ahrs/.cache/sketch/libraries/SPI/SPI.cpp.o
                0x0000000000011ac2                arduino::ZephyrSPI::begin()
                0x0000000000011ac2                arduino::ZephyrSPI::attachInterrupt()
                0x0000000000011ac2                arduino::ZephyrSPI::end()
                0x0000000000011ac2                arduino::ZephyrSPI::detachInterrupt()
 .text._ZN7arduino9ZephyrSPID2Ev
                0x0000000000011ac4        0x2 /home/arduino/ArduinoApps/bmm150_bmi270_ahrs/.cache/sketch/libraries/SPI/SPI.cpp.o
                0x0000000000011ac4                arduino::ZephyrSPI::~ZephyrSPI()
                0x0000000000011ac4                arduino::ZephyrSPI::~ZephyrSPI()
 *fill*         0x0000000000011ac6        0x2 
 .text._ZN7arduino9ZephyrSPI16beginTransactionENS_11SPISettingsE
                0x0000000000011ac8       0x78 /home/arduino/ArduinoApps/bmm150_bmi270_ahrs/.cache/sketch/libraries/SPI/SPI.cpp.o
                0x0000000000011ac8                arduino::ZephyrSPI::beginTransaction(arduino::SPISettings)
 .text._ZN7arduino9ZephyrSPID0Ev
                0x0000000000011b40       0x14 /home/arduino/ArduinoApps/bmm150_bmi270_ahrs/.cache/sketch/libraries/SPI/SPI.cpp.o
                0x0000000000011b40                arduino::ZephyrSPI::~ZephyrSPI()
 .text._ZN7arduino9ZephyrSPI14endTransactionEv
                0x0000000000011b54        0xc /home/arduino/ArduinoApps/bmm150_bmi270_ahrs/.cache/sketch/libraries/SPI/SPI.cpp.o
                0x0000000000011b54                arduino::ZephyrSPI::endTransaction()
 .text._ZN7arduino9ZephyrSPI8transferEPvjPK10spi_config
                0x0000000000011b60       0x2e /home/arduino/ArduinoApps/bmm150_bmi270_ahrs/.cache/sketch/libraries/SPI/SPI.cpp.o
                0x0000000000011b60                arduino::ZephyrSPI::transfer(void*, unsigned int, spi_config const*)
 *fill*         0x0000000000011b8e        0x2 
 .text._ZN7arduino9ZephyrSPI8transferEh
                0x0000000000011b90       0x28 /home/arduino/ArduinoApps/bmm150_bmi270_ahrs/.cache/sketch/libraries/SPI/SPI.cpp.o
                0x0000000000011b90                arduino::ZephyrSPI::transfer(unsigned char)
 .text._ZN7arduino9ZephyrSPI10transfer16Et
                0x0000000000011bb8       0x28 /home/arduino/ArduinoApps/bmm150_bmi270_ahrs/.cache/sketch/libraries/SPI/SPI.cpp.o
                0x0000000000011bb8                arduino::ZephyrSPI::transfer16(unsigned short)
 .text._ZN7arduino9ZephyrSPI8transferEPvj
                0x0000000000011be0       0x14 /home/arduino/ArduinoApps/bmm150_bmi270_ahrs/.cache/sketch/libraries/SPI/SPI.cpp.o
                0x0000000000011be0                arduino::ZephyrSPI::transfer(void*, unsigned int)
 .text._GLOBAL__sub_I__ZN7arduino9ZephyrSPIC2EPK6device
                0x0000000000011bf4       0x34 /home/arduino/ArduinoApps/bmm150_bmi270_ahrs/.cache/sketch/libraries/SPI/SPI.cpp.o
 .text._ZSt20__throw_length_errorPKc
                0x0000000000011c28        0x2 /home/arduino/ArduinoApps/bmm150_bmi270_ahrs/.cache/sketch/core/core.a(abi.cpp.o)
                0x0000000000011c28                std::__throw_length_error(char const*)
 .text._ZSt17__throw_bad_allocv
                0x0000000000011c2a        0x2 /home/arduino/ArduinoApps/bmm150_bmi270_ahrs/.cache/sketch/core/core.a(abi.cpp.o)
                0x0000000000011c2a                std::__throw_bad_alloc()
 .text._ZSt25__throw_bad_function_callv
                0x0000000000011c2c        0x2 /home/arduino/ArduinoApps/bmm150_bmi270_ahrs/.cache/sketch/core/core.a(abi.cpp.o)
                0x0000000000011c2c                std::__throw_bad_function_call()
 .text.atexit   0x0000000000011c2e        0x4 /home/arduino/ArduinoApps/bmm150_bmi270_ahrs/.cache/sketch/core/core.a(abi.cpp.o)
                0x0000000000011c2e                atexit
 .text.strcmp   0x0000000000011c32       0x16 /home/arduino/ArduinoApps/bmm150_bmi270_ahrs/.cache/sketch/core/core.a(abi.cpp.o)
                0x0000000000011c32                strcmp
 .text._ZN7arduino5Print5writeEPKc
                0x0000000000011c48       0x24 /home/arduino/ArduinoApps/bmm150_bmi270_ahrs/.cache/sketch/core/core.a(Print.cpp.o)
                0x0000000000011c48                arduino::Print::write(char const*)
 .text._ZN7arduino5Print7printlnEv
                0x0000000000011c6c       0x14 /home/arduino/ArduinoApps/bmm150_bmi270_ahrs/.cache/sketch/core/core.a(Print.cpp.o)
                0x0000000000011c6c                arduino::Print::println()
 .text._ZN7arduino5Print7printlnEPKNS_19__FlashStringHelperE
                0x0000000000011c80       0x1c /home/arduino/ArduinoApps/bmm150_bmi270_ahrs/.cache/sketch/core/core.a(Print.cpp.o)
                0x0000000000011c80                arduino::Print::println(arduino::__FlashStringHelper const*)
 .text._ZN7arduino5Print7printlnEPKc
                0x0000000000011c9c        0x8 /home/arduino/ArduinoApps/bmm150_bmi270_ahrs/.cache/sketch/core/core.a(Print.cpp.o)
                0x0000000000011c9c                arduino::Print::println(char const*)
 .text._ZN7arduino6Stream9timedReadEv
                0x0000000000011ca4       0x2c /home/arduino/ArduinoApps/bmm150_bmi270_ahrs/.cache/sketch/core/core.a(Stream.cpp.o)
                0x0000000000011ca4                arduino::Stream::timedRead()
 .text._ZN7arduino6Stream10setTimeoutEm
                0x0000000000011cd0        0x4 /home/arduino/ArduinoApps/bmm150_bmi270_ahrs/.cache/sketch/core/core.a(Stream.cpp.o)
                0x0000000000011cd0                arduino::Stream::setTimeout(unsigned long)
 .text._ZN7arduino6Stream9readBytesEPcj
                0x0000000000011cd4       0x2c /home/arduino/ArduinoApps/bmm150_bmi270_ahrs/.cache/sketch/core/core.a(Stream.cpp.o)
                0x0000000000011cd4                arduino::Stream::readBytes(char*, unsigned int)
 .text._ZN7arduino6StringC2EOS0_
                0x0000000000011d00       0x16 /home/arduino/ArduinoApps/bmm150_bmi270_ahrs/.cache/sketch/core/core.a(String.cpp.o)
                0x0000000000011d00                arduino::String::String(arduino::String&&)
                0x0000000000011d00                arduino::String::String(arduino::String&&)
 *fill*         0x0000000000011d16        0x2 
 .text._ZN7arduino6StringD2Ev
                0x0000000000011d18       0x14 /home/arduino/ArduinoApps/bmm150_bmi270_ahrs/.cache/sketch/core/core.a(String.cpp.o)
                0x0000000000011d18                arduino::String::~String()
                0x0000000000011d18                arduino::String::~String()
 .text._ZN7arduino6String10invalidateEv
                0x0000000000011d2c       0x1c /home/arduino/ArduinoApps/bmm150_bmi270_ahrs/.cache/sketch/core/core.a(String.cpp.o)
                0x0000000000011d2c                arduino::String::invalidate()
 .text._ZN7arduino6String12changeBufferEj
                0x0000000000011d48       0x1c /home/arduino/ArduinoApps/bmm150_bmi270_ahrs/.cache/sketch/core/core.a(String.cpp.o)
                0x0000000000011d48                arduino::String::changeBuffer(unsigned int)
 .text._ZN7arduino6String7reserveEj
                0x0000000000011d64       0x28 /home/arduino/ArduinoApps/bmm150_bmi270_ahrs/.cache/sketch/core/core.a(String.cpp.o)
                0x0000000000011d64                arduino::String::reserve(unsigned int)
 .text._ZN7arduino6String4copyEPKcj
                0x0000000000011d8c       0x3c /home/arduino/ArduinoApps/bmm150_bmi270_ahrs/.cache/sketch/core/core.a(String.cpp.o)
                0x0000000000011d8c                arduino::String::copy(char const*, unsigned int)
 .text._ZN7arduino6StringC2EPKc
                0x0000000000011dc8       0x2c /home/arduino/ArduinoApps/bmm150_bmi270_ahrs/.cache/sketch/core/core.a(String.cpp.o)
                0x0000000000011dc8                arduino::String::String(char const*)
                0x0000000000011dc8                arduino::String::String(char const*)
 .text._ZN7arduino6String4moveERS0_
                0x0000000000011df4       0x2c /home/arduino/ArduinoApps/bmm150_bmi270_ahrs/.cache/sketch/core/core.a(String.cpp.o)
                0x0000000000011df4                arduino::String::move(arduino::String&)
 .text._ZN7arduino6StringaSERKS0_
                0x0000000000011e20       0x28 /home/arduino/ArduinoApps/bmm150_bmi270_ahrs/.cache/sketch/core/core.a(String.cpp.o)
                0x0000000000011e20                arduino::String::operator=(arduino::String const&)
 .text._ZN7arduino6StringC2ERKS0_
                0x0000000000011e48       0x18 /home/arduino/ArduinoApps/bmm150_bmi270_ahrs/.cache/sketch/core/core.a(String.cpp.o)
                0x0000000000011e48                arduino::String::String(arduino::String const&)
                0x0000000000011e48                arduino::String::String(arduino::String const&)
 .text._ZN7arduino6StringaSEOS0_
                0x0000000000011e60       0x10 /home/arduino/ArduinoApps/bmm150_bmi270_ahrs/.cache/sketch/core/core.a(String.cpp.o)
                0x0000000000011e60                arduino::String::operator=(arduino::String&&)
 .text._ZN7arduino6StringaSEPKc
                0x0000000000011e70       0x30 /home/arduino/ArduinoApps/bmm150_bmi270_ahrs/.cache/sketch/core/core.a(String.cpp.o)
                0x0000000000011e70                arduino::String::operator=(char const*)
 .text._ZN7arduino6StringC2Eih
                0x0000000000011ea0       0x2c /home/arduino/ArduinoApps/bmm150_bmi270_ahrs/.cache/sketch/core/core.a(String.cpp.o)
                0x0000000000011ea0                arduino::String::String(int, unsigned char)
                0x0000000000011ea0                arduino::String::String(int, unsigned char)
 .text._ZN7arduino6String6concatEPKcj
                0x0000000000011ecc       0x40 /home/arduino/ArduinoApps/bmm150_bmi270_ahrs/.cache/sketch/core/core.a(String.cpp.o)
                0x0000000000011ecc                arduino::String::concat(char const*, unsigned int)
 .text._ZN7arduino6String6concatERKS0_
                0x0000000000011f0c        0xc /home/arduino/ArduinoApps/bmm150_bmi270_ahrs/.cache/sketch/core/core.a(String.cpp.o)
                0x0000000000011f0c                arduino::String::concat(arduino::String const&)
 .text._ZN7arduino6String6concatEc
                0x0000000000011f18       0x1c /home/arduino/ArduinoApps/bmm150_bmi270_ahrs/.cache/sketch/core/core.a(String.cpp.o)
                0x0000000000011f18                arduino::String::concat(char)
 .text._ZNK7arduino6String9compareToERKS0_
                0x0000000000011f34       0x30 /home/arduino/ArduinoApps/bmm150_bmi270_ahrs/.cache/sketch/core/core.a(String.cpp.o)
                0x0000000000011f34                arduino::String::compareTo(arduino::String const&) const
 .text._ZNK7arduino6String6equalsERKS0_
                0x0000000000011f64       0x20 /home/arduino/ArduinoApps/bmm150_bmi270_ahrs/.cache/sketch/core/core.a(String.cpp.o)
                0x0000000000011f64                arduino::String::equals(arduino::String const&) const
 .text._ZNK7arduino6String6equalsEPKc
                0x0000000000011f84       0x28 /home/arduino/ArduinoApps/bmm150_bmi270_ahrs/.cache/sketch/core/core.a(String.cpp.o)
                0x0000000000011f84                arduino::String::equals(char const*) const
 .text.ltoa     0x0000000000011fac       0x80 /home/arduino/ArduinoApps/bmm150_bmi270_ahrs/.cache/sketch/core/core.a(itoa.cpp.o)
                0x0000000000011fac                ltoa
 .text.itoa     0x000000000001202c        0x8 /home/arduino/ArduinoApps/bmm150_bmi270_ahrs/.cache/sketch/core/core.a(itoa.cpp.o)
                0x000000000001202c                itoa
 .text.initVariant
                0x0000000000012034        0x2 /home/arduino/ArduinoApps/bmm150_bmi270_ahrs/.cache/sketch/core/core.a(main.cpp.o)
                0x0000000000012034                initVariant
 *fill*         0x0000000000012036        0x2 
 .text.main     0x0000000000012038       0x2c /home/arduino/ArduinoApps/bmm150_bmi270_ahrs/.cache/sketch/core/core.a(main.cpp.o)
                0x0000000000012038                main
 .text._ZL10new_helperj
                0x0000000000012064       0x10 /home/arduino/ArduinoApps/bmm150_bmi270_ahrs/.cache/sketch/core/core.a(new.cpp.o)
 .text._Znwj    0x0000000000012074        0x8 /home/arduino/ArduinoApps/bmm150_bmi270_ahrs/.cache/sketch/core/core.a(new.cpp.o)
                0x0000000000012074                operator new(unsigned int)
 .text._ZnwjPv  0x000000000001207c        0x4 /home/arduino/ArduinoApps/bmm150_bmi270_ahrs/.cache/sketch/core/core.a(new.cpp.o)
                0x000000000001207c                operator new(unsigned int, void*)
 .text._ZdlPvj  0x0000000000012080        0x8 /home/arduino/ArduinoApps/bmm150_bmi270_ahrs/.cache/sketch/core/core.a(new.cpp.o)
                0x0000000000012080                operator delete(void*, unsigned int)
 .text._Z20start_static_threadsv
                0x0000000000012088       0x90 /home/arduino/ArduinoApps/bmm150_bmi270_ahrs/.cache/sketch/core/core.a(threads.cpp.o)
                0x0000000000012088                start_static_threads()
 .text.gpio_pin_set_dt.isra.0
                0x0000000000012118       0x28 /home/arduino/ArduinoApps/bmm150_bmi270_ahrs/.cache/sketch/core/core.a(zephyrCommon.cpp.o)
 .text.yield    0x0000000000012140        0x8 /home/arduino/ArduinoApps/bmm150_bmi270_ahrs/.cache/sketch/core/core.a(zephyrCommon.cpp.o)
                0x0000000000012140                yield
 .text.digitalWrite
                0x0000000000012148       0x14 /home/arduino/ArduinoApps/bmm150_bmi270_ahrs/.cache/sketch/core/core.a(zephyrCommon.cpp.o)
                0x0000000000012148                digitalWrite
 .text.delay    0x000000000001215c       0x10 /home/arduino/ArduinoApps/bmm150_bmi270_ahrs/.cache/sketch/core/core.a(zephyrCommon.cpp.o)
                0x000000000001215c                delay
 .text.delayMicroseconds
                0x000000000001216c       0x24 /home/arduino/ArduinoApps/bmm150_bmi270_ahrs/.cache/sketch/core/core.a(zephyrCommon.cpp.o)
                0x000000000001216c                delayMicroseconds
 .text.millis   0x0000000000012190       0x18 /home/arduino/ArduinoApps/bmm150_bmi270_ahrs/.cache/sketch/core/core.a(zephyrCommon.cpp.o)
                0x0000000000012190                millis
 .text.z_impl_uart_irq_tx_enable
                0x00000000000121a8        0xa /home/arduino/ArduinoApps/bmm150_bmi270_ahrs/.cache/sketch/core/core.a(zephyrSerial.cpp.o)
 .text._ZN7arduino12ZephyrSerial5beginEm
                0x00000000000121b2        0xa /home/arduino/ArduinoApps/bmm150_bmi270_ahrs/.cache/sketch/core/core.a(zephyrSerial.cpp.o)
                0x00000000000121b2                arduino::ZephyrSerial::begin(unsigned long)
 .text._ZN7arduino12ZephyrSerial3endEv
                0x00000000000121bc        0x2 /home/arduino/ArduinoApps/bmm150_bmi270_ahrs/.cache/sketch/core/core.a(zephyrSerial.cpp.o)
                0x00000000000121bc                arduino::ZephyrSerial::end()
 .text._ZN7arduino12ZephyrSerial5writeEh
                0x00000000000121be       0x18 /home/arduino/ArduinoApps/bmm150_bmi270_ahrs/.cache/sketch/core/core.a(zephyrSerial.cpp.o)
                0x00000000000121be                arduino::ZephyrSerial::write(unsigned char)
 .text._ZN7arduino12ZephyrSerialcvbEv
                0x00000000000121d6        0x4 /home/arduino/ArduinoApps/bmm150_bmi270_ahrs/.cache/sketch/core/core.a(zephyrSerial.cpp.o)
                0x00000000000121d6                arduino::ZephyrSerial::operator bool()
 *fill*         0x00000000000121da        0x2 
 .text.k_sem_give
                0x00000000000121dc        0x8 /home/arduino/ArduinoApps/bmm150_bmi270_ahrs/.cache/sketch/core/core.a(zephyrSerial.cpp.o)
 .text.k_sem_take.isra.0
                0x00000000000121e4        0x8 /home/arduino/ArduinoApps/bmm150_bmi270_ahrs/.cache/sketch/core/core.a(zephyrSerial.cpp.o)
 .text._ZN7arduino12ZephyrSerial4readEv
                0x00000000000121ec       0x48 /home/arduino/ArduinoApps/bmm150_bmi270_ahrs/.cache/sketch/core/core.a(zephyrSerial.cpp.o)
                0x00000000000121ec                arduino::ZephyrSerial::read()
 .text._ZN7arduino12ZephyrSerial4peekEv
                0x0000000000012234       0x48 /home/arduino/ArduinoApps/bmm150_bmi270_ahrs/.cache/sketch/core/core.a(zephyrSerial.cpp.o)
                0x0000000000012234                arduino::ZephyrSerial::peek()
 .text._ZN7arduino12ZephyrSerial17availableForWriteEv
                0x000000000001227c       0x3c /home/arduino/ArduinoApps/bmm150_bmi270_ahrs/.cache/sketch/core/core.a(zephyrSerial.cpp.o)
                0x000000000001227c                arduino::ZephyrSerial::availableForWrite()
 .text._ZN7arduino12ZephyrSerial9availableEv
                0x00000000000122b8       0x34 /home/arduino/ArduinoApps/bmm150_bmi270_ahrs/.cache/sketch/core/core.a(zephyrSerial.cpp.o)
                0x00000000000122b8                arduino::ZephyrSerial::available()
 .text._ZN7arduino12ZephyrSerial5beginEmt
                0x00000000000122ec       0xb8 /home/arduino/ArduinoApps/bmm150_bmi270_ahrs/.cache/sketch/core/core.a(zephyrSerial.cpp.o)
                0x00000000000122ec                arduino::ZephyrSerial::begin(unsigned long, unsigned short)
 .text._ZN7arduino12ZephyrSerial5flushEv
                0x00000000000123a4       0x2c /home/arduino/ArduinoApps/bmm150_bmi270_ahrs/.cache/sketch/core/core.a(zephyrSerial.cpp.o)
                0x00000000000123a4                arduino::ZephyrSerial::flush()
 .text._ZN7arduino12ZephyrSerial5writeEPKhj
                0x00000000000123d0       0x70 /home/arduino/ArduinoApps/bmm150_bmi270_ahrs/.cache/sketch/core/core.a(zephyrSerial.cpp.o)
                0x00000000000123d0                arduino::ZephyrSerial::write(unsigned char const*, unsigned int)
 .text._ZN7arduino12ZephyrSerial10IrqHandlerEv
                0x0000000000012440       0xec /home/arduino/ArduinoApps/bmm150_bmi270_ahrs/.cache/sketch/core/core.a(zephyrSerial.cpp.o)
                0x0000000000012440                arduino::ZephyrSerial::IrqHandler()
 .text._ZN7arduino12ZephyrSerial11IrqDispatchEPK6devicePv
                0x000000000001252c        0xc /home/arduino/ArduinoApps/bmm150_bmi270_ahrs/.cache/sketch/core/core.a(zephyrSerial.cpp.o)
                0x000000000001252c                arduino::ZephyrSerial::IrqDispatch(device const*, void*)
 .text._ZN7arduino12ZephyrSerial18ZephyrSerialBufferILi64EEC2Ev
                0x0000000000012538       0x28 /home/arduino/ArduinoApps/bmm150_bmi270_ahrs/.cache/sketch/core/core.a(zephyrSerial.cpp.o)
                0x0000000000012538                arduino::ZephyrSerial::ZephyrSerialBuffer<64>::ZephyrSerialBuffer()
                0x0000000000012538                arduino::ZephyrSerial::ZephyrSerialBuffer<64>::ZephyrSerialBuffer()
 .text._GLOBAL__sub_I__ZN7arduino12ZephyrSerial5beginEmt
                0x0000000000012560       0x5c /home/arduino/ArduinoApps/bmm150_bmi270_ahrs/.cache/sketch/core/core.a(zephyrSerial.cpp.o)
 *(.text.*)
 *(.text._*)
 *(.init)
 *(.ctors)
 *(.dtors)
 *(.fini)
                0x00000000000125bc                __static_thread_data_list_start = .
 *(SORT_BY_NAME(.__static_thread_data.static.*))
                0x00000000000125bc                __static_thread_data_list_end = .

.rodata         0x00000000000125bc     0x2674
 *(.rodata)
 .rodata        0x00000000000125bc        0xb /home/arduino/ArduinoApps/bmm150_bmi270_ahrs/.cache/sketch/libraries/SparkFun BMI270 Arduino Library/bmi270_api/bmi2.c.o
 *fill*         0x00000000000125c7        0x1 
 .rodata        0x00000000000125c8     0x204f /home/arduino/ArduinoApps/bmm150_bmi270_ahrs/.cache/sketch/libraries/SparkFun BMI270 Arduino Library/bmi270_api/bmi270.c.o
                0x00000000000125c8                bmi270_config_file
                0x00000000000145c8                bmi270_feat_in